TimeQuest Timing Analyzer report for g21_lab3
Tue Oct 31 14:11:38 2017
Quartus II 64-Bit Version 13.0.1 Build 232 06/12/2013 Service Pack 1 SJ Web Edition


---------------------
; Table of Contents ;
---------------------
  1. Legal Notice
  2. TimeQuest Timing Analyzer Summary
  3. Parallel Compilation
  4. Clocks
  5. Slow Model Fmax Summary
  6. Slow Model Setup Summary
  7. Slow Model Hold Summary
  8. Slow Model Recovery Summary
  9. Slow Model Removal Summary
 10. Slow Model Minimum Pulse Width Summary
 11. Slow Model Minimum Pulse Width: 'altera_reserved_tck'
 12. Propagation Delay
 13. Minimum Propagation Delay
 14. Fast Model Setup Summary
 15. Fast Model Hold Summary
 16. Fast Model Recovery Summary
 17. Fast Model Removal Summary
 18. Fast Model Minimum Pulse Width Summary
 19. Fast Model Minimum Pulse Width: 'altera_reserved_tck'
 20. Propagation Delay
 21. Minimum Propagation Delay
 22. Multicorner Timing Analysis Summary
 23. Progagation Delay
 24. Minimum Progagation Delay
 25. Clock Transfers
 26. Report TCCS
 27. Report RSKM
 28. Unconstrained Paths
 29. TimeQuest Timing Analyzer Messages



----------------
; Legal Notice ;
----------------
Copyright (C) 1991-2013 Altera Corporation
Your use of Altera Corporation's design tools, logic functions 
and other software and tools, and its AMPP partner logic 
functions, and any output files from any of the foregoing 
(including device programming or simulation files), and any 
associated documentation or information are expressly subject 
to the terms and conditions of the Altera Program License 
Subscription Agreement, Altera MegaCore Function License 
Agreement, or other applicable license agreement, including, 
without limitation, that your use is for the sole purpose of 
programming logic devices manufactured by Altera and sold by 
Altera or its authorized distributors.  Please refer to the 
applicable agreement for further details.



+----------------------------------------------------------------------------------------+
; TimeQuest Timing Analyzer Summary                                                      ;
+--------------------+-------------------------------------------------------------------+
; Quartus II Version ; Version 13.0.1 Build 232 06/12/2013 Service Pack 1 SJ Web Edition ;
; Revision Name      ; g21_lab3                                                          ;
; Device Family      ; Cyclone II                                                        ;
; Device Name        ; EP2C20F484C7                                                      ;
; Timing Models      ; Final                                                             ;
; Delay Model        ; Combined                                                          ;
; Rise/Fall Delays   ; Unavailable                                                       ;
+--------------------+-------------------------------------------------------------------+


+------------------------------------------+
; Parallel Compilation                     ;
+----------------------------+-------------+
; Processors                 ; Number      ;
+----------------------------+-------------+
; Number detected on machine ; 8           ;
; Maximum allowed            ; 4           ;
;                            ;             ;
; Average used               ; 1.00        ;
; Maximum used               ; 1           ;
;                            ;             ;
; Usage by Processor         ; % Time Used ;
;     Processor 1            ; 100.0%      ;
;     Processors 2-8         ;   0.0%      ;
+----------------------------+-------------+


+-----------------------------------------------------------------------------------------------------------------------------------------------------------------------------------------------------------+
; Clocks                                                                                                                                                                                                    ;
+---------------------+------+---------+-----------+-------+--------+------------+-----------+-------------+-------+--------+-----------+------------+----------+--------+--------+-------------------------+
; Clock Name          ; Type ; Period  ; Frequency ; Rise  ; Fall   ; Duty Cycle ; Divide by ; Multiply by ; Phase ; Offset ; Edge List ; Edge Shift ; Inverted ; Master ; Source ; Targets                 ;
+---------------------+------+---------+-----------+-------+--------+------------+-----------+-------------+-------+--------+-----------+------------+----------+--------+--------+-------------------------+
; altera_reserved_tck ; Base ; 100.000 ; 10.0 MHz  ; 0.000 ; 50.000 ;            ;           ;             ;       ;        ;           ;            ;          ;        ;        ; { altera_reserved_tck } ;
+---------------------+------+---------+-----------+-------+--------+------------+-----------+-------------+-------+--------+-----------+------------+----------+--------+--------+-------------------------+


---------------------------
; Slow Model Fmax Summary ;
---------------------------
No paths to report.


----------------------------
; Slow Model Setup Summary ;
----------------------------
No paths to report.


---------------------------
; Slow Model Hold Summary ;
---------------------------
No paths to report.


-------------------------------
; Slow Model Recovery Summary ;
-------------------------------
No paths to report.


------------------------------
; Slow Model Removal Summary ;
------------------------------
No paths to report.


+----------------------------------------------+
; Slow Model Minimum Pulse Width Summary       ;
+---------------------+--------+---------------+
; Clock               ; Slack  ; End Point TNS ;
+---------------------+--------+---------------+
; altera_reserved_tck ; 97.531 ; 0.000         ;
+---------------------+--------+---------------+


+-------------------------------------------------------------------------------------------------------------+
; Slow Model Minimum Pulse Width: 'altera_reserved_tck'                                                       ;
+--------+--------------+----------------+-----------+---------------------+------------+---------------------+
; Slack  ; Actual Width ; Required Width ; Type      ; Clock               ; Clock Edge ; Target              ;
+--------+--------------+----------------+-----------+---------------------+------------+---------------------+
; 97.531 ; 100.000      ; 2.469          ; Port Rate ; altera_reserved_tck ; Rise       ; altera_reserved_tck ;
+--------+--------------+----------------+-----------+---------------------+------------+---------------------+


+-----------------------------------------------------------------+
; Propagation Delay                                               ;
+---------------+-------------+--------+--------+--------+--------+
; Input Port    ; Output Port ; RR     ; RF     ; FR     ; FF     ;
+---------------+-------------+--------+--------+--------+--------+
; dipswitch2[0] ; LEDfloor[0] ; 18.936 ; 18.936 ; 18.936 ; 18.936 ;
; dipswitch2[0] ; LEDfloor[2] ; 18.641 ; 18.641 ; 18.641 ; 18.641 ;
; dipswitch2[0] ; LEDfloor[3] ; 18.654 ; 18.654 ; 18.654 ; 18.654 ;
; dipswitch2[0] ; LEDfloor[4] ; 19.002 ; 19.002 ; 19.002 ; 19.002 ;
; dipswitch2[0] ; LEDfloor[5] ; 19.002 ; 19.002 ; 19.002 ; 19.002 ;
; dipswitch2[0] ; LEDfloor[6] ; 19.000 ; 19.000 ; 19.000 ; 19.000 ;
; dipswitch2[0] ; LEDmod[0]   ; 22.798 ; 22.798 ; 22.798 ; 22.798 ;
; dipswitch2[0] ; LEDmod[1]   ; 23.032 ; 23.032 ; 23.032 ; 23.032 ;
; dipswitch2[0] ; LEDmod[2]   ; 23.022 ; 23.022 ; 23.022 ; 23.022 ;
; dipswitch2[0] ; LEDmod[3]   ; 22.840 ; 22.840 ; 22.840 ; 22.840 ;
; dipswitch2[0] ; LEDmod[4]   ; 22.784 ; 22.784 ; 22.784 ; 22.784 ;
; dipswitch2[0] ; LEDmod[5]   ; 22.788 ; 22.788 ; 22.788 ; 22.788 ;
; dipswitch2[0] ; LEDmod[6]   ; 22.856 ; 22.856 ; 22.856 ; 22.856 ;
; dipswitch2[0] ; VALUE[0]    ; 13.449 ; 13.449 ; 13.449 ; 13.449 ;
; dipswitch2[0] ; VALUE[1]    ; 12.409 ; 12.409 ; 12.409 ; 12.409 ;
; dipswitch2[0] ; VALUE[2]    ; 13.858 ; 13.858 ; 13.858 ; 13.858 ;
; dipswitch2[0] ; VALUE[3]    ; 14.430 ; 14.430 ; 14.430 ; 14.430 ;
; dipswitch2[0] ; VALUE[4]    ; 14.939 ; 14.939 ; 14.939 ; 14.939 ;
; dipswitch2[0] ; VALUE[5]    ; 13.869 ; 13.869 ; 13.869 ; 13.869 ;
; dipswitch2[1] ; LEDfloor[0] ; 20.354 ; 20.354 ; 20.354 ; 20.354 ;
; dipswitch2[1] ; LEDfloor[2] ; 20.059 ; 20.059 ; 20.059 ; 20.059 ;
; dipswitch2[1] ; LEDfloor[3] ; 20.072 ; 20.072 ; 20.072 ; 20.072 ;
; dipswitch2[1] ; LEDfloor[4] ; 20.420 ; 20.420 ; 20.420 ; 20.420 ;
; dipswitch2[1] ; LEDfloor[5] ; 20.420 ; 20.420 ; 20.420 ; 20.420 ;
; dipswitch2[1] ; LEDfloor[6] ; 20.418 ; 20.418 ; 20.418 ; 20.418 ;
; dipswitch2[1] ; LEDmod[0]   ; 24.216 ; 24.216 ; 24.216 ; 24.216 ;
; dipswitch2[1] ; LEDmod[1]   ; 24.450 ; 24.450 ; 24.450 ; 24.450 ;
; dipswitch2[1] ; LEDmod[2]   ; 24.440 ; 24.440 ; 24.440 ; 24.440 ;
; dipswitch2[1] ; LEDmod[3]   ; 24.258 ; 24.258 ; 24.258 ; 24.258 ;
; dipswitch2[1] ; LEDmod[4]   ; 24.202 ; 24.202 ; 24.202 ; 24.202 ;
; dipswitch2[1] ; LEDmod[5]   ; 24.206 ; 24.206 ; 24.206 ; 24.206 ;
; dipswitch2[1] ; LEDmod[6]   ; 24.274 ; 24.274 ; 24.274 ; 24.274 ;
; dipswitch2[1] ; VALUE[0]    ; 13.902 ; 13.902 ; 13.902 ; 13.902 ;
; dipswitch2[1] ; VALUE[1]    ; 13.048 ; 13.048 ; 13.048 ; 13.048 ;
; dipswitch2[1] ; VALUE[2]    ; 15.022 ; 15.022 ; 15.022 ; 15.022 ;
; dipswitch2[1] ; VALUE[3]    ; 15.328 ; 15.328 ; 15.328 ; 15.328 ;
; dipswitch2[1] ; VALUE[4]    ; 16.357 ; 16.357 ; 16.357 ; 16.357 ;
; dipswitch2[1] ; VALUE[5]    ; 13.640 ; 14.011 ; 14.011 ; 13.640 ;
; dipswitch2[2] ; LEDfloor[0] ; 19.152 ; 19.152 ; 19.152 ; 19.152 ;
; dipswitch2[2] ; LEDfloor[2] ; 18.857 ; 18.857 ; 18.857 ; 18.857 ;
; dipswitch2[2] ; LEDfloor[3] ; 18.870 ; 18.870 ; 18.870 ; 18.870 ;
; dipswitch2[2] ; LEDfloor[4] ; 19.218 ; 19.218 ; 19.218 ; 19.218 ;
; dipswitch2[2] ; LEDfloor[5] ; 19.218 ; 19.218 ; 19.218 ; 19.218 ;
; dipswitch2[2] ; LEDfloor[6] ; 19.216 ; 18.940 ; 18.940 ; 19.216 ;
; dipswitch2[2] ; LEDmod[0]   ; 23.014 ; 23.014 ; 23.014 ; 23.014 ;
; dipswitch2[2] ; LEDmod[1]   ; 23.248 ; 23.248 ; 23.248 ; 23.248 ;
; dipswitch2[2] ; LEDmod[2]   ; 23.238 ; 23.238 ; 23.238 ; 23.238 ;
; dipswitch2[2] ; LEDmod[3]   ; 23.056 ; 23.056 ; 23.056 ; 23.056 ;
; dipswitch2[2] ; LEDmod[4]   ; 23.000 ; 23.000 ; 23.000 ; 23.000 ;
; dipswitch2[2] ; LEDmod[5]   ; 23.004 ; 23.004 ; 23.004 ; 23.004 ;
; dipswitch2[2] ; LEDmod[6]   ; 23.072 ; 23.072 ; 23.072 ; 23.072 ;
; dipswitch2[2] ; VALUE[0]    ; 13.303 ; 13.303 ; 13.303 ; 13.303 ;
; dipswitch2[2] ; VALUE[1]    ; 12.352 ; 11.887 ; 11.887 ; 12.352 ;
; dipswitch2[2] ; VALUE[2]    ; 13.090 ; 13.436 ; 13.436 ; 13.090 ;
; dipswitch2[2] ; VALUE[3]    ; 14.645 ; 14.921 ; 14.921 ; 14.645 ;
; dipswitch2[2] ; VALUE[4]    ; 14.126 ; 14.126 ; 14.126 ; 14.126 ;
; dipswitch2[2] ; VALUE[5]    ; 13.488 ; 13.488 ; 13.488 ; 13.488 ;
; dipswitch2[3] ; LEDfloor[0] ; 17.489 ; 17.489 ; 17.489 ; 17.489 ;
; dipswitch2[3] ; LEDfloor[2] ; 17.194 ; 17.194 ; 17.194 ; 17.194 ;
; dipswitch2[3] ; LEDfloor[3] ; 17.207 ; 17.207 ; 17.207 ; 17.207 ;
; dipswitch2[3] ; LEDfloor[4] ; 17.555 ; 17.555 ; 17.555 ; 17.555 ;
; dipswitch2[3] ; LEDfloor[5] ; 17.555 ; 17.555 ; 17.555 ; 17.555 ;
; dipswitch2[3] ; LEDfloor[6] ; 17.553 ; 17.441 ; 17.441 ; 17.553 ;
; dipswitch2[3] ; LEDmod[0]   ; 21.351 ; 21.351 ; 21.351 ; 21.351 ;
; dipswitch2[3] ; LEDmod[1]   ; 21.585 ; 21.585 ; 21.585 ; 21.585 ;
; dipswitch2[3] ; LEDmod[2]   ; 21.575 ; 21.575 ; 21.575 ; 21.575 ;
; dipswitch2[3] ; LEDmod[3]   ; 21.393 ; 21.393 ; 21.393 ; 21.393 ;
; dipswitch2[3] ; LEDmod[4]   ; 21.337 ; 21.337 ; 21.337 ; 21.337 ;
; dipswitch2[3] ; LEDmod[5]   ; 21.341 ; 21.341 ; 21.341 ; 21.341 ;
; dipswitch2[3] ; LEDmod[6]   ; 21.409 ; 21.409 ; 21.409 ; 21.409 ;
; dipswitch2[3] ; VALUE[0]    ; 12.320 ; 12.320 ; 12.320 ; 12.320 ;
; dipswitch2[3] ; VALUE[1]    ; 11.718 ; 11.718 ; 11.718 ; 11.718 ;
; dipswitch2[3] ; VALUE[2]    ; 11.291 ; 11.291 ; 11.291 ; 11.291 ;
; dipswitch2[3] ; VALUE[3]    ; 11.711 ; 11.711 ; 11.711 ; 11.711 ;
; dipswitch2[3] ; VALUE[4]    ; 13.380 ; 13.492 ; 13.492 ; 13.380 ;
; dipswitch2[3] ; VALUE[5]    ; 10.683 ; 10.683 ; 10.683 ; 10.683 ;
; dipswitch2[4] ; LEDfloor[0] ; 17.437 ; 17.437 ; 17.437 ; 17.437 ;
; dipswitch2[4] ; LEDfloor[2] ; 17.142 ; 17.142 ; 17.142 ; 17.142 ;
; dipswitch2[4] ; LEDfloor[3] ; 17.155 ; 17.155 ; 17.155 ; 17.155 ;
; dipswitch2[4] ; LEDfloor[4] ; 17.503 ; 17.503 ; 17.503 ; 17.503 ;
; dipswitch2[4] ; LEDfloor[5] ; 17.503 ; 17.503 ; 17.503 ; 17.503 ;
; dipswitch2[4] ; LEDfloor[6] ; 17.501 ; 17.501 ; 17.501 ; 17.501 ;
; dipswitch2[4] ; LEDmod[0]   ; 21.299 ; 21.299 ; 21.299 ; 21.299 ;
; dipswitch2[4] ; LEDmod[1]   ; 21.533 ; 21.533 ; 21.533 ; 21.533 ;
; dipswitch2[4] ; LEDmod[2]   ; 21.523 ; 21.523 ; 21.523 ; 21.523 ;
; dipswitch2[4] ; LEDmod[3]   ; 21.341 ; 21.341 ; 21.341 ; 21.341 ;
; dipswitch2[4] ; LEDmod[4]   ; 21.285 ; 21.285 ; 21.285 ; 21.285 ;
; dipswitch2[4] ; LEDmod[5]   ; 21.289 ; 21.289 ; 21.289 ; 21.289 ;
; dipswitch2[4] ; LEDmod[6]   ; 21.357 ; 21.357 ; 21.357 ; 21.357 ;
; dipswitch2[4] ; VALUE[0]    ; 12.322 ; 12.322 ; 12.322 ; 12.322 ;
; dipswitch2[4] ; VALUE[1]    ; 11.722 ; 11.722 ; 11.722 ; 11.722 ;
; dipswitch2[4] ; VALUE[2]    ; 11.350 ; 11.601 ; 11.601 ; 11.350 ;
; dipswitch2[4] ; VALUE[3]    ; 11.832 ; 12.887 ; 12.887 ; 11.832 ;
; dipswitch2[4] ; VALUE[4]    ; 13.440 ; 13.440 ; 13.440 ; 13.440 ;
; dipswitch2[4] ; VALUE[5]    ; 11.310 ; 12.845 ; 12.845 ; 11.310 ;
; dipswitch2[5] ; LEDfloor[0] ; 16.941 ; 16.941 ; 16.941 ; 16.941 ;
; dipswitch2[5] ; LEDfloor[2] ; 16.646 ; 16.646 ; 16.646 ; 16.646 ;
; dipswitch2[5] ; LEDfloor[3] ; 16.659 ; 16.659 ; 16.659 ; 16.659 ;
; dipswitch2[5] ; LEDfloor[4] ; 17.007 ; 17.007 ; 17.007 ; 17.007 ;
; dipswitch2[5] ; LEDfloor[5] ; 17.007 ; 17.007 ; 17.007 ; 17.007 ;
; dipswitch2[5] ; LEDfloor[6] ; 17.005 ; 17.005 ; 17.005 ; 17.005 ;
; dipswitch2[5] ; LEDmod[0]   ; 20.803 ; 20.803 ; 20.803 ; 20.803 ;
; dipswitch2[5] ; LEDmod[1]   ; 21.037 ; 21.037 ; 21.037 ; 21.037 ;
; dipswitch2[5] ; LEDmod[2]   ; 21.027 ; 21.027 ; 21.027 ; 21.027 ;
; dipswitch2[5] ; LEDmod[3]   ; 20.845 ; 20.845 ; 20.845 ; 20.845 ;
; dipswitch2[5] ; LEDmod[4]   ; 20.789 ; 20.789 ; 20.789 ; 20.789 ;
; dipswitch2[5] ; LEDmod[5]   ; 20.793 ; 20.793 ; 20.793 ; 20.793 ;
; dipswitch2[5] ; LEDmod[6]   ; 20.861 ; 20.861 ; 20.861 ; 20.861 ;
; dipswitch2[5] ; VALUE[0]    ; 10.919 ; 10.919 ; 10.919 ; 10.919 ;
; dipswitch2[5] ; VALUE[1]    ; 10.315 ; 10.315 ; 10.315 ; 10.315 ;
; dipswitch2[5] ; VALUE[2]    ; 10.603 ; 10.603 ; 10.603 ; 10.603 ;
; dipswitch2[5] ; VALUE[3]    ; 10.996 ; 11.033 ; 11.033 ; 10.996 ;
; dipswitch2[5] ; VALUE[4]    ; 12.944 ; 12.944 ; 12.944 ; 12.944 ;
; dipswitch2[5] ; VALUE[5]    ; 9.660  ; 10.991 ; 10.991 ; 9.660  ;
+---------------+-------------+--------+--------+--------+--------+


+-----------------------------------------------------------------+
; Minimum Propagation Delay                                       ;
+---------------+-------------+--------+--------+--------+--------+
; Input Port    ; Output Port ; RR     ; RF     ; FR     ; FF     ;
+---------------+-------------+--------+--------+--------+--------+
; dipswitch2[0] ; LEDfloor[0] ; 11.550 ; 11.550 ; 11.550 ; 11.550 ;
; dipswitch2[0] ; LEDfloor[2] ; 11.280 ; 11.280 ; 11.280 ; 11.280 ;
; dipswitch2[0] ; LEDfloor[3] ; 11.268 ; 11.268 ; 11.268 ; 11.268 ;
; dipswitch2[0] ; LEDfloor[4] ; 11.643 ; 11.643 ; 11.643 ; 11.643 ;
; dipswitch2[0] ; LEDfloor[5] ; 11.646 ; 11.646 ; 11.646 ; 11.646 ;
; dipswitch2[0] ; LEDfloor[6] ; 11.647 ; 11.647 ; 11.647 ; 11.647 ;
; dipswitch2[0] ; LEDmod[0]   ; 13.018 ; 13.018 ; 13.018 ; 13.018 ;
; dipswitch2[0] ; LEDmod[1]   ; 13.211 ; 13.211 ; 13.211 ; 13.211 ;
; dipswitch2[0] ; LEDmod[2]   ; 13.211 ; 13.211 ; 13.211 ; 13.211 ;
; dipswitch2[0] ; LEDmod[3]   ; 13.021 ; 13.021 ; 13.021 ; 13.021 ;
; dipswitch2[0] ; LEDmod[4]   ; 13.007 ; 13.007 ; 13.007 ; 13.007 ;
; dipswitch2[0] ; LEDmod[5]   ; 13.017 ; 13.017 ; 13.017 ; 13.017 ;
; dipswitch2[0] ; LEDmod[6]   ; 13.037 ; 13.037 ; 13.037 ; 13.037 ;
; dipswitch2[0] ; VALUE[0]    ; 10.908 ; 10.908 ; 10.908 ; 10.908 ;
; dipswitch2[0] ; VALUE[1]    ; 10.549 ; 10.549 ; 10.549 ; 10.549 ;
; dipswitch2[0] ; VALUE[2]    ; 10.766 ; 10.766 ; 10.766 ; 10.766 ;
; dipswitch2[0] ; VALUE[3]    ; 10.495 ; 11.056 ; 11.056 ; 10.495 ;
; dipswitch2[0] ; VALUE[4]    ; 12.606 ; 12.809 ; 12.809 ; 12.606 ;
; dipswitch2[0] ; VALUE[5]    ; 10.875 ; 10.875 ; 10.875 ; 10.875 ;
; dipswitch2[1] ; LEDfloor[0] ; 12.024 ; 12.024 ; 12.024 ; 12.024 ;
; dipswitch2[1] ; LEDfloor[2] ; 11.754 ; 11.754 ; 11.754 ; 11.754 ;
; dipswitch2[1] ; LEDfloor[3] ; 11.742 ; 11.742 ; 11.742 ; 11.742 ;
; dipswitch2[1] ; LEDfloor[4] ; 12.117 ; 12.196 ; 12.196 ; 12.117 ;
; dipswitch2[1] ; LEDfloor[5] ; 12.120 ; 12.120 ; 12.120 ; 12.120 ;
; dipswitch2[1] ; LEDfloor[6] ; 12.200 ; 12.121 ; 12.121 ; 12.200 ;
; dipswitch2[1] ; LEDmod[0]   ; 12.846 ; 12.846 ; 12.846 ; 12.846 ;
; dipswitch2[1] ; LEDmod[1]   ; 13.042 ; 13.042 ; 13.042 ; 13.042 ;
; dipswitch2[1] ; LEDmod[2]   ; 13.044 ; 13.044 ; 13.044 ; 13.044 ;
; dipswitch2[1] ; LEDmod[3]   ; 12.847 ; 12.847 ; 12.847 ; 12.847 ;
; dipswitch2[1] ; LEDmod[4]   ; 12.835 ; 12.835 ; 12.835 ; 12.835 ;
; dipswitch2[1] ; LEDmod[5]   ; 12.814 ; 12.814 ; 12.814 ; 12.814 ;
; dipswitch2[1] ; LEDmod[6]   ; 12.868 ; 12.868 ; 12.868 ; 12.868 ;
; dipswitch2[1] ; VALUE[0]    ; 10.753 ; 10.753 ; 10.753 ; 10.753 ;
; dipswitch2[1] ; VALUE[1]    ; 10.549 ; 10.549 ; 10.549 ; 10.549 ;
; dipswitch2[1] ; VALUE[2]    ; 10.344 ; 10.344 ; 10.344 ; 10.344 ;
; dipswitch2[1] ; VALUE[3]    ; 10.403 ; 10.403 ; 10.403 ; 10.403 ;
; dipswitch2[1] ; VALUE[4]    ; 12.762 ; 12.762 ; 12.762 ; 12.762 ;
; dipswitch2[1] ; VALUE[5]    ; 11.349 ; 11.428 ; 11.428 ; 11.349 ;
; dipswitch2[2] ; LEDfloor[0] ; 10.866 ; 10.866 ; 10.866 ; 10.866 ;
; dipswitch2[2] ; LEDfloor[2] ; 10.596 ; 10.596 ; 10.596 ; 10.596 ;
; dipswitch2[2] ; LEDfloor[3] ; 10.584 ; 10.584 ; 10.584 ; 10.584 ;
; dipswitch2[2] ; LEDfloor[4] ; 11.248 ; 10.959 ; 10.959 ; 11.248 ;
; dipswitch2[2] ; LEDfloor[5] ; 10.962 ; 10.962 ; 10.962 ; 10.962 ;
; dipswitch2[2] ; LEDfloor[6] ; 10.963 ; 12.037 ; 12.037 ; 10.963 ;
; dipswitch2[2] ; LEDmod[0]   ; 12.334 ; 12.334 ; 12.334 ; 12.334 ;
; dipswitch2[2] ; LEDmod[1]   ; 12.527 ; 12.527 ; 12.527 ; 12.527 ;
; dipswitch2[2] ; LEDmod[2]   ; 12.527 ; 12.527 ; 12.527 ; 12.527 ;
; dipswitch2[2] ; LEDmod[3]   ; 12.337 ; 12.337 ; 12.337 ; 12.337 ;
; dipswitch2[2] ; LEDmod[4]   ; 12.323 ; 12.323 ; 12.323 ; 12.323 ;
; dipswitch2[2] ; LEDmod[5]   ; 12.333 ; 12.333 ; 12.333 ; 12.333 ;
; dipswitch2[2] ; LEDmod[6]   ; 12.353 ; 12.353 ; 12.353 ; 12.353 ;
; dipswitch2[2] ; VALUE[0]    ; 11.050 ; 10.654 ; 10.654 ; 11.050 ;
; dipswitch2[2] ; VALUE[1]    ; 10.857 ; 10.057 ; 10.057 ; 10.857 ;
; dipswitch2[2] ; VALUE[2]    ; 10.612 ; 9.884  ; 9.884  ; 10.612 ;
; dipswitch2[2] ; VALUE[3]    ; 10.261 ; 10.167 ; 10.167 ; 10.261 ;
; dipswitch2[2] ; VALUE[4]    ; 13.138 ; 12.154 ; 12.154 ; 13.138 ;
; dipswitch2[2] ; VALUE[5]    ; 11.265 ; 10.191 ; 10.191 ; 11.265 ;
; dipswitch2[3] ; LEDfloor[0] ; 10.419 ; 10.419 ; 10.419 ; 10.419 ;
; dipswitch2[3] ; LEDfloor[2] ; 10.149 ; 10.149 ; 10.149 ; 10.149 ;
; dipswitch2[3] ; LEDfloor[3] ; 10.137 ; 10.137 ; 10.137 ; 10.137 ;
; dipswitch2[3] ; LEDfloor[4] ; 10.591 ; 10.512 ; 10.512 ; 10.591 ;
; dipswitch2[3] ; LEDfloor[5] ; 10.515 ; 10.515 ; 10.515 ; 10.515 ;
; dipswitch2[3] ; LEDfloor[6] ; 10.516 ; 10.595 ; 10.595 ; 10.516 ;
; dipswitch2[3] ; LEDmod[0]   ; 11.398 ; 11.398 ; 11.398 ; 11.398 ;
; dipswitch2[3] ; LEDmod[1]   ; 11.593 ; 11.593 ; 11.593 ; 11.593 ;
; dipswitch2[3] ; LEDmod[2]   ; 11.592 ; 11.592 ; 11.592 ; 11.592 ;
; dipswitch2[3] ; LEDmod[3]   ; 11.403 ; 11.403 ; 11.403 ; 11.403 ;
; dipswitch2[3] ; LEDmod[4]   ; 11.387 ; 11.387 ; 11.387 ; 11.387 ;
; dipswitch2[3] ; LEDmod[5]   ; 11.385 ; 11.385 ; 11.385 ; 11.385 ;
; dipswitch2[3] ; LEDmod[6]   ; 11.419 ; 11.419 ; 11.419 ; 11.419 ;
; dipswitch2[3] ; VALUE[0]    ; 8.855  ; 9.207  ; 9.207  ; 8.855  ;
; dipswitch2[3] ; VALUE[1]    ; 8.600  ; 8.603  ; 8.603  ; 8.600  ;
; dipswitch2[3] ; VALUE[2]    ; 8.967  ; 8.915  ; 8.915  ; 8.967  ;
; dipswitch2[3] ; VALUE[3]    ; 9.438  ; 10.095 ; 10.095 ; 9.438  ;
; dipswitch2[3] ; VALUE[4]    ; 11.948 ; 11.948 ; 11.948 ; 11.948 ;
; dipswitch2[3] ; VALUE[5]    ; 9.823  ; 9.744  ; 9.744  ; 9.823  ;
; dipswitch2[4] ; LEDfloor[0] ; 11.595 ; 11.595 ; 11.595 ; 11.595 ;
; dipswitch2[4] ; LEDfloor[2] ; 11.325 ; 11.325 ; 11.325 ; 11.325 ;
; dipswitch2[4] ; LEDfloor[3] ; 11.313 ; 11.313 ; 11.313 ; 11.313 ;
; dipswitch2[4] ; LEDfloor[4] ; 11.730 ; 11.688 ; 11.688 ; 11.730 ;
; dipswitch2[4] ; LEDfloor[5] ; 11.691 ; 11.691 ; 11.691 ; 11.691 ;
; dipswitch2[4] ; LEDfloor[6] ; 11.692 ; 11.734 ; 11.734 ; 11.692 ;
; dipswitch2[4] ; LEDmod[0]   ; 13.063 ; 13.063 ; 13.063 ; 13.063 ;
; dipswitch2[4] ; LEDmod[1]   ; 13.256 ; 13.256 ; 13.256 ; 13.256 ;
; dipswitch2[4] ; LEDmod[2]   ; 13.256 ; 13.256 ; 13.256 ; 13.256 ;
; dipswitch2[4] ; LEDmod[3]   ; 13.066 ; 13.066 ; 13.066 ; 13.066 ;
; dipswitch2[4] ; LEDmod[4]   ; 13.052 ; 13.052 ; 13.052 ; 13.052 ;
; dipswitch2[4] ; LEDmod[5]   ; 13.062 ; 13.062 ; 13.062 ; 13.062 ;
; dipswitch2[4] ; LEDmod[6]   ; 13.082 ; 13.082 ; 13.082 ; 13.082 ;
; dipswitch2[4] ; VALUE[0]    ; 11.543 ; 11.111 ; 11.111 ; 11.543 ;
; dipswitch2[4] ; VALUE[1]    ; 11.207 ; 10.507 ; 10.507 ; 11.207 ;
; dipswitch2[4] ; VALUE[2]    ; 11.167 ; 11.077 ; 11.077 ; 11.167 ;
; dipswitch2[4] ; VALUE[3]    ; 10.698 ; 10.833 ; 10.833 ; 10.698 ;
; dipswitch2[4] ; VALUE[4]    ; 12.059 ; 11.566 ; 11.566 ; 12.059 ;
; dipswitch2[4] ; VALUE[5]    ; 10.962 ; 10.920 ; 10.920 ; 10.962 ;
; dipswitch2[5] ; LEDfloor[0] ; 10.335 ; 10.335 ; 10.335 ; 10.335 ;
; dipswitch2[5] ; LEDfloor[2] ; 10.065 ; 10.065 ; 10.065 ; 10.065 ;
; dipswitch2[5] ; LEDfloor[3] ; 10.053 ; 10.053 ; 10.053 ; 10.053 ;
; dipswitch2[5] ; LEDfloor[4] ; 10.428 ; 10.428 ; 10.428 ; 10.428 ;
; dipswitch2[5] ; LEDfloor[5] ; 10.431 ; 10.431 ; 10.431 ; 10.431 ;
; dipswitch2[5] ; LEDfloor[6] ; 10.432 ; 10.432 ; 10.432 ; 10.432 ;
; dipswitch2[5] ; LEDmod[0]   ; 11.803 ; 11.803 ; 11.803 ; 11.803 ;
; dipswitch2[5] ; LEDmod[1]   ; 11.996 ; 11.996 ; 11.996 ; 11.996 ;
; dipswitch2[5] ; LEDmod[2]   ; 11.996 ; 11.996 ; 11.996 ; 11.996 ;
; dipswitch2[5] ; LEDmod[3]   ; 11.806 ; 11.806 ; 11.806 ; 11.806 ;
; dipswitch2[5] ; LEDmod[4]   ; 11.792 ; 11.792 ; 11.792 ; 11.792 ;
; dipswitch2[5] ; LEDmod[5]   ; 11.802 ; 11.802 ; 11.802 ; 11.802 ;
; dipswitch2[5] ; LEDmod[6]   ; 11.822 ; 11.822 ; 11.822 ; 11.822 ;
; dipswitch2[5] ; VALUE[0]    ; 10.166 ; 9.722  ; 9.722  ; 10.166 ;
; dipswitch2[5] ; VALUE[1]    ; 9.843  ; 9.770  ; 9.770  ; 9.843  ;
; dipswitch2[5] ; VALUE[2]    ; 10.092 ; 9.747  ; 9.747  ; 10.092 ;
; dipswitch2[5] ; VALUE[3]    ; 10.469 ; 10.469 ; 10.469 ; 10.469 ;
; dipswitch2[5] ; VALUE[4]    ; 12.272 ; 10.422 ; 10.422 ; 12.272 ;
; dipswitch2[5] ; VALUE[5]    ; 9.660  ; 9.660  ; 9.660  ; 9.660  ;
+---------------+-------------+--------+--------+--------+--------+


----------------------------
; Fast Model Setup Summary ;
----------------------------
No paths to report.


---------------------------
; Fast Model Hold Summary ;
---------------------------
No paths to report.


-------------------------------
; Fast Model Recovery Summary ;
-------------------------------
No paths to report.


------------------------------
; Fast Model Removal Summary ;
------------------------------
No paths to report.


+----------------------------------------------+
; Fast Model Minimum Pulse Width Summary       ;
+---------------------+--------+---------------+
; Clock               ; Slack  ; End Point TNS ;
+---------------------+--------+---------------+
; altera_reserved_tck ; 97.778 ; 0.000         ;
+---------------------+--------+---------------+


+-------------------------------------------------------------------------------------------------------------+
; Fast Model Minimum Pulse Width: 'altera_reserved_tck'                                                       ;
+--------+--------------+----------------+-----------+---------------------+------------+---------------------+
; Slack  ; Actual Width ; Required Width ; Type      ; Clock               ; Clock Edge ; Target              ;
+--------+--------------+----------------+-----------+---------------------+------------+---------------------+
; 97.778 ; 100.000      ; 2.222          ; Port Rate ; altera_reserved_tck ; Rise       ; altera_reserved_tck ;
+--------+--------------+----------------+-----------+---------------------+------------+---------------------+


+-----------------------------------------------------------------+
; Propagation Delay                                               ;
+---------------+-------------+--------+--------+--------+--------+
; Input Port    ; Output Port ; RR     ; RF     ; FR     ; FF     ;
+---------------+-------------+--------+--------+--------+--------+
; dipswitch2[0] ; LEDfloor[0] ; 7.896  ; 7.896  ; 7.896  ; 7.896  ;
; dipswitch2[0] ; LEDfloor[2] ; 7.805  ; 7.805  ; 7.805  ; 7.805  ;
; dipswitch2[0] ; LEDfloor[3] ; 7.811  ; 7.811  ; 7.811  ; 7.811  ;
; dipswitch2[0] ; LEDfloor[4] ; 7.948  ; 7.948  ; 7.948  ; 7.948  ;
; dipswitch2[0] ; LEDfloor[5] ; 7.945  ; 7.945  ; 7.945  ; 7.945  ;
; dipswitch2[0] ; LEDfloor[6] ; 7.950  ; 7.950  ; 7.950  ; 7.950  ;
; dipswitch2[0] ; LEDmod[0]   ; 9.284  ; 9.284  ; 9.284  ; 9.284  ;
; dipswitch2[0] ; LEDmod[1]   ; 9.442  ; 9.442  ; 9.442  ; 9.442  ;
; dipswitch2[0] ; LEDmod[2]   ; 9.440  ; 9.440  ; 9.440  ; 9.440  ;
; dipswitch2[0] ; LEDmod[3]   ; 9.299  ; 9.299  ; 9.299  ; 9.299  ;
; dipswitch2[0] ; LEDmod[4]   ; 9.278  ; 9.278  ; 9.278  ; 9.278  ;
; dipswitch2[0] ; LEDmod[5]   ; 9.283  ; 9.283  ; 9.283  ; 9.283  ;
; dipswitch2[0] ; LEDmod[6]   ; 9.313  ; 9.313  ; 9.313  ; 9.313  ;
; dipswitch2[0] ; VALUE[0]    ; 5.639  ; 5.639  ; 5.639  ; 5.639  ;
; dipswitch2[0] ; VALUE[1]    ; 5.322  ; 5.322  ; 5.322  ; 5.322  ;
; dipswitch2[0] ; VALUE[2]    ; 5.805  ; 5.805  ; 5.805  ; 5.805  ;
; dipswitch2[0] ; VALUE[3]    ; 6.214  ; 6.214  ; 6.214  ; 6.214  ;
; dipswitch2[0] ; VALUE[4]    ; 6.469  ; 6.469  ; 6.469  ; 6.469  ;
; dipswitch2[0] ; VALUE[5]    ; 5.948  ; 5.948  ; 5.948  ; 5.948  ;
; dipswitch2[1] ; LEDfloor[0] ; 8.470  ; 8.470  ; 8.470  ; 8.470  ;
; dipswitch2[1] ; LEDfloor[2] ; 8.379  ; 8.379  ; 8.379  ; 8.379  ;
; dipswitch2[1] ; LEDfloor[3] ; 8.385  ; 8.385  ; 8.385  ; 8.385  ;
; dipswitch2[1] ; LEDfloor[4] ; 8.522  ; 8.522  ; 8.522  ; 8.522  ;
; dipswitch2[1] ; LEDfloor[5] ; 8.519  ; 8.519  ; 8.519  ; 8.519  ;
; dipswitch2[1] ; LEDfloor[6] ; 8.524  ; 8.524  ; 8.524  ; 8.524  ;
; dipswitch2[1] ; LEDmod[0]   ; 9.858  ; 9.858  ; 9.858  ; 9.858  ;
; dipswitch2[1] ; LEDmod[1]   ; 10.016 ; 10.016 ; 10.016 ; 10.016 ;
; dipswitch2[1] ; LEDmod[2]   ; 10.014 ; 10.014 ; 10.014 ; 10.014 ;
; dipswitch2[1] ; LEDmod[3]   ; 9.873  ; 9.873  ; 9.873  ; 9.873  ;
; dipswitch2[1] ; LEDmod[4]   ; 9.852  ; 9.852  ; 9.852  ; 9.852  ;
; dipswitch2[1] ; LEDmod[5]   ; 9.857  ; 9.857  ; 9.857  ; 9.857  ;
; dipswitch2[1] ; LEDmod[6]   ; 9.887  ; 9.887  ; 9.887  ; 9.887  ;
; dipswitch2[1] ; VALUE[0]    ; 5.945  ; 5.945  ; 5.945  ; 5.945  ;
; dipswitch2[1] ; VALUE[1]    ; 5.610  ; 5.610  ; 5.610  ; 5.610  ;
; dipswitch2[1] ; VALUE[2]    ; 6.359  ; 6.359  ; 6.359  ; 6.359  ;
; dipswitch2[1] ; VALUE[3]    ; 6.531  ; 6.531  ; 6.531  ; 6.531  ;
; dipswitch2[1] ; VALUE[4]    ; 7.043  ; 7.043  ; 7.043  ; 7.043  ;
; dipswitch2[1] ; VALUE[5]    ; 5.843  ; 6.049  ; 6.049  ; 5.843  ;
; dipswitch2[2] ; LEDfloor[0] ; 7.765  ; 7.765  ; 7.765  ; 7.765  ;
; dipswitch2[2] ; LEDfloor[2] ; 7.674  ; 7.674  ; 7.674  ; 7.674  ;
; dipswitch2[2] ; LEDfloor[3] ; 7.680  ; 7.680  ; 7.680  ; 7.680  ;
; dipswitch2[2] ; LEDfloor[4] ; 7.817  ; 7.817  ; 7.817  ; 7.817  ;
; dipswitch2[2] ; LEDfloor[5] ; 7.814  ; 7.814  ; 7.814  ; 7.814  ;
; dipswitch2[2] ; LEDfloor[6] ; 7.819  ; 7.731  ; 7.731  ; 7.819  ;
; dipswitch2[2] ; LEDmod[0]   ; 9.153  ; 9.153  ; 9.153  ; 9.153  ;
; dipswitch2[2] ; LEDmod[1]   ; 9.311  ; 9.311  ; 9.311  ; 9.311  ;
; dipswitch2[2] ; LEDmod[2]   ; 9.309  ; 9.309  ; 9.309  ; 9.309  ;
; dipswitch2[2] ; LEDmod[3]   ; 9.168  ; 9.168  ; 9.168  ; 9.168  ;
; dipswitch2[2] ; LEDmod[4]   ; 9.147  ; 9.147  ; 9.147  ; 9.147  ;
; dipswitch2[2] ; LEDmod[5]   ; 9.152  ; 9.152  ; 9.152  ; 9.152  ;
; dipswitch2[2] ; LEDmod[6]   ; 9.182  ; 9.182  ; 9.182  ; 9.182  ;
; dipswitch2[2] ; VALUE[0]    ; 5.620  ; 5.620  ; 5.620  ; 5.620  ;
; dipswitch2[2] ; VALUE[1]    ; 5.316  ; 5.116  ; 5.116  ; 5.316  ;
; dipswitch2[2] ; VALUE[2]    ; 5.630  ; 5.724  ; 5.724  ; 5.630  ;
; dipswitch2[2] ; VALUE[3]    ; 6.241  ; 6.329  ; 6.329  ; 6.241  ;
; dipswitch2[2] ; VALUE[4]    ; 6.138  ; 6.138  ; 6.138  ; 6.138  ;
; dipswitch2[2] ; VALUE[5]    ; 5.717  ; 5.717  ; 5.717  ; 5.717  ;
; dipswitch2[3] ; LEDfloor[0] ; 7.321  ; 7.321  ; 7.321  ; 7.321  ;
; dipswitch2[3] ; LEDfloor[2] ; 7.230  ; 7.230  ; 7.230  ; 7.230  ;
; dipswitch2[3] ; LEDfloor[3] ; 7.236  ; 7.236  ; 7.236  ; 7.236  ;
; dipswitch2[3] ; LEDfloor[4] ; 7.373  ; 7.373  ; 7.373  ; 7.373  ;
; dipswitch2[3] ; LEDfloor[5] ; 7.370  ; 7.370  ; 7.370  ; 7.370  ;
; dipswitch2[3] ; LEDfloor[6] ; 7.375  ; 7.375  ; 7.375  ; 7.375  ;
; dipswitch2[3] ; LEDmod[0]   ; 8.709  ; 8.709  ; 8.709  ; 8.709  ;
; dipswitch2[3] ; LEDmod[1]   ; 8.867  ; 8.867  ; 8.867  ; 8.867  ;
; dipswitch2[3] ; LEDmod[2]   ; 8.865  ; 8.865  ; 8.865  ; 8.865  ;
; dipswitch2[3] ; LEDmod[3]   ; 8.724  ; 8.724  ; 8.724  ; 8.724  ;
; dipswitch2[3] ; LEDmod[4]   ; 8.703  ; 8.703  ; 8.703  ; 8.703  ;
; dipswitch2[3] ; LEDmod[5]   ; 8.708  ; 8.708  ; 8.708  ; 8.708  ;
; dipswitch2[3] ; LEDmod[6]   ; 8.738  ; 8.738  ; 8.738  ; 8.738  ;
; dipswitch2[3] ; VALUE[0]    ; 5.300  ; 5.300  ; 5.300  ; 5.300  ;
; dipswitch2[3] ; VALUE[1]    ; 5.060  ; 5.060  ; 5.060  ; 5.060  ;
; dipswitch2[3] ; VALUE[2]    ; 4.930  ; 4.930  ; 4.930  ; 4.930  ;
; dipswitch2[3] ; VALUE[3]    ; 5.122  ; 5.122  ; 5.122  ; 5.122  ;
; dipswitch2[3] ; VALUE[4]    ; 5.894  ; 5.894  ; 5.894  ; 5.894  ;
; dipswitch2[3] ; VALUE[5]    ; 4.683  ; 4.683  ; 4.683  ; 4.683  ;
; dipswitch2[4] ; LEDfloor[0] ; 7.336  ; 7.336  ; 7.336  ; 7.336  ;
; dipswitch2[4] ; LEDfloor[2] ; 7.245  ; 7.245  ; 7.245  ; 7.245  ;
; dipswitch2[4] ; LEDfloor[3] ; 7.251  ; 7.251  ; 7.251  ; 7.251  ;
; dipswitch2[4] ; LEDfloor[4] ; 7.388  ; 7.388  ; 7.388  ; 7.388  ;
; dipswitch2[4] ; LEDfloor[5] ; 7.385  ; 7.385  ; 7.385  ; 7.385  ;
; dipswitch2[4] ; LEDfloor[6] ; 7.390  ; 7.390  ; 7.390  ; 7.390  ;
; dipswitch2[4] ; LEDmod[0]   ; 8.724  ; 8.724  ; 8.724  ; 8.724  ;
; dipswitch2[4] ; LEDmod[1]   ; 8.882  ; 8.882  ; 8.882  ; 8.882  ;
; dipswitch2[4] ; LEDmod[2]   ; 8.880  ; 8.880  ; 8.880  ; 8.880  ;
; dipswitch2[4] ; LEDmod[3]   ; 8.739  ; 8.739  ; 8.739  ; 8.739  ;
; dipswitch2[4] ; LEDmod[4]   ; 8.718  ; 8.718  ; 8.718  ; 8.718  ;
; dipswitch2[4] ; LEDmod[5]   ; 8.723  ; 8.723  ; 8.723  ; 8.723  ;
; dipswitch2[4] ; LEDmod[6]   ; 8.753  ; 8.753  ; 8.753  ; 8.753  ;
; dipswitch2[4] ; VALUE[0]    ; 5.333  ; 5.333  ; 5.333  ; 5.333  ;
; dipswitch2[4] ; VALUE[1]    ; 5.095  ; 5.122  ; 5.122  ; 5.095  ;
; dipswitch2[4] ; VALUE[2]    ; 4.944  ; 5.089  ; 5.089  ; 4.944  ;
; dipswitch2[4] ; VALUE[3]    ; 5.196  ; 5.598  ; 5.598  ; 5.196  ;
; dipswitch2[4] ; VALUE[4]    ; 5.909  ; 5.909  ; 5.909  ; 5.909  ;
; dipswitch2[4] ; VALUE[5]    ; 4.982  ; 5.605  ; 5.605  ; 4.982  ;
; dipswitch2[5] ; LEDfloor[0] ; 7.110  ; 7.110  ; 7.110  ; 7.110  ;
; dipswitch2[5] ; LEDfloor[2] ; 7.019  ; 7.019  ; 7.019  ; 7.019  ;
; dipswitch2[5] ; LEDfloor[3] ; 7.025  ; 7.025  ; 7.025  ; 7.025  ;
; dipswitch2[5] ; LEDfloor[4] ; 7.162  ; 7.162  ; 7.162  ; 7.162  ;
; dipswitch2[5] ; LEDfloor[5] ; 7.159  ; 7.159  ; 7.159  ; 7.159  ;
; dipswitch2[5] ; LEDfloor[6] ; 7.164  ; 7.164  ; 7.164  ; 7.164  ;
; dipswitch2[5] ; LEDmod[0]   ; 8.498  ; 8.498  ; 8.498  ; 8.498  ;
; dipswitch2[5] ; LEDmod[1]   ; 8.656  ; 8.656  ; 8.656  ; 8.656  ;
; dipswitch2[5] ; LEDmod[2]   ; 8.654  ; 8.654  ; 8.654  ; 8.654  ;
; dipswitch2[5] ; LEDmod[3]   ; 8.513  ; 8.513  ; 8.513  ; 8.513  ;
; dipswitch2[5] ; LEDmod[4]   ; 8.492  ; 8.492  ; 8.492  ; 8.492  ;
; dipswitch2[5] ; LEDmod[5]   ; 8.497  ; 8.497  ; 8.497  ; 8.497  ;
; dipswitch2[5] ; LEDmod[6]   ; 8.527  ; 8.527  ; 8.527  ; 8.527  ;
; dipswitch2[5] ; VALUE[0]    ; 4.777  ; 4.777  ; 4.777  ; 4.777  ;
; dipswitch2[5] ; VALUE[1]    ; 4.539  ; 4.539  ; 4.539  ; 4.539  ;
; dipswitch2[5] ; VALUE[2]    ; 4.616  ; 4.616  ; 4.616  ; 4.616  ;
; dipswitch2[5] ; VALUE[3]    ; 4.842  ; 4.842  ; 4.842  ; 4.842  ;
; dipswitch2[5] ; VALUE[4]    ; 5.683  ; 5.683  ; 5.683  ; 5.683  ;
; dipswitch2[5] ; VALUE[5]    ; 4.343  ; 4.833  ; 4.833  ; 4.343  ;
+---------------+-------------+--------+--------+--------+--------+


+-------------------------------------------------------------+
; Minimum Propagation Delay                                   ;
+---------------+-------------+-------+-------+-------+-------+
; Input Port    ; Output Port ; RR    ; RF    ; FR    ; FF    ;
+---------------+-------------+-------+-------+-------+-------+
; dipswitch2[0] ; LEDfloor[0] ; 4.882 ; 4.882 ; 4.882 ; 4.882 ;
; dipswitch2[0] ; LEDfloor[2] ; 4.786 ; 4.786 ; 4.786 ; 4.786 ;
; dipswitch2[0] ; LEDfloor[3] ; 4.797 ; 4.797 ; 4.797 ; 4.797 ;
; dipswitch2[0] ; LEDfloor[4] ; 4.930 ; 4.930 ; 4.930 ; 4.930 ;
; dipswitch2[0] ; LEDfloor[5] ; 4.931 ; 4.931 ; 4.931 ; 4.931 ;
; dipswitch2[0] ; LEDfloor[6] ; 4.935 ; 4.935 ; 4.935 ; 4.935 ;
; dipswitch2[0] ; LEDmod[0]   ; 5.449 ; 5.449 ; 5.449 ; 5.449 ;
; dipswitch2[0] ; LEDmod[1]   ; 5.596 ; 5.596 ; 5.596 ; 5.596 ;
; dipswitch2[0] ; LEDmod[2]   ; 5.598 ; 5.598 ; 5.598 ; 5.598 ;
; dipswitch2[0] ; LEDmod[3]   ; 5.453 ; 5.453 ; 5.453 ; 5.453 ;
; dipswitch2[0] ; LEDmod[4]   ; 5.437 ; 5.437 ; 5.437 ; 5.437 ;
; dipswitch2[0] ; LEDmod[5]   ; 5.447 ; 5.447 ; 5.447 ; 5.447 ;
; dipswitch2[0] ; LEDmod[6]   ; 5.467 ; 5.467 ; 5.467 ; 5.467 ;
; dipswitch2[0] ; VALUE[0]    ; 4.703 ; 4.703 ; 4.703 ; 4.703 ;
; dipswitch2[0] ; VALUE[1]    ; 4.556 ; 4.556 ; 4.556 ; 4.556 ;
; dipswitch2[0] ; VALUE[2]    ; 4.646 ; 4.646 ; 4.646 ; 4.646 ;
; dipswitch2[0] ; VALUE[3]    ; 4.583 ; 4.782 ; 4.782 ; 4.583 ;
; dipswitch2[0] ; VALUE[4]    ; 5.511 ; 5.585 ; 5.585 ; 5.511 ;
; dipswitch2[0] ; VALUE[5]    ; 4.709 ; 4.709 ; 4.709 ; 4.709 ;
; dipswitch2[1] ; LEDfloor[0] ; 5.160 ; 5.160 ; 5.160 ; 5.160 ;
; dipswitch2[1] ; LEDfloor[2] ; 5.064 ; 5.064 ; 5.064 ; 5.064 ;
; dipswitch2[1] ; LEDfloor[3] ; 5.075 ; 5.075 ; 5.075 ; 5.075 ;
; dipswitch2[1] ; LEDfloor[4] ; 5.208 ; 5.234 ; 5.234 ; 5.208 ;
; dipswitch2[1] ; LEDfloor[5] ; 5.209 ; 5.209 ; 5.209 ; 5.209 ;
; dipswitch2[1] ; LEDfloor[6] ; 5.236 ; 5.213 ; 5.213 ; 5.236 ;
; dipswitch2[1] ; LEDmod[0]   ; 5.461 ; 5.461 ; 5.461 ; 5.461 ;
; dipswitch2[1] ; LEDmod[1]   ; 5.607 ; 5.607 ; 5.607 ; 5.607 ;
; dipswitch2[1] ; LEDmod[2]   ; 5.615 ; 5.615 ; 5.615 ; 5.615 ;
; dipswitch2[1] ; LEDmod[3]   ; 5.462 ; 5.462 ; 5.462 ; 5.462 ;
; dipswitch2[1] ; LEDmod[4]   ; 5.449 ; 5.449 ; 5.449 ; 5.449 ;
; dipswitch2[1] ; LEDmod[5]   ; 5.459 ; 5.459 ; 5.459 ; 5.459 ;
; dipswitch2[1] ; LEDmod[6]   ; 5.477 ; 5.477 ; 5.477 ; 5.477 ;
; dipswitch2[1] ; VALUE[0]    ; 4.736 ; 4.736 ; 4.736 ; 4.736 ;
; dipswitch2[1] ; VALUE[1]    ; 4.641 ; 4.641 ; 4.641 ; 4.641 ;
; dipswitch2[1] ; VALUE[2]    ; 4.548 ; 4.548 ; 4.548 ; 4.548 ;
; dipswitch2[1] ; VALUE[3]    ; 4.608 ; 4.608 ; 4.608 ; 4.608 ;
; dipswitch2[1] ; VALUE[4]    ; 5.647 ; 5.647 ; 5.647 ; 5.647 ;
; dipswitch2[1] ; VALUE[5]    ; 4.987 ; 5.058 ; 5.058 ; 4.987 ;
; dipswitch2[2] ; LEDfloor[0] ; 4.735 ; 4.735 ; 4.735 ; 4.735 ;
; dipswitch2[2] ; LEDfloor[2] ; 4.639 ; 4.639 ; 4.639 ; 4.639 ;
; dipswitch2[2] ; LEDfloor[3] ; 4.650 ; 4.650 ; 4.650 ; 4.650 ;
; dipswitch2[2] ; LEDfloor[4] ; 4.906 ; 4.783 ; 4.783 ; 4.906 ;
; dipswitch2[2] ; LEDfloor[5] ; 4.784 ; 4.784 ; 4.784 ; 4.784 ;
; dipswitch2[2] ; LEDfloor[6] ; 4.788 ; 5.163 ; 5.163 ; 4.788 ;
; dipswitch2[2] ; LEDmod[0]   ; 5.302 ; 5.302 ; 5.302 ; 5.302 ;
; dipswitch2[2] ; LEDmod[1]   ; 5.449 ; 5.449 ; 5.449 ; 5.449 ;
; dipswitch2[2] ; LEDmod[2]   ; 5.451 ; 5.451 ; 5.451 ; 5.451 ;
; dipswitch2[2] ; LEDmod[3]   ; 5.306 ; 5.306 ; 5.306 ; 5.306 ;
; dipswitch2[2] ; LEDmod[4]   ; 5.290 ; 5.290 ; 5.290 ; 5.290 ;
; dipswitch2[2] ; LEDmod[5]   ; 5.300 ; 5.300 ; 5.300 ; 5.300 ;
; dipswitch2[2] ; LEDmod[6]   ; 5.320 ; 5.320 ; 5.320 ; 5.320 ;
; dipswitch2[2] ; VALUE[0]    ; 4.840 ; 4.689 ; 4.689 ; 4.840 ;
; dipswitch2[2] ; VALUE[1]    ; 4.735 ; 4.456 ; 4.456 ; 4.735 ;
; dipswitch2[2] ; VALUE[2]    ; 4.653 ; 4.396 ; 4.396 ; 4.653 ;
; dipswitch2[2] ; VALUE[3]    ; 4.581 ; 4.545 ; 4.545 ; 4.581 ;
; dipswitch2[2] ; VALUE[4]    ; 5.784 ; 5.430 ; 5.430 ; 5.784 ;
; dipswitch2[2] ; VALUE[5]    ; 4.937 ; 4.562 ; 4.562 ; 4.937 ;
; dipswitch2[3] ; LEDfloor[0] ; 4.523 ; 4.523 ; 4.523 ; 4.523 ;
; dipswitch2[3] ; LEDfloor[2] ; 4.427 ; 4.427 ; 4.427 ; 4.427 ;
; dipswitch2[3] ; LEDfloor[3] ; 4.438 ; 4.438 ; 4.438 ; 4.438 ;
; dipswitch2[3] ; LEDfloor[4] ; 4.603 ; 4.571 ; 4.571 ; 4.603 ;
; dipswitch2[3] ; LEDfloor[5] ; 4.572 ; 4.572 ; 4.572 ; 4.572 ;
; dipswitch2[3] ; LEDfloor[6] ; 4.576 ; 4.608 ; 4.608 ; 4.576 ;
; dipswitch2[3] ; LEDmod[0]   ; 4.863 ; 4.863 ; 4.863 ; 4.863 ;
; dipswitch2[3] ; LEDmod[1]   ; 5.011 ; 5.011 ; 5.011 ; 5.011 ;
; dipswitch2[3] ; LEDmod[2]   ; 5.013 ; 5.013 ; 5.013 ; 5.013 ;
; dipswitch2[3] ; LEDmod[3]   ; 4.867 ; 4.867 ; 4.867 ; 4.867 ;
; dipswitch2[3] ; LEDmod[4]   ; 4.850 ; 4.850 ; 4.850 ; 4.850 ;
; dipswitch2[3] ; LEDmod[5]   ; 4.860 ; 4.860 ; 4.860 ; 4.860 ;
; dipswitch2[3] ; LEDmod[6]   ; 4.881 ; 4.881 ; 4.881 ; 4.881 ;
; dipswitch2[3] ; VALUE[0]    ; 3.998 ; 4.121 ; 4.121 ; 3.998 ;
; dipswitch2[3] ; VALUE[1]    ; 3.883 ; 3.881 ; 3.881 ; 3.883 ;
; dipswitch2[3] ; VALUE[2]    ; 3.981 ; 3.982 ; 3.982 ; 3.981 ;
; dipswitch2[3] ; VALUE[3]    ; 4.243 ; 4.496 ; 4.496 ; 4.243 ;
; dipswitch2[3] ; VALUE[4]    ; 5.330 ; 5.330 ; 5.330 ; 5.330 ;
; dipswitch2[3] ; VALUE[5]    ; 4.382 ; 4.350 ; 4.350 ; 4.382 ;
; dipswitch2[4] ; LEDfloor[0] ; 5.018 ; 5.018 ; 5.018 ; 5.018 ;
; dipswitch2[4] ; LEDfloor[2] ; 4.922 ; 4.922 ; 4.922 ; 4.922 ;
; dipswitch2[4] ; LEDfloor[3] ; 4.933 ; 4.933 ; 4.933 ; 4.933 ;
; dipswitch2[4] ; LEDfloor[4] ; 5.084 ; 5.066 ; 5.066 ; 5.084 ;
; dipswitch2[4] ; LEDfloor[5] ; 5.067 ; 5.067 ; 5.067 ; 5.067 ;
; dipswitch2[4] ; LEDfloor[6] ; 5.071 ; 5.089 ; 5.089 ; 5.071 ;
; dipswitch2[4] ; LEDmod[0]   ; 5.585 ; 5.585 ; 5.585 ; 5.585 ;
; dipswitch2[4] ; LEDmod[1]   ; 5.732 ; 5.732 ; 5.732 ; 5.732 ;
; dipswitch2[4] ; LEDmod[2]   ; 5.734 ; 5.734 ; 5.734 ; 5.734 ;
; dipswitch2[4] ; LEDmod[3]   ; 5.589 ; 5.589 ; 5.589 ; 5.589 ;
; dipswitch2[4] ; LEDmod[4]   ; 5.573 ; 5.573 ; 5.573 ; 5.573 ;
; dipswitch2[4] ; LEDmod[5]   ; 5.583 ; 5.583 ; 5.583 ; 5.583 ;
; dipswitch2[4] ; LEDmod[6]   ; 5.603 ; 5.603 ; 5.603 ; 5.603 ;
; dipswitch2[4] ; VALUE[0]    ; 5.060 ; 4.911 ; 4.911 ; 5.060 ;
; dipswitch2[4] ; VALUE[1]    ; 4.926 ; 4.670 ; 4.670 ; 4.926 ;
; dipswitch2[4] ; VALUE[2]    ; 4.916 ; 4.884 ; 4.884 ; 4.916 ;
; dipswitch2[4] ; VALUE[3]    ; 4.808 ; 4.824 ; 4.824 ; 4.808 ;
; dipswitch2[4] ; VALUE[4]    ; 5.378 ; 5.233 ; 5.233 ; 5.378 ;
; dipswitch2[4] ; VALUE[5]    ; 4.863 ; 4.845 ; 4.845 ; 4.863 ;
; dipswitch2[5] ; LEDfloor[0] ; 4.516 ; 4.516 ; 4.516 ; 4.516 ;
; dipswitch2[5] ; LEDfloor[2] ; 4.420 ; 4.420 ; 4.420 ; 4.420 ;
; dipswitch2[5] ; LEDfloor[3] ; 4.431 ; 4.431 ; 4.431 ; 4.431 ;
; dipswitch2[5] ; LEDfloor[4] ; 4.564 ; 4.564 ; 4.564 ; 4.564 ;
; dipswitch2[5] ; LEDfloor[5] ; 4.565 ; 4.565 ; 4.565 ; 4.565 ;
; dipswitch2[5] ; LEDfloor[6] ; 4.569 ; 4.569 ; 4.569 ; 4.569 ;
; dipswitch2[5] ; LEDmod[0]   ; 5.083 ; 5.083 ; 5.083 ; 5.083 ;
; dipswitch2[5] ; LEDmod[1]   ; 5.230 ; 5.230 ; 5.230 ; 5.230 ;
; dipswitch2[5] ; LEDmod[2]   ; 5.232 ; 5.232 ; 5.232 ; 5.232 ;
; dipswitch2[5] ; LEDmod[3]   ; 5.087 ; 5.087 ; 5.087 ; 5.087 ;
; dipswitch2[5] ; LEDmod[4]   ; 5.071 ; 5.071 ; 5.071 ; 5.071 ;
; dipswitch2[5] ; LEDmod[5]   ; 5.081 ; 5.081 ; 5.081 ; 5.081 ;
; dipswitch2[5] ; LEDmod[6]   ; 5.101 ; 5.101 ; 5.101 ; 5.101 ;
; dipswitch2[5] ; VALUE[0]    ; 4.515 ; 4.324 ; 4.324 ; 4.515 ;
; dipswitch2[5] ; VALUE[1]    ; 4.354 ; 4.350 ; 4.350 ; 4.354 ;
; dipswitch2[5] ; VALUE[2]    ; 4.464 ; 4.317 ; 4.317 ; 4.464 ;
; dipswitch2[5] ; VALUE[3]    ; 4.637 ; 4.637 ; 4.637 ; 4.637 ;
; dipswitch2[5] ; VALUE[4]    ; 5.471 ; 4.769 ; 4.769 ; 5.471 ;
; dipswitch2[5] ; VALUE[5]    ; 4.343 ; 4.343 ; 4.343 ; 4.343 ;
+---------------+-------------+-------+-------+-------+-------+


+--------------------------------------------------------------------------------+
; Multicorner Timing Analysis Summary                                            ;
+----------------------+-------+------+----------+---------+---------------------+
; Clock                ; Setup ; Hold ; Recovery ; Removal ; Minimum Pulse Width ;
+----------------------+-------+------+----------+---------+---------------------+
; Worst-case Slack     ; N/A   ; N/A  ; N/A      ; N/A     ; 97.531              ;
;  altera_reserved_tck ; N/A   ; N/A  ; N/A      ; N/A     ; 97.531              ;
; Design-wide TNS      ; 0.0   ; 0.0  ; 0.0      ; 0.0     ; 0.0                 ;
;  altera_reserved_tck ; N/A   ; N/A  ; N/A      ; N/A     ; 0.000               ;
+----------------------+-------+------+----------+---------+---------------------+


+-----------------------------------------------------------------+
; Progagation Delay                                               ;
+---------------+-------------+--------+--------+--------+--------+
; Input Port    ; Output Port ; RR     ; RF     ; FR     ; FF     ;
+---------------+-------------+--------+--------+--------+--------+
; dipswitch2[0] ; LEDfloor[0] ; 18.936 ; 18.936 ; 18.936 ; 18.936 ;
; dipswitch2[0] ; LEDfloor[2] ; 18.641 ; 18.641 ; 18.641 ; 18.641 ;
; dipswitch2[0] ; LEDfloor[3] ; 18.654 ; 18.654 ; 18.654 ; 18.654 ;
; dipswitch2[0] ; LEDfloor[4] ; 19.002 ; 19.002 ; 19.002 ; 19.002 ;
; dipswitch2[0] ; LEDfloor[5] ; 19.002 ; 19.002 ; 19.002 ; 19.002 ;
; dipswitch2[0] ; LEDfloor[6] ; 19.000 ; 19.000 ; 19.000 ; 19.000 ;
; dipswitch2[0] ; LEDmod[0]   ; 22.798 ; 22.798 ; 22.798 ; 22.798 ;
; dipswitch2[0] ; LEDmod[1]   ; 23.032 ; 23.032 ; 23.032 ; 23.032 ;
; dipswitch2[0] ; LEDmod[2]   ; 23.022 ; 23.022 ; 23.022 ; 23.022 ;
; dipswitch2[0] ; LEDmod[3]   ; 22.840 ; 22.840 ; 22.840 ; 22.840 ;
; dipswitch2[0] ; LEDmod[4]   ; 22.784 ; 22.784 ; 22.784 ; 22.784 ;
; dipswitch2[0] ; LEDmod[5]   ; 22.788 ; 22.788 ; 22.788 ; 22.788 ;
; dipswitch2[0] ; LEDmod[6]   ; 22.856 ; 22.856 ; 22.856 ; 22.856 ;
; dipswitch2[0] ; VALUE[0]    ; 13.449 ; 13.449 ; 13.449 ; 13.449 ;
; dipswitch2[0] ; VALUE[1]    ; 12.409 ; 12.409 ; 12.409 ; 12.409 ;
; dipswitch2[0] ; VALUE[2]    ; 13.858 ; 13.858 ; 13.858 ; 13.858 ;
; dipswitch2[0] ; VALUE[3]    ; 14.430 ; 14.430 ; 14.430 ; 14.430 ;
; dipswitch2[0] ; VALUE[4]    ; 14.939 ; 14.939 ; 14.939 ; 14.939 ;
; dipswitch2[0] ; VALUE[5]    ; 13.869 ; 13.869 ; 13.869 ; 13.869 ;
; dipswitch2[1] ; LEDfloor[0] ; 20.354 ; 20.354 ; 20.354 ; 20.354 ;
; dipswitch2[1] ; LEDfloor[2] ; 20.059 ; 20.059 ; 20.059 ; 20.059 ;
; dipswitch2[1] ; LEDfloor[3] ; 20.072 ; 20.072 ; 20.072 ; 20.072 ;
; dipswitch2[1] ; LEDfloor[4] ; 20.420 ; 20.420 ; 20.420 ; 20.420 ;
; dipswitch2[1] ; LEDfloor[5] ; 20.420 ; 20.420 ; 20.420 ; 20.420 ;
; dipswitch2[1] ; LEDfloor[6] ; 20.418 ; 20.418 ; 20.418 ; 20.418 ;
; dipswitch2[1] ; LEDmod[0]   ; 24.216 ; 24.216 ; 24.216 ; 24.216 ;
; dipswitch2[1] ; LEDmod[1]   ; 24.450 ; 24.450 ; 24.450 ; 24.450 ;
; dipswitch2[1] ; LEDmod[2]   ; 24.440 ; 24.440 ; 24.440 ; 24.440 ;
; dipswitch2[1] ; LEDmod[3]   ; 24.258 ; 24.258 ; 24.258 ; 24.258 ;
; dipswitch2[1] ; LEDmod[4]   ; 24.202 ; 24.202 ; 24.202 ; 24.202 ;
; dipswitch2[1] ; LEDmod[5]   ; 24.206 ; 24.206 ; 24.206 ; 24.206 ;
; dipswitch2[1] ; LEDmod[6]   ; 24.274 ; 24.274 ; 24.274 ; 24.274 ;
; dipswitch2[1] ; VALUE[0]    ; 13.902 ; 13.902 ; 13.902 ; 13.902 ;
; dipswitch2[1] ; VALUE[1]    ; 13.048 ; 13.048 ; 13.048 ; 13.048 ;
; dipswitch2[1] ; VALUE[2]    ; 15.022 ; 15.022 ; 15.022 ; 15.022 ;
; dipswitch2[1] ; VALUE[3]    ; 15.328 ; 15.328 ; 15.328 ; 15.328 ;
; dipswitch2[1] ; VALUE[4]    ; 16.357 ; 16.357 ; 16.357 ; 16.357 ;
; dipswitch2[1] ; VALUE[5]    ; 13.640 ; 14.011 ; 14.011 ; 13.640 ;
; dipswitch2[2] ; LEDfloor[0] ; 19.152 ; 19.152 ; 19.152 ; 19.152 ;
; dipswitch2[2] ; LEDfloor[2] ; 18.857 ; 18.857 ; 18.857 ; 18.857 ;
; dipswitch2[2] ; LEDfloor[3] ; 18.870 ; 18.870 ; 18.870 ; 18.870 ;
; dipswitch2[2] ; LEDfloor[4] ; 19.218 ; 19.218 ; 19.218 ; 19.218 ;
; dipswitch2[2] ; LEDfloor[5] ; 19.218 ; 19.218 ; 19.218 ; 19.218 ;
; dipswitch2[2] ; LEDfloor[6] ; 19.216 ; 18.940 ; 18.940 ; 19.216 ;
; dipswitch2[2] ; LEDmod[0]   ; 23.014 ; 23.014 ; 23.014 ; 23.014 ;
; dipswitch2[2] ; LEDmod[1]   ; 23.248 ; 23.248 ; 23.248 ; 23.248 ;
; dipswitch2[2] ; LEDmod[2]   ; 23.238 ; 23.238 ; 23.238 ; 23.238 ;
; dipswitch2[2] ; LEDmod[3]   ; 23.056 ; 23.056 ; 23.056 ; 23.056 ;
; dipswitch2[2] ; LEDmod[4]   ; 23.000 ; 23.000 ; 23.000 ; 23.000 ;
; dipswitch2[2] ; LEDmod[5]   ; 23.004 ; 23.004 ; 23.004 ; 23.004 ;
; dipswitch2[2] ; LEDmod[6]   ; 23.072 ; 23.072 ; 23.072 ; 23.072 ;
; dipswitch2[2] ; VALUE[0]    ; 13.303 ; 13.303 ; 13.303 ; 13.303 ;
; dipswitch2[2] ; VALUE[1]    ; 12.352 ; 11.887 ; 11.887 ; 12.352 ;
; dipswitch2[2] ; VALUE[2]    ; 13.090 ; 13.436 ; 13.436 ; 13.090 ;
; dipswitch2[2] ; VALUE[3]    ; 14.645 ; 14.921 ; 14.921 ; 14.645 ;
; dipswitch2[2] ; VALUE[4]    ; 14.126 ; 14.126 ; 14.126 ; 14.126 ;
; dipswitch2[2] ; VALUE[5]    ; 13.488 ; 13.488 ; 13.488 ; 13.488 ;
; dipswitch2[3] ; LEDfloor[0] ; 17.489 ; 17.489 ; 17.489 ; 17.489 ;
; dipswitch2[3] ; LEDfloor[2] ; 17.194 ; 17.194 ; 17.194 ; 17.194 ;
; dipswitch2[3] ; LEDfloor[3] ; 17.207 ; 17.207 ; 17.207 ; 17.207 ;
; dipswitch2[3] ; LEDfloor[4] ; 17.555 ; 17.555 ; 17.555 ; 17.555 ;
; dipswitch2[3] ; LEDfloor[5] ; 17.555 ; 17.555 ; 17.555 ; 17.555 ;
; dipswitch2[3] ; LEDfloor[6] ; 17.553 ; 17.441 ; 17.441 ; 17.553 ;
; dipswitch2[3] ; LEDmod[0]   ; 21.351 ; 21.351 ; 21.351 ; 21.351 ;
; dipswitch2[3] ; LEDmod[1]   ; 21.585 ; 21.585 ; 21.585 ; 21.585 ;
; dipswitch2[3] ; LEDmod[2]   ; 21.575 ; 21.575 ; 21.575 ; 21.575 ;
; dipswitch2[3] ; LEDmod[3]   ; 21.393 ; 21.393 ; 21.393 ; 21.393 ;
; dipswitch2[3] ; LEDmod[4]   ; 21.337 ; 21.337 ; 21.337 ; 21.337 ;
; dipswitch2[3] ; LEDmod[5]   ; 21.341 ; 21.341 ; 21.341 ; 21.341 ;
; dipswitch2[3] ; LEDmod[6]   ; 21.409 ; 21.409 ; 21.409 ; 21.409 ;
; dipswitch2[3] ; VALUE[0]    ; 12.320 ; 12.320 ; 12.320 ; 12.320 ;
; dipswitch2[3] ; VALUE[1]    ; 11.718 ; 11.718 ; 11.718 ; 11.718 ;
; dipswitch2[3] ; VALUE[2]    ; 11.291 ; 11.291 ; 11.291 ; 11.291 ;
; dipswitch2[3] ; VALUE[3]    ; 11.711 ; 11.711 ; 11.711 ; 11.711 ;
; dipswitch2[3] ; VALUE[4]    ; 13.380 ; 13.492 ; 13.492 ; 13.380 ;
; dipswitch2[3] ; VALUE[5]    ; 10.683 ; 10.683 ; 10.683 ; 10.683 ;
; dipswitch2[4] ; LEDfloor[0] ; 17.437 ; 17.437 ; 17.437 ; 17.437 ;
; dipswitch2[4] ; LEDfloor[2] ; 17.142 ; 17.142 ; 17.142 ; 17.142 ;
; dipswitch2[4] ; LEDfloor[3] ; 17.155 ; 17.155 ; 17.155 ; 17.155 ;
; dipswitch2[4] ; LEDfloor[4] ; 17.503 ; 17.503 ; 17.503 ; 17.503 ;
; dipswitch2[4] ; LEDfloor[5] ; 17.503 ; 17.503 ; 17.503 ; 17.503 ;
; dipswitch2[4] ; LEDfloor[6] ; 17.501 ; 17.501 ; 17.501 ; 17.501 ;
; dipswitch2[4] ; LEDmod[0]   ; 21.299 ; 21.299 ; 21.299 ; 21.299 ;
; dipswitch2[4] ; LEDmod[1]   ; 21.533 ; 21.533 ; 21.533 ; 21.533 ;
; dipswitch2[4] ; LEDmod[2]   ; 21.523 ; 21.523 ; 21.523 ; 21.523 ;
; dipswitch2[4] ; LEDmod[3]   ; 21.341 ; 21.341 ; 21.341 ; 21.341 ;
; dipswitch2[4] ; LEDmod[4]   ; 21.285 ; 21.285 ; 21.285 ; 21.285 ;
; dipswitch2[4] ; LEDmod[5]   ; 21.289 ; 21.289 ; 21.289 ; 21.289 ;
; dipswitch2[4] ; LEDmod[6]   ; 21.357 ; 21.357 ; 21.357 ; 21.357 ;
; dipswitch2[4] ; VALUE[0]    ; 12.322 ; 12.322 ; 12.322 ; 12.322 ;
; dipswitch2[4] ; VALUE[1]    ; 11.722 ; 11.722 ; 11.722 ; 11.722 ;
; dipswitch2[4] ; VALUE[2]    ; 11.350 ; 11.601 ; 11.601 ; 11.350 ;
; dipswitch2[4] ; VALUE[3]    ; 11.832 ; 12.887 ; 12.887 ; 11.832 ;
; dipswitch2[4] ; VALUE[4]    ; 13.440 ; 13.440 ; 13.440 ; 13.440 ;
; dipswitch2[4] ; VALUE[5]    ; 11.310 ; 12.845 ; 12.845 ; 11.310 ;
; dipswitch2[5] ; LEDfloor[0] ; 16.941 ; 16.941 ; 16.941 ; 16.941 ;
; dipswitch2[5] ; LEDfloor[2] ; 16.646 ; 16.646 ; 16.646 ; 16.646 ;
; dipswitch2[5] ; LEDfloor[3] ; 16.659 ; 16.659 ; 16.659 ; 16.659 ;
; dipswitch2[5] ; LEDfloor[4] ; 17.007 ; 17.007 ; 17.007 ; 17.007 ;
; dipswitch2[5] ; LEDfloor[5] ; 17.007 ; 17.007 ; 17.007 ; 17.007 ;
; dipswitch2[5] ; LEDfloor[6] ; 17.005 ; 17.005 ; 17.005 ; 17.005 ;
; dipswitch2[5] ; LEDmod[0]   ; 20.803 ; 20.803 ; 20.803 ; 20.803 ;
; dipswitch2[5] ; LEDmod[1]   ; 21.037 ; 21.037 ; 21.037 ; 21.037 ;
; dipswitch2[5] ; LEDmod[2]   ; 21.027 ; 21.027 ; 21.027 ; 21.027 ;
; dipswitch2[5] ; LEDmod[3]   ; 20.845 ; 20.845 ; 20.845 ; 20.845 ;
; dipswitch2[5] ; LEDmod[4]   ; 20.789 ; 20.789 ; 20.789 ; 20.789 ;
; dipswitch2[5] ; LEDmod[5]   ; 20.793 ; 20.793 ; 20.793 ; 20.793 ;
; dipswitch2[5] ; LEDmod[6]   ; 20.861 ; 20.861 ; 20.861 ; 20.861 ;
; dipswitch2[5] ; VALUE[0]    ; 10.919 ; 10.919 ; 10.919 ; 10.919 ;
; dipswitch2[5] ; VALUE[1]    ; 10.315 ; 10.315 ; 10.315 ; 10.315 ;
; dipswitch2[5] ; VALUE[2]    ; 10.603 ; 10.603 ; 10.603 ; 10.603 ;
; dipswitch2[5] ; VALUE[3]    ; 10.996 ; 11.033 ; 11.033 ; 10.996 ;
; dipswitch2[5] ; VALUE[4]    ; 12.944 ; 12.944 ; 12.944 ; 12.944 ;
; dipswitch2[5] ; VALUE[5]    ; 9.660  ; 10.991 ; 10.991 ; 9.660  ;
+---------------+-------------+--------+--------+--------+--------+


+-------------------------------------------------------------+
; Minimum Progagation Delay                                   ;
+---------------+-------------+-------+-------+-------+-------+
; Input Port    ; Output Port ; RR    ; RF    ; FR    ; FF    ;
+---------------+-------------+-------+-------+-------+-------+
; dipswitch2[0] ; LEDfloor[0] ; 4.882 ; 4.882 ; 4.882 ; 4.882 ;
; dipswitch2[0] ; LEDfloor[2] ; 4.786 ; 4.786 ; 4.786 ; 4.786 ;
; dipswitch2[0] ; LEDfloor[3] ; 4.797 ; 4.797 ; 4.797 ; 4.797 ;
; dipswitch2[0] ; LEDfloor[4] ; 4.930 ; 4.930 ; 4.930 ; 4.930 ;
; dipswitch2[0] ; LEDfloor[5] ; 4.931 ; 4.931 ; 4.931 ; 4.931 ;
; dipswitch2[0] ; LEDfloor[6] ; 4.935 ; 4.935 ; 4.935 ; 4.935 ;
; dipswitch2[0] ; LEDmod[0]   ; 5.449 ; 5.449 ; 5.449 ; 5.449 ;
; dipswitch2[0] ; LEDmod[1]   ; 5.596 ; 5.596 ; 5.596 ; 5.596 ;
; dipswitch2[0] ; LEDmod[2]   ; 5.598 ; 5.598 ; 5.598 ; 5.598 ;
; dipswitch2[0] ; LEDmod[3]   ; 5.453 ; 5.453 ; 5.453 ; 5.453 ;
; dipswitch2[0] ; LEDmod[4]   ; 5.437 ; 5.437 ; 5.437 ; 5.437 ;
; dipswitch2[0] ; LEDmod[5]   ; 5.447 ; 5.447 ; 5.447 ; 5.447 ;
; dipswitch2[0] ; LEDmod[6]   ; 5.467 ; 5.467 ; 5.467 ; 5.467 ;
; dipswitch2[0] ; VALUE[0]    ; 4.703 ; 4.703 ; 4.703 ; 4.703 ;
; dipswitch2[0] ; VALUE[1]    ; 4.556 ; 4.556 ; 4.556 ; 4.556 ;
; dipswitch2[0] ; VALUE[2]    ; 4.646 ; 4.646 ; 4.646 ; 4.646 ;
; dipswitch2[0] ; VALUE[3]    ; 4.583 ; 4.782 ; 4.782 ; 4.583 ;
; dipswitch2[0] ; VALUE[4]    ; 5.511 ; 5.585 ; 5.585 ; 5.511 ;
; dipswitch2[0] ; VALUE[5]    ; 4.709 ; 4.709 ; 4.709 ; 4.709 ;
; dipswitch2[1] ; LEDfloor[0] ; 5.160 ; 5.160 ; 5.160 ; 5.160 ;
; dipswitch2[1] ; LEDfloor[2] ; 5.064 ; 5.064 ; 5.064 ; 5.064 ;
; dipswitch2[1] ; LEDfloor[3] ; 5.075 ; 5.075 ; 5.075 ; 5.075 ;
; dipswitch2[1] ; LEDfloor[4] ; 5.208 ; 5.234 ; 5.234 ; 5.208 ;
; dipswitch2[1] ; LEDfloor[5] ; 5.209 ; 5.209 ; 5.209 ; 5.209 ;
; dipswitch2[1] ; LEDfloor[6] ; 5.236 ; 5.213 ; 5.213 ; 5.236 ;
; dipswitch2[1] ; LEDmod[0]   ; 5.461 ; 5.461 ; 5.461 ; 5.461 ;
; dipswitch2[1] ; LEDmod[1]   ; 5.607 ; 5.607 ; 5.607 ; 5.607 ;
; dipswitch2[1] ; LEDmod[2]   ; 5.615 ; 5.615 ; 5.615 ; 5.615 ;
; dipswitch2[1] ; LEDmod[3]   ; 5.462 ; 5.462 ; 5.462 ; 5.462 ;
; dipswitch2[1] ; LEDmod[4]   ; 5.449 ; 5.449 ; 5.449 ; 5.449 ;
; dipswitch2[1] ; LEDmod[5]   ; 5.459 ; 5.459 ; 5.459 ; 5.459 ;
; dipswitch2[1] ; LEDmod[6]   ; 5.477 ; 5.477 ; 5.477 ; 5.477 ;
; dipswitch2[1] ; VALUE[0]    ; 4.736 ; 4.736 ; 4.736 ; 4.736 ;
; dipswitch2[1] ; VALUE[1]    ; 4.641 ; 4.641 ; 4.641 ; 4.641 ;
; dipswitch2[1] ; VALUE[2]    ; 4.548 ; 4.548 ; 4.548 ; 4.548 ;
; dipswitch2[1] ; VALUE[3]    ; 4.608 ; 4.608 ; 4.608 ; 4.608 ;
; dipswitch2[1] ; VALUE[4]    ; 5.647 ; 5.647 ; 5.647 ; 5.647 ;
; dipswitch2[1] ; VALUE[5]    ; 4.987 ; 5.058 ; 5.058 ; 4.987 ;
; dipswitch2[2] ; LEDfloor[0] ; 4.735 ; 4.735 ; 4.735 ; 4.735 ;
; dipswitch2[2] ; LEDfloor[2] ; 4.639 ; 4.639 ; 4.639 ; 4.639 ;
; dipswitch2[2] ; LEDfloor[3] ; 4.650 ; 4.650 ; 4.650 ; 4.650 ;
; dipswitch2[2] ; LEDfloor[4] ; 4.906 ; 4.783 ; 4.783 ; 4.906 ;
; dipswitch2[2] ; LEDfloor[5] ; 4.784 ; 4.784 ; 4.784 ; 4.784 ;
; dipswitch2[2] ; LEDfloor[6] ; 4.788 ; 5.163 ; 5.163 ; 4.788 ;
; dipswitch2[2] ; LEDmod[0]   ; 5.302 ; 5.302 ; 5.302 ; 5.302 ;
; dipswitch2[2] ; LEDmod[1]   ; 5.449 ; 5.449 ; 5.449 ; 5.449 ;
; dipswitch2[2] ; LEDmod[2]   ; 5.451 ; 5.451 ; 5.451 ; 5.451 ;
; dipswitch2[2] ; LEDmod[3]   ; 5.306 ; 5.306 ; 5.306 ; 5.306 ;
; dipswitch2[2] ; LEDmod[4]   ; 5.290 ; 5.290 ; 5.290 ; 5.290 ;
; dipswitch2[2] ; LEDmod[5]   ; 5.300 ; 5.300 ; 5.300 ; 5.300 ;
; dipswitch2[2] ; LEDmod[6]   ; 5.320 ; 5.320 ; 5.320 ; 5.320 ;
; dipswitch2[2] ; VALUE[0]    ; 4.840 ; 4.689 ; 4.689 ; 4.840 ;
; dipswitch2[2] ; VALUE[1]    ; 4.735 ; 4.456 ; 4.456 ; 4.735 ;
; dipswitch2[2] ; VALUE[2]    ; 4.653 ; 4.396 ; 4.396 ; 4.653 ;
; dipswitch2[2] ; VALUE[3]    ; 4.581 ; 4.545 ; 4.545 ; 4.581 ;
; dipswitch2[2] ; VALUE[4]    ; 5.784 ; 5.430 ; 5.430 ; 5.784 ;
; dipswitch2[2] ; VALUE[5]    ; 4.937 ; 4.562 ; 4.562 ; 4.937 ;
; dipswitch2[3] ; LEDfloor[0] ; 4.523 ; 4.523 ; 4.523 ; 4.523 ;
; dipswitch2[3] ; LEDfloor[2] ; 4.427 ; 4.427 ; 4.427 ; 4.427 ;
; dipswitch2[3] ; LEDfloor[3] ; 4.438 ; 4.438 ; 4.438 ; 4.438 ;
; dipswitch2[3] ; LEDfloor[4] ; 4.603 ; 4.571 ; 4.571 ; 4.603 ;
; dipswitch2[3] ; LEDfloor[5] ; 4.572 ; 4.572 ; 4.572 ; 4.572 ;
; dipswitch2[3] ; LEDfloor[6] ; 4.576 ; 4.608 ; 4.608 ; 4.576 ;
; dipswitch2[3] ; LEDmod[0]   ; 4.863 ; 4.863 ; 4.863 ; 4.863 ;
; dipswitch2[3] ; LEDmod[1]   ; 5.011 ; 5.011 ; 5.011 ; 5.011 ;
; dipswitch2[3] ; LEDmod[2]   ; 5.013 ; 5.013 ; 5.013 ; 5.013 ;
; dipswitch2[3] ; LEDmod[3]   ; 4.867 ; 4.867 ; 4.867 ; 4.867 ;
; dipswitch2[3] ; LEDmod[4]   ; 4.850 ; 4.850 ; 4.850 ; 4.850 ;
; dipswitch2[3] ; LEDmod[5]   ; 4.860 ; 4.860 ; 4.860 ; 4.860 ;
; dipswitch2[3] ; LEDmod[6]   ; 4.881 ; 4.881 ; 4.881 ; 4.881 ;
; dipswitch2[3] ; VALUE[0]    ; 3.998 ; 4.121 ; 4.121 ; 3.998 ;
; dipswitch2[3] ; VALUE[1]    ; 3.883 ; 3.881 ; 3.881 ; 3.883 ;
; dipswitch2[3] ; VALUE[2]    ; 3.981 ; 3.982 ; 3.982 ; 3.981 ;
; dipswitch2[3] ; VALUE[3]    ; 4.243 ; 4.496 ; 4.496 ; 4.243 ;
; dipswitch2[3] ; VALUE[4]    ; 5.330 ; 5.330 ; 5.330 ; 5.330 ;
; dipswitch2[3] ; VALUE[5]    ; 4.382 ; 4.350 ; 4.350 ; 4.382 ;
; dipswitch2[4] ; LEDfloor[0] ; 5.018 ; 5.018 ; 5.018 ; 5.018 ;
; dipswitch2[4] ; LEDfloor[2] ; 4.922 ; 4.922 ; 4.922 ; 4.922 ;
; dipswitch2[4] ; LEDfloor[3] ; 4.933 ; 4.933 ; 4.933 ; 4.933 ;
; dipswitch2[4] ; LEDfloor[4] ; 5.084 ; 5.066 ; 5.066 ; 5.084 ;
; dipswitch2[4] ; LEDfloor[5] ; 5.067 ; 5.067 ; 5.067 ; 5.067 ;
; dipswitch2[4] ; LEDfloor[6] ; 5.071 ; 5.089 ; 5.089 ; 5.071 ;
; dipswitch2[4] ; LEDmod[0]   ; 5.585 ; 5.585 ; 5.585 ; 5.585 ;
; dipswitch2[4] ; LEDmod[1]   ; 5.732 ; 5.732 ; 5.732 ; 5.732 ;
; dipswitch2[4] ; LEDmod[2]   ; 5.734 ; 5.734 ; 5.734 ; 5.734 ;
; dipswitch2[4] ; LEDmod[3]   ; 5.589 ; 5.589 ; 5.589 ; 5.589 ;
; dipswitch2[4] ; LEDmod[4]   ; 5.573 ; 5.573 ; 5.573 ; 5.573 ;
; dipswitch2[4] ; LEDmod[5]   ; 5.583 ; 5.583 ; 5.583 ; 5.583 ;
; dipswitch2[4] ; LEDmod[6]   ; 5.603 ; 5.603 ; 5.603 ; 5.603 ;
; dipswitch2[4] ; VALUE[0]    ; 5.060 ; 4.911 ; 4.911 ; 5.060 ;
; dipswitch2[4] ; VALUE[1]    ; 4.926 ; 4.670 ; 4.670 ; 4.926 ;
; dipswitch2[4] ; VALUE[2]    ; 4.916 ; 4.884 ; 4.884 ; 4.916 ;
; dipswitch2[4] ; VALUE[3]    ; 4.808 ; 4.824 ; 4.824 ; 4.808 ;
; dipswitch2[4] ; VALUE[4]    ; 5.378 ; 5.233 ; 5.233 ; 5.378 ;
; dipswitch2[4] ; VALUE[5]    ; 4.863 ; 4.845 ; 4.845 ; 4.863 ;
; dipswitch2[5] ; LEDfloor[0] ; 4.516 ; 4.516 ; 4.516 ; 4.516 ;
; dipswitch2[5] ; LEDfloor[2] ; 4.420 ; 4.420 ; 4.420 ; 4.420 ;
; dipswitch2[5] ; LEDfloor[3] ; 4.431 ; 4.431 ; 4.431 ; 4.431 ;
; dipswitch2[5] ; LEDfloor[4] ; 4.564 ; 4.564 ; 4.564 ; 4.564 ;
; dipswitch2[5] ; LEDfloor[5] ; 4.565 ; 4.565 ; 4.565 ; 4.565 ;
; dipswitch2[5] ; LEDfloor[6] ; 4.569 ; 4.569 ; 4.569 ; 4.569 ;
; dipswitch2[5] ; LEDmod[0]   ; 5.083 ; 5.083 ; 5.083 ; 5.083 ;
; dipswitch2[5] ; LEDmod[1]   ; 5.230 ; 5.230 ; 5.230 ; 5.230 ;
; dipswitch2[5] ; LEDmod[2]   ; 5.232 ; 5.232 ; 5.232 ; 5.232 ;
; dipswitch2[5] ; LEDmod[3]   ; 5.087 ; 5.087 ; 5.087 ; 5.087 ;
; dipswitch2[5] ; LEDmod[4]   ; 5.071 ; 5.071 ; 5.071 ; 5.071 ;
; dipswitch2[5] ; LEDmod[5]   ; 5.081 ; 5.081 ; 5.081 ; 5.081 ;
; dipswitch2[5] ; LEDmod[6]   ; 5.101 ; 5.101 ; 5.101 ; 5.101 ;
; dipswitch2[5] ; VALUE[0]    ; 4.515 ; 4.324 ; 4.324 ; 4.515 ;
; dipswitch2[5] ; VALUE[1]    ; 4.354 ; 4.350 ; 4.350 ; 4.354 ;
; dipswitch2[5] ; VALUE[2]    ; 4.464 ; 4.317 ; 4.317 ; 4.464 ;
; dipswitch2[5] ; VALUE[3]    ; 4.637 ; 4.637 ; 4.637 ; 4.637 ;
; dipswitch2[5] ; VALUE[4]    ; 5.471 ; 4.769 ; 4.769 ; 5.471 ;
; dipswitch2[5] ; VALUE[5]    ; 4.343 ; 4.343 ; 4.343 ; 4.343 ;
+---------------+-------------+-------+-------+-------+-------+


-------------------
; Clock Transfers ;
-------------------
Nothing to report.


---------------
; Report TCCS ;
---------------
No dedicated SERDES Transmitter circuitry present in device or used in design


---------------
; Report RSKM ;
---------------
No dedicated SERDES Receiver circuitry present in device or used in design


+------------------------------------------------+
; Unconstrained Paths                            ;
+---------------------------------+-------+------+
; Property                        ; Setup ; Hold ;
+---------------------------------+-------+------+
; Illegal Clocks                  ; 0     ; 0    ;
; Unconstrained Clocks            ; 1     ; 1    ;
; Unconstrained Input Ports       ; 10    ; 10   ;
; Unconstrained Input Port Paths  ; 507   ; 507  ;
; Unconstrained Output Ports      ; 28    ; 28   ;
; Unconstrained Output Port Paths ; 4501  ; 4501 ;
+---------------------------------+-------+------+


+------------------------------------+
; TimeQuest Timing Analyzer Messages ;
+------------------------------------+
Info: *******************************************************************
Info: Running Quartus II 64-Bit TimeQuest Timing Analyzer
    Info: Version 13.0.1 Build 232 06/12/2013 Service Pack 1 SJ Web Edition
    Info: Processing started: Tue Oct 31 14:11:36 2017
Info: Command: quartus_sta g21_lab3 -c g21_lab3
Info: qsta_default_script.tcl version: #1
Info (11104): Parallel Compilation has detected 8 hyper-threaded processors. However, the extra hyper-threaded processors will not be used by default. Parallel Compilation will use 4 of the 4 physical processors detected instead.
Info (21077): Low junction temperature is 0 degrees C
Info (21077): High junction temperature is 85 degrees C
Info (332164): Evaluating HDL-embedded SDC commands
    Info (332165): Entity sld_jtag_hub
        Info (332166): create_clock -name altera_reserved_tck [get_ports {altera_reserved_tck}] -period 10MHz   
        Info (332166): set_clock_groups -asynchronous -group {altera_reserved_tck}
Critical Warning (332012): Synopsys Design Constraints File file not found: 'g21_lab3.sdc'. A Synopsys Design Constraints File is required by the TimeQuest Timing Analyzer to get proper timing constraints. Without it, the Compiler will not properly optimize the design.
Warning (332060): Node: CLK was determined to be a clock but was found without an associated clock assignment.
Info: Found TIMEQUEST_REPORT_SCRIPT_INCLUDE_DEFAULT_ANALYSIS = ON
Info: Analyzing Slow Model
Info (332140): No fmax paths to report
Info (332140): No Setup paths to report
Info (332140): No Hold paths to report
Info (332140): No Recovery paths to report
Info (332140): No Removal paths to report
Info (332146): Worst-case minimum pulse width slack is 97.531
    Info (332119):     Slack End Point TNS Clock 
    Info (332119): ========= ============= =====================
    Info (332119):    97.531         0.000 altera_reserved_tck 
Info (332001): The selected device family is not supported by the report_metastability command.
Info: Analyzing Fast Model
Warning (332060): Node: CLK was determined to be a clock but was found without an associated clock assignment.
Info (332140): No Setup paths to report
Info (332140): No Hold paths to report
Info (332140): No Recovery paths to report
Info (332140): No Removal paths to report
Info (332146): Worst-case minimum pulse width slack is 97.778
    Info (332119):     Slack End Point TNS Clock 
    Info (332119): ========= ============= =====================
    Info (332119):    97.778         0.000 altera_reserved_tck 
Info (332001): The selected device family is not supported by the report_metastability command.
Info (332102): Design is not fully constrained for setup requirements
Info (332102): Design is not fully constrained for hold requirements
Info: Quartus II 64-Bit TimeQuest Timing Analyzer was successful. 0 errors, 3 warnings
    Info: Peak virtual memory: 503 megabytes
    Info: Processing ended: Tue Oct 31 14:11:38 2017
    Info: Elapsed time: 00:00:02
    Info: Total CPU time (on all processors): 00:00:01


