TimeQuest Timing Analyzer report for g21_lab3
Fri Nov 17 15:05:29 2017
Quartus II 64-Bit Version 13.0.1 Build 232 06/12/2013 Service Pack 1 SJ Web Edition


---------------------
; Table of Contents ;
---------------------
  1. Legal Notice
  2. TimeQuest Timing Analyzer Summary
  3. Parallel Compilation
  4. Clocks
  5. Slow Model Fmax Summary
  6. Slow Model Setup Summary
  7. Slow Model Hold Summary
  8. Slow Model Recovery Summary
  9. Slow Model Removal Summary
 10. Slow Model Minimum Pulse Width Summary
 11. Slow Model Minimum Pulse Width: 'altera_reserved_tck'
 12. Propagation Delay
 13. Minimum Propagation Delay
 14. Fast Model Setup Summary
 15. Fast Model Hold Summary
 16. Fast Model Recovery Summary
 17. Fast Model Removal Summary
 18. Fast Model Minimum Pulse Width Summary
 19. Fast Model Minimum Pulse Width: 'altera_reserved_tck'
 20. Propagation Delay
 21. Minimum Propagation Delay
 22. Multicorner Timing Analysis Summary
 23. Progagation Delay
 24. Minimum Progagation Delay
 25. Clock Transfers
 26. Report TCCS
 27. Report RSKM
 28. Unconstrained Paths
 29. TimeQuest Timing Analyzer Messages



----------------
; Legal Notice ;
----------------
Copyright (C) 1991-2013 Altera Corporation
Your use of Altera Corporation's design tools, logic functions 
and other software and tools, and its AMPP partner logic 
functions, and any output files from any of the foregoing 
(including device programming or simulation files), and any 
associated documentation or information are expressly subject 
to the terms and conditions of the Altera Program License 
Subscription Agreement, Altera MegaCore Function License 
Agreement, or other applicable license agreement, including, 
without limitation, that your use is for the sole purpose of 
programming logic devices manufactured by Altera and sold by 
Altera or its authorized distributors.  Please refer to the 
applicable agreement for further details.



+----------------------------------------------------------------------------------------+
; TimeQuest Timing Analyzer Summary                                                      ;
+--------------------+-------------------------------------------------------------------+
; Quartus II Version ; Version 13.0.1 Build 232 06/12/2013 Service Pack 1 SJ Web Edition ;
; Revision Name      ; g21_lab3                                                          ;
; Device Family      ; Cyclone II                                                        ;
; Device Name        ; EP2C20F484C7                                                      ;
; Timing Models      ; Final                                                             ;
; Delay Model        ; Combined                                                          ;
; Rise/Fall Delays   ; Unavailable                                                       ;
+--------------------+-------------------------------------------------------------------+


+------------------------------------------+
; Parallel Compilation                     ;
+----------------------------+-------------+
; Processors                 ; Number      ;
+----------------------------+-------------+
; Number detected on machine ; 8           ;
; Maximum allowed            ; 4           ;
;                            ;             ;
; Average used               ; 1.00        ;
; Maximum used               ; 1           ;
;                            ;             ;
; Usage by Processor         ; % Time Used ;
;     Processor 1            ; 100.0%      ;
;     Processors 2-8         ;   0.0%      ;
+----------------------------+-------------+


+-----------------------------------------------------------------------------------------------------------------------------------------------------------------------------------------------------------+
; Clocks                                                                                                                                                                                                    ;
+---------------------+------+---------+-----------+-------+--------+------------+-----------+-------------+-------+--------+-----------+------------+----------+--------+--------+-------------------------+
; Clock Name          ; Type ; Period  ; Frequency ; Rise  ; Fall   ; Duty Cycle ; Divide by ; Multiply by ; Phase ; Offset ; Edge List ; Edge Shift ; Inverted ; Master ; Source ; Targets                 ;
+---------------------+------+---------+-----------+-------+--------+------------+-----------+-------------+-------+--------+-----------+------------+----------+--------+--------+-------------------------+
; altera_reserved_tck ; Base ; 100.000 ; 10.0 MHz  ; 0.000 ; 50.000 ;            ;           ;             ;       ;        ;           ;            ;          ;        ;        ; { altera_reserved_tck } ;
+---------------------+------+---------+-----------+-------+--------+------------+-----------+-------------+-------+--------+-----------+------------+----------+--------+--------+-------------------------+


---------------------------
; Slow Model Fmax Summary ;
---------------------------
No paths to report.


----------------------------
; Slow Model Setup Summary ;
----------------------------
No paths to report.


---------------------------
; Slow Model Hold Summary ;
---------------------------
No paths to report.


-------------------------------
; Slow Model Recovery Summary ;
-------------------------------
No paths to report.


------------------------------
; Slow Model Removal Summary ;
------------------------------
No paths to report.


+----------------------------------------------+
; Slow Model Minimum Pulse Width Summary       ;
+---------------------+--------+---------------+
; Clock               ; Slack  ; End Point TNS ;
+---------------------+--------+---------------+
; altera_reserved_tck ; 97.531 ; 0.000         ;
+---------------------+--------+---------------+


+-------------------------------------------------------------------------------------------------------------+
; Slow Model Minimum Pulse Width: 'altera_reserved_tck'                                                       ;
+--------+--------------+----------------+-----------+---------------------+------------+---------------------+
; Slack  ; Actual Width ; Required Width ; Type      ; Clock               ; Clock Edge ; Target              ;
+--------+--------------+----------------+-----------+---------------------+------------+---------------------+
; 97.531 ; 100.000      ; 2.469          ; Port Rate ; altera_reserved_tck ; Rise       ; altera_reserved_tck ;
+--------+--------------+----------------+-----------+---------------------+------------+---------------------+


+-----------------------------------------------------------------+
; Propagation Delay                                               ;
+---------------+-------------+--------+--------+--------+--------+
; Input Port    ; Output Port ; RR     ; RF     ; FR     ; FF     ;
+---------------+-------------+--------+--------+--------+--------+
; dipswitch2[0] ; LEDfloor[0] ; 24.707 ; 24.707 ; 24.707 ; 24.707 ;
; dipswitch2[0] ; LEDfloor[2] ; 24.681 ; 24.681 ; 24.681 ; 24.681 ;
; dipswitch2[0] ; LEDfloor[3] ; 24.395 ; 24.395 ; 24.395 ; 24.395 ;
; dipswitch2[0] ; LEDfloor[4] ; 24.357 ; 24.357 ; 24.357 ; 24.357 ;
; dipswitch2[0] ; LEDfloor[5] ; 24.403 ; 24.403 ; 24.403 ; 24.403 ;
; dipswitch2[0] ; LEDfloor[6] ; 24.406 ; 24.406 ; 24.406 ; 24.406 ;
; dipswitch2[0] ; LEDmod[0]   ; 27.849 ; 27.849 ; 27.849 ; 27.849 ;
; dipswitch2[0] ; LEDmod[1]   ; 28.047 ; 28.047 ; 28.047 ; 28.047 ;
; dipswitch2[0] ; LEDmod[2]   ; 28.033 ; 28.033 ; 28.033 ; 28.033 ;
; dipswitch2[0] ; LEDmod[3]   ; 27.836 ; 27.836 ; 27.836 ; 27.836 ;
; dipswitch2[0] ; LEDmod[4]   ; 27.806 ; 27.806 ; 27.806 ; 27.806 ;
; dipswitch2[0] ; LEDmod[5]   ; 27.846 ; 27.846 ; 27.846 ; 27.846 ;
; dipswitch2[0] ; LEDmod[6]   ; 28.173 ; 28.173 ; 28.173 ; 28.173 ;
; dipswitch2[0] ; VALUE[0]    ; 15.857 ; 15.857 ; 15.857 ; 15.857 ;
; dipswitch2[0] ; VALUE[1]    ; 15.887 ; 15.887 ; 15.887 ; 15.887 ;
; dipswitch2[0] ; VALUE[2]    ; 16.448 ; 16.448 ; 16.448 ; 16.448 ;
; dipswitch2[0] ; VALUE[3]    ; 17.024 ; 17.024 ; 17.024 ; 17.024 ;
; dipswitch2[0] ; VALUE[4]    ; 16.490 ; 16.490 ; 16.490 ; 16.490 ;
; dipswitch2[0] ; VALUE[5]    ; 15.806 ; 15.845 ; 15.845 ; 15.806 ;
; dipswitch2[1] ; LEDfloor[0] ; 25.972 ; 25.972 ; 25.972 ; 25.972 ;
; dipswitch2[1] ; LEDfloor[2] ; 25.946 ; 25.946 ; 25.946 ; 25.946 ;
; dipswitch2[1] ; LEDfloor[3] ; 25.660 ; 25.660 ; 25.660 ; 25.660 ;
; dipswitch2[1] ; LEDfloor[4] ; 25.622 ; 25.622 ; 25.622 ; 25.622 ;
; dipswitch2[1] ; LEDfloor[5] ; 25.668 ; 25.668 ; 25.668 ; 25.668 ;
; dipswitch2[1] ; LEDfloor[6] ; 25.671 ; 25.671 ; 25.671 ; 25.671 ;
; dipswitch2[1] ; LEDmod[0]   ; 29.114 ; 29.114 ; 29.114 ; 29.114 ;
; dipswitch2[1] ; LEDmod[1]   ; 29.312 ; 29.312 ; 29.312 ; 29.312 ;
; dipswitch2[1] ; LEDmod[2]   ; 29.298 ; 29.298 ; 29.298 ; 29.298 ;
; dipswitch2[1] ; LEDmod[3]   ; 29.101 ; 29.101 ; 29.101 ; 29.101 ;
; dipswitch2[1] ; LEDmod[4]   ; 29.071 ; 29.071 ; 29.071 ; 29.071 ;
; dipswitch2[1] ; LEDmod[5]   ; 29.111 ; 29.111 ; 29.111 ; 29.111 ;
; dipswitch2[1] ; LEDmod[6]   ; 29.438 ; 29.438 ; 29.438 ; 29.438 ;
; dipswitch2[1] ; VALUE[0]    ; 16.910 ; 16.910 ; 16.910 ; 16.910 ;
; dipswitch2[1] ; VALUE[1]    ; 17.131 ; 17.131 ; 17.131 ; 17.131 ;
; dipswitch2[1] ; VALUE[2]    ; 17.764 ; 17.764 ; 17.764 ; 17.764 ;
; dipswitch2[1] ; VALUE[3]    ; 18.289 ; 18.289 ; 18.289 ; 18.289 ;
; dipswitch2[1] ; VALUE[4]    ; 17.227 ; 17.227 ; 17.227 ; 17.227 ;
; dipswitch2[1] ; VALUE[5]    ; 17.057 ; 17.057 ; 17.057 ; 17.057 ;
; dipswitch2[2] ; LEDfloor[0] ; 23.878 ; 23.878 ; 23.878 ; 23.878 ;
; dipswitch2[2] ; LEDfloor[2] ; 23.852 ; 23.852 ; 23.852 ; 23.852 ;
; dipswitch2[2] ; LEDfloor[3] ; 23.566 ; 23.566 ; 23.566 ; 23.566 ;
; dipswitch2[2] ; LEDfloor[4] ; 23.528 ; 23.528 ; 23.528 ; 23.528 ;
; dipswitch2[2] ; LEDfloor[5] ; 23.574 ; 23.574 ; 23.574 ; 23.574 ;
; dipswitch2[2] ; LEDfloor[6] ; 23.577 ; 23.393 ; 23.393 ; 23.577 ;
; dipswitch2[2] ; LEDmod[0]   ; 27.020 ; 27.020 ; 27.020 ; 27.020 ;
; dipswitch2[2] ; LEDmod[1]   ; 27.218 ; 27.218 ; 27.218 ; 27.218 ;
; dipswitch2[2] ; LEDmod[2]   ; 27.204 ; 27.204 ; 27.204 ; 27.204 ;
; dipswitch2[2] ; LEDmod[3]   ; 27.007 ; 27.007 ; 27.007 ; 27.007 ;
; dipswitch2[2] ; LEDmod[4]   ; 26.977 ; 26.977 ; 26.977 ; 26.977 ;
; dipswitch2[2] ; LEDmod[5]   ; 27.017 ; 27.017 ; 27.017 ; 27.017 ;
; dipswitch2[2] ; LEDmod[6]   ; 27.344 ; 27.344 ; 27.344 ; 27.344 ;
; dipswitch2[2] ; VALUE[0]    ; 14.708 ; 14.708 ; 14.708 ; 14.708 ;
; dipswitch2[2] ; VALUE[1]    ; 14.130 ; 14.532 ; 14.532 ; 14.130 ;
; dipswitch2[2] ; VALUE[2]    ; 15.635 ; 15.635 ; 15.635 ; 15.635 ;
; dipswitch2[2] ; VALUE[3]    ; 16.011 ; 16.195 ; 16.195 ; 16.011 ;
; dipswitch2[2] ; VALUE[4]    ; 15.478 ; 15.478 ; 15.478 ; 15.478 ;
; dipswitch2[2] ; VALUE[5]    ; 14.129 ; 14.679 ; 14.679 ; 14.129 ;
; dipswitch2[3] ; LEDfloor[0] ; 23.776 ; 23.776 ; 23.776 ; 23.776 ;
; dipswitch2[3] ; LEDfloor[2] ; 23.750 ; 23.750 ; 23.750 ; 23.750 ;
; dipswitch2[3] ; LEDfloor[3] ; 23.464 ; 23.464 ; 23.464 ; 23.464 ;
; dipswitch2[3] ; LEDfloor[4] ; 23.426 ; 23.426 ; 23.426 ; 23.426 ;
; dipswitch2[3] ; LEDfloor[5] ; 23.472 ; 23.472 ; 23.472 ; 23.472 ;
; dipswitch2[3] ; LEDfloor[6] ; 22.680 ; 23.475 ; 23.475 ; 22.680 ;
; dipswitch2[3] ; LEDmod[0]   ; 26.918 ; 26.918 ; 26.918 ; 26.918 ;
; dipswitch2[3] ; LEDmod[1]   ; 27.116 ; 27.116 ; 27.116 ; 27.116 ;
; dipswitch2[3] ; LEDmod[2]   ; 27.102 ; 27.102 ; 27.102 ; 27.102 ;
; dipswitch2[3] ; LEDmod[3]   ; 26.905 ; 26.905 ; 26.905 ; 26.905 ;
; dipswitch2[3] ; LEDmod[4]   ; 26.875 ; 26.875 ; 26.875 ; 26.875 ;
; dipswitch2[3] ; LEDmod[5]   ; 26.915 ; 26.915 ; 26.915 ; 26.915 ;
; dipswitch2[3] ; LEDmod[6]   ; 27.242 ; 27.242 ; 27.242 ; 27.242 ;
; dipswitch2[3] ; VALUE[0]    ; 14.606 ; 14.606 ; 14.606 ; 14.606 ;
; dipswitch2[3] ; VALUE[1]    ; 13.725 ; 13.725 ; 13.725 ; 13.725 ;
; dipswitch2[3] ; VALUE[2]    ; 14.925 ; 14.925 ; 14.925 ; 14.925 ;
; dipswitch2[3] ; VALUE[3]    ; 16.093 ; 15.298 ; 15.298 ; 16.093 ;
; dipswitch2[3] ; VALUE[4]    ; 15.376 ; 15.376 ; 15.376 ; 15.376 ;
; dipswitch2[3] ; VALUE[5]    ; 14.009 ; 13.559 ; 13.559 ; 14.009 ;
; dipswitch2[4] ; LEDfloor[0] ; 23.153 ; 23.153 ; 23.153 ; 23.153 ;
; dipswitch2[4] ; LEDfloor[2] ; 23.127 ; 23.127 ; 23.127 ; 23.127 ;
; dipswitch2[4] ; LEDfloor[3] ; 22.841 ; 22.841 ; 22.841 ; 22.841 ;
; dipswitch2[4] ; LEDfloor[4] ; 22.803 ; 22.803 ; 22.803 ; 22.803 ;
; dipswitch2[4] ; LEDfloor[5] ; 22.849 ; 22.849 ; 22.849 ; 22.849 ;
; dipswitch2[4] ; LEDfloor[6] ; 22.852 ; 21.846 ; 21.846 ; 22.852 ;
; dipswitch2[4] ; LEDmod[0]   ; 26.295 ; 26.295 ; 26.295 ; 26.295 ;
; dipswitch2[4] ; LEDmod[1]   ; 26.493 ; 26.493 ; 26.493 ; 26.493 ;
; dipswitch2[4] ; LEDmod[2]   ; 26.479 ; 26.479 ; 26.479 ; 26.479 ;
; dipswitch2[4] ; LEDmod[3]   ; 26.282 ; 26.282 ; 26.282 ; 26.282 ;
; dipswitch2[4] ; LEDmod[4]   ; 26.252 ; 26.252 ; 26.252 ; 26.252 ;
; dipswitch2[4] ; LEDmod[5]   ; 26.292 ; 26.292 ; 26.292 ; 26.292 ;
; dipswitch2[4] ; LEDmod[6]   ; 26.619 ; 26.619 ; 26.619 ; 26.619 ;
; dipswitch2[4] ; VALUE[0]    ; 13.847 ; 14.445 ; 14.445 ; 13.847 ;
; dipswitch2[4] ; VALUE[1]    ; 13.350 ; 14.348 ; 14.348 ; 13.350 ;
; dipswitch2[4] ; VALUE[2]    ; 14.214 ; 14.443 ; 14.443 ; 14.214 ;
; dipswitch2[4] ; VALUE[3]    ; 14.454 ; 15.470 ; 15.470 ; 14.454 ;
; dipswitch2[4] ; VALUE[4]    ; 14.747 ; 14.747 ; 14.747 ; 14.747 ;
; dipswitch2[4] ; VALUE[5]    ; 12.721 ; 13.171 ; 13.171 ; 12.721 ;
; dipswitch2[5] ; LEDfloor[0] ; 23.812 ; 23.812 ; 23.812 ; 23.812 ;
; dipswitch2[5] ; LEDfloor[2] ; 23.786 ; 23.786 ; 23.786 ; 23.786 ;
; dipswitch2[5] ; LEDfloor[3] ; 23.500 ; 23.500 ; 23.500 ; 23.500 ;
; dipswitch2[5] ; LEDfloor[4] ; 23.462 ; 23.462 ; 23.462 ; 23.462 ;
; dipswitch2[5] ; LEDfloor[5] ; 23.508 ; 23.508 ; 23.508 ; 23.508 ;
; dipswitch2[5] ; LEDfloor[6] ; 23.511 ; 22.594 ; 22.594 ; 23.511 ;
; dipswitch2[5] ; LEDmod[0]   ; 26.954 ; 26.954 ; 26.954 ; 26.954 ;
; dipswitch2[5] ; LEDmod[1]   ; 27.152 ; 27.152 ; 27.152 ; 27.152 ;
; dipswitch2[5] ; LEDmod[2]   ; 27.138 ; 27.138 ; 27.138 ; 27.138 ;
; dipswitch2[5] ; LEDmod[3]   ; 26.941 ; 26.941 ; 26.941 ; 26.941 ;
; dipswitch2[5] ; LEDmod[4]   ; 26.911 ; 26.911 ; 26.911 ; 26.911 ;
; dipswitch2[5] ; LEDmod[5]   ; 26.951 ; 26.951 ; 26.951 ; 26.951 ;
; dipswitch2[5] ; LEDmod[6]   ; 27.278 ; 27.278 ; 27.278 ; 27.278 ;
; dipswitch2[5] ; VALUE[0]    ; 14.642 ; 14.642 ; 14.642 ; 14.642 ;
; dipswitch2[5] ; VALUE[1]    ; 13.761 ; 14.206 ; 14.206 ; 13.761 ;
; dipswitch2[5] ; VALUE[2]    ; 14.962 ; 14.962 ; 14.962 ; 14.962 ;
; dipswitch2[5] ; VALUE[3]    ; 15.113 ; 16.129 ; 16.129 ; 15.113 ;
; dipswitch2[5] ; VALUE[4]    ; 15.412 ; 15.412 ; 15.412 ; 15.412 ;
; dipswitch2[5] ; VALUE[5]    ; 11.992 ; 13.029 ; 13.029 ; 11.992 ;
+---------------+-------------+--------+--------+--------+--------+


+-----------------------------------------------------------------+
; Minimum Propagation Delay                                       ;
+---------------+-------------+--------+--------+--------+--------+
; Input Port    ; Output Port ; RR     ; RF     ; FR     ; FF     ;
+---------------+-------------+--------+--------+--------+--------+
; dipswitch2[0] ; LEDfloor[0] ; 14.378 ; 14.378 ; 14.378 ; 14.378 ;
; dipswitch2[0] ; LEDfloor[2] ; 14.352 ; 14.352 ; 14.352 ; 14.352 ;
; dipswitch2[0] ; LEDfloor[3] ; 14.066 ; 14.066 ; 14.066 ; 14.066 ;
; dipswitch2[0] ; LEDfloor[4] ; 14.028 ; 14.028 ; 14.028 ; 14.028 ;
; dipswitch2[0] ; LEDfloor[5] ; 14.074 ; 14.074 ; 14.074 ; 14.074 ;
; dipswitch2[0] ; LEDfloor[6] ; 14.044 ; 14.044 ; 14.044 ; 14.044 ;
; dipswitch2[0] ; LEDmod[0]   ; 14.633 ; 14.633 ; 14.633 ; 14.633 ;
; dipswitch2[0] ; LEDmod[1]   ; 14.831 ; 14.831 ; 14.831 ; 14.831 ;
; dipswitch2[0] ; LEDmod[2]   ; 14.817 ; 14.817 ; 14.817 ; 14.817 ;
; dipswitch2[0] ; LEDmod[3]   ; 14.620 ; 14.620 ; 14.620 ; 14.620 ;
; dipswitch2[0] ; LEDmod[4]   ; 14.590 ; 14.590 ; 14.590 ; 14.590 ;
; dipswitch2[0] ; LEDmod[5]   ; 14.630 ; 14.630 ; 14.630 ; 14.630 ;
; dipswitch2[0] ; LEDmod[6]   ; 14.957 ; 14.957 ; 14.957 ; 14.957 ;
; dipswitch2[0] ; VALUE[0]    ; 13.643 ; 13.643 ; 13.643 ; 13.643 ;
; dipswitch2[0] ; VALUE[1]    ; 13.721 ; 13.721 ; 13.721 ; 13.721 ;
; dipswitch2[0] ; VALUE[2]    ; 13.711 ; 13.711 ; 13.711 ; 13.711 ;
; dipswitch2[0] ; VALUE[3]    ; 12.525 ; 12.525 ; 12.525 ; 12.525 ;
; dipswitch2[0] ; VALUE[4]    ; 14.239 ; 14.239 ; 14.239 ; 14.239 ;
; dipswitch2[0] ; VALUE[5]    ; 12.638 ; 12.638 ; 12.638 ; 12.638 ;
; dipswitch2[1] ; LEDfloor[0] ; 14.672 ; 14.672 ; 14.672 ; 14.672 ;
; dipswitch2[1] ; LEDfloor[2] ; 14.683 ; 14.683 ; 14.683 ; 14.683 ;
; dipswitch2[1] ; LEDfloor[3] ; 14.360 ; 14.360 ; 14.360 ; 14.360 ;
; dipswitch2[1] ; LEDfloor[4] ; 14.361 ; 14.671 ; 14.671 ; 14.361 ;
; dipswitch2[1] ; LEDfloor[5] ; 14.364 ; 14.364 ; 14.364 ; 14.364 ;
; dipswitch2[1] ; LEDfloor[6] ; 14.633 ; 14.323 ; 14.323 ; 14.633 ;
; dipswitch2[1] ; LEDmod[0]   ; 15.380 ; 15.380 ; 15.380 ; 15.380 ;
; dipswitch2[1] ; LEDmod[1]   ; 15.578 ; 15.578 ; 15.578 ; 15.578 ;
; dipswitch2[1] ; LEDmod[2]   ; 15.564 ; 15.564 ; 15.564 ; 15.564 ;
; dipswitch2[1] ; LEDmod[3]   ; 15.367 ; 15.367 ; 15.367 ; 15.367 ;
; dipswitch2[1] ; LEDmod[4]   ; 15.337 ; 15.337 ; 15.337 ; 15.337 ;
; dipswitch2[1] ; LEDmod[5]   ; 15.377 ; 15.377 ; 15.377 ; 15.377 ;
; dipswitch2[1] ; LEDmod[6]   ; 15.704 ; 15.704 ; 15.704 ; 15.704 ;
; dipswitch2[1] ; VALUE[0]    ; 13.987 ; 13.987 ; 13.987 ; 13.987 ;
; dipswitch2[1] ; VALUE[1]    ; 14.130 ; 14.130 ; 14.130 ; 14.130 ;
; dipswitch2[1] ; VALUE[2]    ; 13.719 ; 13.719 ; 13.719 ; 13.719 ;
; dipswitch2[1] ; VALUE[3]    ; 13.272 ; 13.272 ; 13.272 ; 13.272 ;
; dipswitch2[1] ; VALUE[4]    ; 13.676 ; 13.676 ; 13.676 ; 13.676 ;
; dipswitch2[1] ; VALUE[5]    ; 12.917 ; 13.227 ; 13.227 ; 12.917 ;
; dipswitch2[2] ; LEDfloor[0] ; 13.194 ; 13.194 ; 13.194 ; 13.194 ;
; dipswitch2[2] ; LEDfloor[2] ; 13.205 ; 13.205 ; 13.205 ; 13.205 ;
; dipswitch2[2] ; LEDfloor[3] ; 12.882 ; 12.882 ; 12.882 ; 12.882 ;
; dipswitch2[2] ; LEDfloor[4] ; 13.112 ; 12.883 ; 12.883 ; 13.112 ;
; dipswitch2[2] ; LEDfloor[5] ; 12.886 ; 12.886 ; 12.886 ; 12.886 ;
; dipswitch2[2] ; LEDfloor[6] ; 12.845 ; 13.074 ; 13.074 ; 12.845 ;
; dipswitch2[2] ; LEDmod[0]   ; 14.312 ; 14.312 ; 14.312 ; 14.312 ;
; dipswitch2[2] ; LEDmod[1]   ; 14.510 ; 14.510 ; 14.510 ; 14.510 ;
; dipswitch2[2] ; LEDmod[2]   ; 14.496 ; 14.496 ; 14.496 ; 14.496 ;
; dipswitch2[2] ; LEDmod[3]   ; 14.299 ; 14.299 ; 14.299 ; 14.299 ;
; dipswitch2[2] ; LEDmod[4]   ; 14.269 ; 14.269 ; 14.269 ; 14.269 ;
; dipswitch2[2] ; LEDmod[5]   ; 14.309 ; 14.309 ; 14.309 ; 14.309 ;
; dipswitch2[2] ; LEDmod[6]   ; 14.636 ; 14.636 ; 14.636 ; 14.636 ;
; dipswitch2[2] ; VALUE[0]    ; 12.813 ; 12.163 ; 12.163 ; 12.813 ;
; dipswitch2[2] ; VALUE[1]    ; 12.597 ; 11.865 ; 11.865 ; 12.597 ;
; dipswitch2[2] ; VALUE[2]    ; 11.630 ; 11.372 ; 11.372 ; 11.630 ;
; dipswitch2[2] ; VALUE[3]    ; 12.204 ; 12.409 ; 12.409 ; 12.204 ;
; dipswitch2[2] ; VALUE[4]    ; 12.822 ; 12.735 ; 12.735 ; 12.822 ;
; dipswitch2[2] ; VALUE[5]    ; 11.668 ; 11.439 ; 11.439 ; 11.668 ;
; dipswitch2[3] ; LEDfloor[0] ; 13.736 ; 13.736 ; 13.736 ; 13.736 ;
; dipswitch2[3] ; LEDfloor[2] ; 13.747 ; 13.747 ; 13.747 ; 13.747 ;
; dipswitch2[3] ; LEDfloor[3] ; 13.424 ; 13.424 ; 13.424 ; 13.424 ;
; dipswitch2[3] ; LEDfloor[4] ; 13.748 ; 13.425 ; 13.425 ; 13.748 ;
; dipswitch2[3] ; LEDfloor[5] ; 13.428 ; 13.428 ; 13.428 ; 13.428 ;
; dipswitch2[3] ; LEDfloor[6] ; 13.387 ; 13.746 ; 13.746 ; 13.387 ;
; dipswitch2[3] ; LEDmod[0]   ; 14.314 ; 14.314 ; 14.314 ; 14.314 ;
; dipswitch2[3] ; LEDmod[1]   ; 14.512 ; 14.512 ; 14.512 ; 14.512 ;
; dipswitch2[3] ; LEDmod[2]   ; 14.498 ; 14.498 ; 14.498 ; 14.498 ;
; dipswitch2[3] ; LEDmod[3]   ; 14.292 ; 14.292 ; 14.292 ; 14.292 ;
; dipswitch2[3] ; LEDmod[4]   ; 14.266 ; 14.266 ; 14.266 ; 14.266 ;
; dipswitch2[3] ; LEDmod[5]   ; 14.305 ; 14.305 ; 14.305 ; 14.305 ;
; dipswitch2[3] ; LEDmod[6]   ; 14.634 ; 14.634 ; 14.634 ; 14.634 ;
; dipswitch2[3] ; VALUE[0]    ; 12.330 ; 11.950 ; 11.950 ; 12.330 ;
; dipswitch2[3] ; VALUE[1]    ; 12.047 ; 11.654 ; 11.654 ; 12.047 ;
; dipswitch2[3] ; VALUE[2]    ; 12.183 ; 12.206 ; 12.206 ; 12.183 ;
; dipswitch2[3] ; VALUE[3]    ; 12.411 ; 12.997 ; 12.997 ; 12.411 ;
; dipswitch2[3] ; VALUE[4]    ; 13.571 ; 12.697 ; 12.697 ; 13.571 ;
; dipswitch2[3] ; VALUE[5]    ; 12.340 ; 11.981 ; 11.981 ; 12.340 ;
; dipswitch2[4] ; LEDfloor[0] ; 13.180 ; 13.180 ; 13.180 ; 13.180 ;
; dipswitch2[4] ; LEDfloor[2] ; 13.191 ; 13.191 ; 13.191 ; 13.191 ;
; dipswitch2[4] ; LEDfloor[3] ; 12.868 ; 12.868 ; 12.868 ; 12.868 ;
; dipswitch2[4] ; LEDfloor[4] ; 12.869 ; 13.615 ; 13.615 ; 12.869 ;
; dipswitch2[4] ; LEDfloor[5] ; 12.872 ; 12.872 ; 12.872 ; 12.872 ;
; dipswitch2[4] ; LEDfloor[6] ; 13.577 ; 12.831 ; 12.831 ; 13.577 ;
; dipswitch2[4] ; LEDmod[0]   ; 14.327 ; 14.327 ; 14.327 ; 14.327 ;
; dipswitch2[4] ; LEDmod[1]   ; 14.525 ; 14.525 ; 14.525 ; 14.525 ;
; dipswitch2[4] ; LEDmod[2]   ; 14.511 ; 14.511 ; 14.511 ; 14.511 ;
; dipswitch2[4] ; LEDmod[3]   ; 14.314 ; 14.314 ; 14.314 ; 14.314 ;
; dipswitch2[4] ; LEDmod[4]   ; 14.284 ; 14.284 ; 14.284 ; 14.284 ;
; dipswitch2[4] ; LEDmod[5]   ; 14.324 ; 14.324 ; 14.324 ; 14.324 ;
; dipswitch2[4] ; LEDmod[6]   ; 14.651 ; 14.651 ; 14.651 ; 14.651 ;
; dipswitch2[4] ; VALUE[0]    ; 12.256 ; 12.311 ; 12.311 ; 12.256 ;
; dipswitch2[4] ; VALUE[1]    ; 13.349 ; 12.014 ; 12.014 ; 13.349 ;
; dipswitch2[4] ; VALUE[2]    ; 11.606 ; 11.975 ; 11.975 ; 11.606 ;
; dipswitch2[4] ; VALUE[3]    ; 12.219 ; 12.918 ; 12.918 ; 12.219 ;
; dipswitch2[4] ; VALUE[4]    ; 13.020 ; 12.869 ; 12.869 ; 13.020 ;
; dipswitch2[4] ; VALUE[5]    ; 11.425 ; 12.171 ; 12.171 ; 11.425 ;
; dipswitch2[5] ; LEDfloor[0] ; 13.202 ; 13.202 ; 13.202 ; 13.202 ;
; dipswitch2[5] ; LEDfloor[2] ; 13.213 ; 13.213 ; 13.213 ; 13.213 ;
; dipswitch2[5] ; LEDfloor[3] ; 12.890 ; 12.890 ; 12.890 ; 12.890 ;
; dipswitch2[5] ; LEDfloor[4] ; 13.436 ; 12.891 ; 12.891 ; 13.436 ;
; dipswitch2[5] ; LEDfloor[5] ; 12.894 ; 12.894 ; 12.894 ; 12.894 ;
; dipswitch2[5] ; LEDfloor[6] ; 12.853 ; 13.398 ; 13.398 ; 12.853 ;
; dipswitch2[5] ; LEDmod[0]   ; 14.967 ; 14.967 ; 14.967 ; 14.967 ;
; dipswitch2[5] ; LEDmod[1]   ; 15.165 ; 15.165 ; 15.165 ; 15.165 ;
; dipswitch2[5] ; LEDmod[2]   ; 15.151 ; 15.151 ; 15.151 ; 15.151 ;
; dipswitch2[5] ; LEDmod[3]   ; 14.954 ; 14.954 ; 14.954 ; 14.954 ;
; dipswitch2[5] ; LEDmod[4]   ; 14.924 ; 14.924 ; 14.924 ; 14.924 ;
; dipswitch2[5] ; LEDmod[5]   ; 14.964 ; 14.964 ; 14.964 ; 14.964 ;
; dipswitch2[5] ; LEDmod[6]   ; 15.291 ; 15.291 ; 15.291 ; 15.291 ;
; dipswitch2[5] ; VALUE[0]    ; 13.466 ; 13.466 ; 13.466 ; 13.466 ;
; dipswitch2[5] ; VALUE[1]    ; 13.311 ; 13.311 ; 13.311 ; 13.311 ;
; dipswitch2[5] ; VALUE[2]    ; 13.936 ; 13.936 ; 13.936 ; 13.936 ;
; dipswitch2[5] ; VALUE[3]    ; 14.415 ; 14.529 ; 14.529 ; 14.415 ;
; dipswitch2[5] ; VALUE[4]    ; 14.708 ; 13.975 ; 13.975 ; 14.708 ;
; dipswitch2[5] ; VALUE[5]    ; 11.992 ; 11.447 ; 11.447 ; 11.992 ;
+---------------+-------------+--------+--------+--------+--------+


----------------------------
; Fast Model Setup Summary ;
----------------------------
No paths to report.


---------------------------
; Fast Model Hold Summary ;
---------------------------
No paths to report.


-------------------------------
; Fast Model Recovery Summary ;
-------------------------------
No paths to report.


------------------------------
; Fast Model Removal Summary ;
------------------------------
No paths to report.


+----------------------------------------------+
; Fast Model Minimum Pulse Width Summary       ;
+---------------------+--------+---------------+
; Clock               ; Slack  ; End Point TNS ;
+---------------------+--------+---------------+
; altera_reserved_tck ; 97.778 ; 0.000         ;
+---------------------+--------+---------------+


+-------------------------------------------------------------------------------------------------------------+
; Fast Model Minimum Pulse Width: 'altera_reserved_tck'                                                       ;
+--------+--------------+----------------+-----------+---------------------+------------+---------------------+
; Slack  ; Actual Width ; Required Width ; Type      ; Clock               ; Clock Edge ; Target              ;
+--------+--------------+----------------+-----------+---------------------+------------+---------------------+
; 97.778 ; 100.000      ; 2.222          ; Port Rate ; altera_reserved_tck ; Rise       ; altera_reserved_tck ;
+--------+--------------+----------------+-----------+---------------------+------------+---------------------+


+-----------------------------------------------------------------+
; Propagation Delay                                               ;
+---------------+-------------+--------+--------+--------+--------+
; Input Port    ; Output Port ; RR     ; RF     ; FR     ; FF     ;
+---------------+-------------+--------+--------+--------+--------+
; dipswitch2[0] ; LEDfloor[0] ; 9.873  ; 9.873  ; 9.873  ; 9.873  ;
; dipswitch2[0] ; LEDfloor[2] ; 9.893  ; 9.893  ; 9.893  ; 9.893  ;
; dipswitch2[0] ; LEDfloor[3] ; 9.768  ; 9.768  ; 9.768  ; 9.768  ;
; dipswitch2[0] ; LEDfloor[4] ; 9.775  ; 9.775  ; 9.775  ; 9.775  ;
; dipswitch2[0] ; LEDfloor[5] ; 9.774  ; 9.774  ; 9.774  ; 9.774  ;
; dipswitch2[0] ; LEDfloor[6] ; 9.777  ; 9.777  ; 9.777  ; 9.777  ;
; dipswitch2[0] ; LEDmod[0]   ; 10.999 ; 10.999 ; 10.999 ; 10.999 ;
; dipswitch2[0] ; LEDmod[1]   ; 11.148 ; 11.148 ; 11.148 ; 11.148 ;
; dipswitch2[0] ; LEDmod[2]   ; 11.143 ; 11.143 ; 11.143 ; 11.143 ;
; dipswitch2[0] ; LEDmod[3]   ; 10.990 ; 10.990 ; 10.990 ; 10.990 ;
; dipswitch2[0] ; LEDmod[4]   ; 10.966 ; 10.966 ; 10.966 ; 10.966 ;
; dipswitch2[0] ; LEDmod[5]   ; 10.998 ; 10.998 ; 10.998 ; 10.998 ;
; dipswitch2[0] ; LEDmod[6]   ; 11.130 ; 11.130 ; 11.130 ; 11.130 ;
; dipswitch2[0] ; VALUE[0]    ; 6.535  ; 6.535  ; 6.535  ; 6.535  ;
; dipswitch2[0] ; VALUE[1]    ; 6.566  ; 6.566  ; 6.566  ; 6.566  ;
; dipswitch2[0] ; VALUE[2]    ; 6.749  ; 6.749  ; 6.749  ; 6.749  ;
; dipswitch2[0] ; VALUE[3]    ; 6.991  ; 6.991  ; 6.991  ; 6.991  ;
; dipswitch2[0] ; VALUE[4]    ; 6.807  ; 6.807  ; 6.807  ; 6.807  ;
; dipswitch2[0] ; VALUE[5]    ; 6.590  ; 6.652  ; 6.652  ; 6.590  ;
; dipswitch2[1] ; LEDfloor[0] ; 10.413 ; 10.413 ; 10.413 ; 10.413 ;
; dipswitch2[1] ; LEDfloor[2] ; 10.433 ; 10.433 ; 10.433 ; 10.433 ;
; dipswitch2[1] ; LEDfloor[3] ; 10.308 ; 10.308 ; 10.308 ; 10.308 ;
; dipswitch2[1] ; LEDfloor[4] ; 10.315 ; 10.315 ; 10.315 ; 10.315 ;
; dipswitch2[1] ; LEDfloor[5] ; 10.314 ; 10.314 ; 10.314 ; 10.314 ;
; dipswitch2[1] ; LEDfloor[6] ; 10.317 ; 10.317 ; 10.317 ; 10.317 ;
; dipswitch2[1] ; LEDmod[0]   ; 11.539 ; 11.539 ; 11.539 ; 11.539 ;
; dipswitch2[1] ; LEDmod[1]   ; 11.688 ; 11.688 ; 11.688 ; 11.688 ;
; dipswitch2[1] ; LEDmod[2]   ; 11.683 ; 11.683 ; 11.683 ; 11.683 ;
; dipswitch2[1] ; LEDmod[3]   ; 11.530 ; 11.530 ; 11.530 ; 11.530 ;
; dipswitch2[1] ; LEDmod[4]   ; 11.506 ; 11.506 ; 11.506 ; 11.506 ;
; dipswitch2[1] ; LEDmod[5]   ; 11.538 ; 11.538 ; 11.538 ; 11.538 ;
; dipswitch2[1] ; LEDmod[6]   ; 11.670 ; 11.670 ; 11.670 ; 11.670 ;
; dipswitch2[1] ; VALUE[0]    ; 7.011  ; 7.011  ; 7.011  ; 7.011  ;
; dipswitch2[1] ; VALUE[1]    ; 7.094  ; 7.094  ; 7.094  ; 7.094  ;
; dipswitch2[1] ; VALUE[2]    ; 7.329  ; 7.329  ; 7.329  ; 7.329  ;
; dipswitch2[1] ; VALUE[3]    ; 7.531  ; 7.531  ; 7.531  ; 7.531  ;
; dipswitch2[1] ; VALUE[4]    ; 7.143  ; 7.143  ; 7.143  ; 7.143  ;
; dipswitch2[1] ; VALUE[5]    ; 7.122  ; 7.122  ; 7.122  ; 7.122  ;
; dipswitch2[2] ; LEDfloor[0] ; 9.684  ; 9.684  ; 9.684  ; 9.684  ;
; dipswitch2[2] ; LEDfloor[2] ; 9.704  ; 9.704  ; 9.704  ; 9.704  ;
; dipswitch2[2] ; LEDfloor[3] ; 9.579  ; 9.579  ; 9.579  ; 9.579  ;
; dipswitch2[2] ; LEDfloor[4] ; 9.586  ; 9.586  ; 9.586  ; 9.586  ;
; dipswitch2[2] ; LEDfloor[5] ; 9.585  ; 9.585  ; 9.585  ; 9.585  ;
; dipswitch2[2] ; LEDfloor[6] ; 9.588  ; 9.508  ; 9.508  ; 9.588  ;
; dipswitch2[2] ; LEDmod[0]   ; 10.810 ; 10.810 ; 10.810 ; 10.810 ;
; dipswitch2[2] ; LEDmod[1]   ; 10.959 ; 10.959 ; 10.959 ; 10.959 ;
; dipswitch2[2] ; LEDmod[2]   ; 10.954 ; 10.954 ; 10.954 ; 10.954 ;
; dipswitch2[2] ; LEDmod[3]   ; 10.801 ; 10.801 ; 10.801 ; 10.801 ;
; dipswitch2[2] ; LEDmod[4]   ; 10.777 ; 10.777 ; 10.777 ; 10.777 ;
; dipswitch2[2] ; LEDmod[5]   ; 10.809 ; 10.809 ; 10.809 ; 10.809 ;
; dipswitch2[2] ; LEDmod[6]   ; 10.941 ; 10.941 ; 10.941 ; 10.941 ;
; dipswitch2[2] ; VALUE[0]    ; 6.237  ; 6.237  ; 6.237  ; 6.237  ;
; dipswitch2[2] ; VALUE[1]    ; 6.068  ; 6.206  ; 6.206  ; 6.068  ;
; dipswitch2[2] ; VALUE[2]    ; 6.589  ; 6.589  ; 6.589  ; 6.589  ;
; dipswitch2[2] ; VALUE[3]    ; 6.722  ; 6.802  ; 6.802  ; 6.722  ;
; dipswitch2[2] ; VALUE[4]    ; 6.538  ; 6.538  ; 6.538  ; 6.538  ;
; dipswitch2[2] ; VALUE[5]    ; 6.120  ; 6.336  ; 6.336  ; 6.120  ;
; dipswitch2[3] ; LEDfloor[0] ; 9.592  ; 9.592  ; 9.592  ; 9.592  ;
; dipswitch2[3] ; LEDfloor[2] ; 9.612  ; 9.612  ; 9.612  ; 9.612  ;
; dipswitch2[3] ; LEDfloor[3] ; 9.487  ; 9.487  ; 9.487  ; 9.487  ;
; dipswitch2[3] ; LEDfloor[4] ; 9.494  ; 9.494  ; 9.494  ; 9.494  ;
; dipswitch2[3] ; LEDfloor[5] ; 9.493  ; 9.493  ; 9.493  ; 9.493  ;
; dipswitch2[3] ; LEDfloor[6] ; 9.220  ; 9.496  ; 9.496  ; 9.220  ;
; dipswitch2[3] ; LEDmod[0]   ; 10.718 ; 10.718 ; 10.718 ; 10.718 ;
; dipswitch2[3] ; LEDmod[1]   ; 10.867 ; 10.867 ; 10.867 ; 10.867 ;
; dipswitch2[3] ; LEDmod[2]   ; 10.862 ; 10.862 ; 10.862 ; 10.862 ;
; dipswitch2[3] ; LEDmod[3]   ; 10.709 ; 10.709 ; 10.709 ; 10.709 ;
; dipswitch2[3] ; LEDmod[4]   ; 10.685 ; 10.685 ; 10.685 ; 10.685 ;
; dipswitch2[3] ; LEDmod[5]   ; 10.717 ; 10.717 ; 10.717 ; 10.717 ;
; dipswitch2[3] ; LEDmod[6]   ; 10.849 ; 10.849 ; 10.849 ; 10.849 ;
; dipswitch2[3] ; VALUE[0]    ; 6.145  ; 6.145  ; 6.145  ; 6.145  ;
; dipswitch2[3] ; VALUE[1]    ; 5.829  ; 5.863  ; 5.863  ; 5.829  ;
; dipswitch2[3] ; VALUE[2]    ; 6.267  ; 6.267  ; 6.267  ; 6.267  ;
; dipswitch2[3] ; VALUE[3]    ; 6.710  ; 6.434  ; 6.434  ; 6.710  ;
; dipswitch2[3] ; VALUE[4]    ; 6.446  ; 6.446  ; 6.446  ; 6.446  ;
; dipswitch2[3] ; VALUE[5]    ; 5.981  ; 5.854  ; 5.854  ; 5.981  ;
; dipswitch2[4] ; LEDfloor[0] ; 9.374  ; 9.374  ; 9.374  ; 9.374  ;
; dipswitch2[4] ; LEDfloor[2] ; 9.394  ; 9.394  ; 9.394  ; 9.394  ;
; dipswitch2[4] ; LEDfloor[3] ; 9.269  ; 9.269  ; 9.269  ; 9.269  ;
; dipswitch2[4] ; LEDfloor[4] ; 9.276  ; 9.276  ; 9.276  ; 9.276  ;
; dipswitch2[4] ; LEDfloor[5] ; 9.275  ; 9.275  ; 9.275  ; 9.275  ;
; dipswitch2[4] ; LEDfloor[6] ; 9.278  ; 8.897  ; 8.897  ; 9.278  ;
; dipswitch2[4] ; LEDmod[0]   ; 10.500 ; 10.500 ; 10.500 ; 10.500 ;
; dipswitch2[4] ; LEDmod[1]   ; 10.649 ; 10.649 ; 10.649 ; 10.649 ;
; dipswitch2[4] ; LEDmod[2]   ; 10.644 ; 10.644 ; 10.644 ; 10.644 ;
; dipswitch2[4] ; LEDmod[3]   ; 10.491 ; 10.491 ; 10.491 ; 10.491 ;
; dipswitch2[4] ; LEDmod[4]   ; 10.467 ; 10.467 ; 10.467 ; 10.467 ;
; dipswitch2[4] ; LEDmod[5]   ; 10.499 ; 10.499 ; 10.499 ; 10.499 ;
; dipswitch2[4] ; LEDmod[6]   ; 10.631 ; 10.631 ; 10.631 ; 10.631 ;
; dipswitch2[4] ; VALUE[0]    ; 5.889  ; 6.186  ; 6.186  ; 5.889  ;
; dipswitch2[4] ; VALUE[1]    ; 5.721  ; 6.114  ; 6.114  ; 5.721  ;
; dipswitch2[4] ; VALUE[2]    ; 6.007  ; 6.208  ; 6.208  ; 6.007  ;
; dipswitch2[4] ; VALUE[3]    ; 6.111  ; 6.492  ; 6.492  ; 6.111  ;
; dipswitch2[4] ; VALUE[4]    ; 6.219  ; 6.219  ; 6.219  ; 6.219  ;
; dipswitch2[4] ; VALUE[5]    ; 5.550  ; 5.725  ; 5.725  ; 5.550  ;
; dipswitch2[5] ; LEDfloor[0] ; 9.541  ; 9.541  ; 9.541  ; 9.541  ;
; dipswitch2[5] ; LEDfloor[2] ; 9.561  ; 9.561  ; 9.561  ; 9.561  ;
; dipswitch2[5] ; LEDfloor[3] ; 9.436  ; 9.436  ; 9.436  ; 9.436  ;
; dipswitch2[5] ; LEDfloor[4] ; 9.443  ; 9.443  ; 9.443  ; 9.443  ;
; dipswitch2[5] ; LEDfloor[5] ; 9.442  ; 9.442  ; 9.442  ; 9.442  ;
; dipswitch2[5] ; LEDfloor[6] ; 9.445  ; 9.104  ; 9.104  ; 9.445  ;
; dipswitch2[5] ; LEDmod[0]   ; 10.667 ; 10.667 ; 10.667 ; 10.667 ;
; dipswitch2[5] ; LEDmod[1]   ; 10.816 ; 10.816 ; 10.816 ; 10.816 ;
; dipswitch2[5] ; LEDmod[2]   ; 10.811 ; 10.811 ; 10.811 ; 10.811 ;
; dipswitch2[5] ; LEDmod[3]   ; 10.658 ; 10.658 ; 10.658 ; 10.658 ;
; dipswitch2[5] ; LEDmod[4]   ; 10.634 ; 10.634 ; 10.634 ; 10.634 ;
; dipswitch2[5] ; LEDmod[5]   ; 10.666 ; 10.666 ; 10.666 ; 10.666 ;
; dipswitch2[5] ; LEDmod[6]   ; 10.798 ; 10.798 ; 10.798 ; 10.798 ;
; dipswitch2[5] ; VALUE[0]    ; 6.094  ; 6.094  ; 6.094  ; 6.094  ;
; dipswitch2[5] ; VALUE[1]    ; 5.778  ; 5.998  ; 5.998  ; 5.778  ;
; dipswitch2[5] ; VALUE[2]    ; 6.216  ; 6.216  ; 6.216  ; 6.216  ;
; dipswitch2[5] ; VALUE[3]    ; 6.278  ; 6.659  ; 6.659  ; 6.278  ;
; dipswitch2[5] ; VALUE[4]    ; 6.395  ; 6.395  ; 6.395  ; 6.395  ;
; dipswitch2[5] ; VALUE[5]    ; 5.227  ; 5.609  ; 5.609  ; 5.227  ;
+---------------+-------------+--------+--------+--------+--------+


+-------------------------------------------------------------+
; Minimum Propagation Delay                                   ;
+---------------+-------------+-------+-------+-------+-------+
; Input Port    ; Output Port ; RR    ; RF    ; FR    ; FF    ;
+---------------+-------------+-------+-------+-------+-------+
; dipswitch2[0] ; LEDfloor[0] ; 5.920 ; 5.920 ; 5.920 ; 5.920 ;
; dipswitch2[0] ; LEDfloor[2] ; 5.940 ; 5.940 ; 5.940 ; 5.940 ;
; dipswitch2[0] ; LEDfloor[3] ; 5.815 ; 5.815 ; 5.815 ; 5.815 ;
; dipswitch2[0] ; LEDfloor[4] ; 5.822 ; 5.822 ; 5.822 ; 5.822 ;
; dipswitch2[0] ; LEDfloor[5] ; 5.821 ; 5.821 ; 5.821 ; 5.821 ;
; dipswitch2[0] ; LEDfloor[6] ; 5.824 ; 5.824 ; 5.824 ; 5.824 ;
; dipswitch2[0] ; LEDmod[0]   ; 5.978 ; 5.978 ; 5.978 ; 5.978 ;
; dipswitch2[0] ; LEDmod[1]   ; 6.127 ; 6.127 ; 6.127 ; 6.127 ;
; dipswitch2[0] ; LEDmod[2]   ; 6.122 ; 6.122 ; 6.122 ; 6.122 ;
; dipswitch2[0] ; LEDmod[3]   ; 5.969 ; 5.969 ; 5.969 ; 5.969 ;
; dipswitch2[0] ; LEDmod[4]   ; 5.945 ; 5.945 ; 5.945 ; 5.945 ;
; dipswitch2[0] ; LEDmod[5]   ; 5.977 ; 5.977 ; 5.977 ; 5.977 ;
; dipswitch2[0] ; LEDmod[6]   ; 6.109 ; 6.109 ; 6.109 ; 6.109 ;
; dipswitch2[0] ; VALUE[0]    ; 5.780 ; 5.780 ; 5.780 ; 5.780 ;
; dipswitch2[0] ; VALUE[1]    ; 5.776 ; 5.776 ; 5.776 ; 5.776 ;
; dipswitch2[0] ; VALUE[2]    ; 5.741 ; 5.741 ; 5.741 ; 5.741 ;
; dipswitch2[0] ; VALUE[3]    ; 5.266 ; 5.266 ; 5.266 ; 5.266 ;
; dipswitch2[0] ; VALUE[4]    ; 5.915 ; 5.915 ; 5.915 ; 5.915 ;
; dipswitch2[0] ; VALUE[5]    ; 5.424 ; 5.424 ; 5.424 ; 5.424 ;
; dipswitch2[1] ; LEDfloor[0] ; 6.175 ; 6.175 ; 6.175 ; 6.175 ;
; dipswitch2[1] ; LEDfloor[2] ; 6.189 ; 6.189 ; 6.189 ; 6.189 ;
; dipswitch2[1] ; LEDfloor[3] ; 6.070 ; 6.070 ; 6.070 ; 6.070 ;
; dipswitch2[1] ; LEDfloor[4] ; 6.074 ; 6.174 ; 6.174 ; 6.074 ;
; dipswitch2[1] ; LEDfloor[5] ; 6.075 ; 6.075 ; 6.075 ; 6.075 ;
; dipswitch2[1] ; LEDfloor[6] ; 6.187 ; 6.078 ; 6.078 ; 6.187 ;
; dipswitch2[1] ; LEDmod[0]   ; 6.322 ; 6.322 ; 6.322 ; 6.322 ;
; dipswitch2[1] ; LEDmod[1]   ; 6.471 ; 6.471 ; 6.471 ; 6.471 ;
; dipswitch2[1] ; LEDmod[2]   ; 6.466 ; 6.466 ; 6.466 ; 6.466 ;
; dipswitch2[1] ; LEDmod[3]   ; 6.313 ; 6.313 ; 6.313 ; 6.313 ;
; dipswitch2[1] ; LEDmod[4]   ; 6.289 ; 6.289 ; 6.289 ; 6.289 ;
; dipswitch2[1] ; LEDmod[5]   ; 6.321 ; 6.321 ; 6.321 ; 6.321 ;
; dipswitch2[1] ; LEDmod[6]   ; 6.453 ; 6.453 ; 6.453 ; 6.453 ;
; dipswitch2[1] ; VALUE[0]    ; 5.939 ; 5.939 ; 5.939 ; 5.939 ;
; dipswitch2[1] ; VALUE[1]    ; 5.940 ; 5.940 ; 5.940 ; 5.940 ;
; dipswitch2[1] ; VALUE[2]    ; 5.824 ; 5.824 ; 5.824 ; 5.824 ;
; dipswitch2[1] ; VALUE[3]    ; 5.610 ; 5.610 ; 5.610 ; 5.610 ;
; dipswitch2[1] ; VALUE[4]    ; 5.791 ; 5.791 ; 5.791 ; 5.791 ;
; dipswitch2[1] ; VALUE[5]    ; 5.584 ; 5.699 ; 5.699 ; 5.584 ;
; dipswitch2[2] ; LEDfloor[0] ; 5.677 ; 5.677 ; 5.677 ; 5.677 ;
; dipswitch2[2] ; LEDfloor[2] ; 5.691 ; 5.691 ; 5.691 ; 5.691 ;
; dipswitch2[2] ; LEDfloor[3] ; 5.572 ; 5.572 ; 5.572 ; 5.572 ;
; dipswitch2[2] ; LEDfloor[4] ; 5.656 ; 5.576 ; 5.576 ; 5.656 ;
; dipswitch2[2] ; LEDfloor[5] ; 5.577 ; 5.577 ; 5.577 ; 5.577 ;
; dipswitch2[2] ; LEDfloor[6] ; 5.580 ; 5.660 ; 5.660 ; 5.580 ;
; dipswitch2[2] ; LEDmod[0]   ; 5.998 ; 5.998 ; 5.998 ; 5.998 ;
; dipswitch2[2] ; LEDmod[1]   ; 6.147 ; 6.147 ; 6.147 ; 6.147 ;
; dipswitch2[2] ; LEDmod[2]   ; 6.142 ; 6.142 ; 6.142 ; 6.142 ;
; dipswitch2[2] ; LEDmod[3]   ; 5.989 ; 5.989 ; 5.989 ; 5.989 ;
; dipswitch2[2] ; LEDmod[4]   ; 5.965 ; 5.965 ; 5.965 ; 5.965 ;
; dipswitch2[2] ; LEDmod[5]   ; 5.997 ; 5.997 ; 5.997 ; 5.997 ;
; dipswitch2[2] ; LEDmod[6]   ; 6.129 ; 6.129 ; 6.129 ; 6.129 ;
; dipswitch2[2] ; VALUE[0]    ; 5.565 ; 5.350 ; 5.350 ; 5.565 ;
; dipswitch2[2] ; VALUE[1]    ; 5.407 ; 5.228 ; 5.228 ; 5.407 ;
; dipswitch2[2] ; VALUE[2]    ; 5.096 ; 5.000 ; 5.000 ; 5.096 ;
; dipswitch2[2] ; VALUE[3]    ; 5.286 ; 5.363 ; 5.363 ; 5.286 ;
; dipswitch2[2] ; VALUE[4]    ; 5.552 ; 5.509 ; 5.509 ; 5.552 ;
; dipswitch2[2] ; VALUE[5]    ; 5.166 ; 5.086 ; 5.086 ; 5.166 ;
; dipswitch2[3] ; LEDfloor[0] ; 5.857 ; 5.857 ; 5.857 ; 5.857 ;
; dipswitch2[3] ; LEDfloor[2] ; 5.871 ; 5.871 ; 5.871 ; 5.871 ;
; dipswitch2[3] ; LEDfloor[3] ; 5.752 ; 5.752 ; 5.752 ; 5.752 ;
; dipswitch2[3] ; LEDfloor[4] ; 5.825 ; 5.756 ; 5.756 ; 5.825 ;
; dipswitch2[3] ; LEDfloor[5] ; 5.757 ; 5.757 ; 5.757 ; 5.757 ;
; dipswitch2[3] ; LEDfloor[6] ; 5.760 ; 5.891 ; 5.891 ; 5.760 ;
; dipswitch2[3] ; LEDmod[0]   ; 6.007 ; 6.007 ; 6.007 ; 6.007 ;
; dipswitch2[3] ; LEDmod[1]   ; 6.156 ; 6.156 ; 6.156 ; 6.156 ;
; dipswitch2[3] ; LEDmod[2]   ; 6.148 ; 6.148 ; 6.148 ; 6.148 ;
; dipswitch2[3] ; LEDmod[3]   ; 5.990 ; 5.990 ; 5.990 ; 5.990 ;
; dipswitch2[3] ; LEDmod[4]   ; 5.969 ; 5.969 ; 5.969 ; 5.969 ;
; dipswitch2[3] ; LEDmod[5]   ; 6.000 ; 6.000 ; 6.000 ; 6.000 ;
; dipswitch2[3] ; LEDmod[6]   ; 6.131 ; 6.131 ; 6.131 ; 6.131 ;
; dipswitch2[3] ; VALUE[0]    ; 5.325 ; 5.199 ; 5.199 ; 5.325 ;
; dipswitch2[3] ; VALUE[1]    ; 5.212 ; 5.079 ; 5.079 ; 5.212 ;
; dipswitch2[3] ; VALUE[2]    ; 5.320 ; 5.329 ; 5.329 ; 5.320 ;
; dipswitch2[3] ; VALUE[3]    ; 5.395 ; 5.573 ; 5.573 ; 5.395 ;
; dipswitch2[3] ; VALUE[4]    ; 5.792 ; 5.442 ; 5.442 ; 5.792 ;
; dipswitch2[3] ; VALUE[5]    ; 5.397 ; 5.266 ; 5.266 ; 5.397 ;
; dipswitch2[4] ; LEDfloor[0] ; 5.649 ; 5.649 ; 5.649 ; 5.649 ;
; dipswitch2[4] ; LEDfloor[2] ; 5.663 ; 5.663 ; 5.663 ; 5.663 ;
; dipswitch2[4] ; LEDfloor[3] ; 5.544 ; 5.544 ; 5.544 ; 5.544 ;
; dipswitch2[4] ; LEDfloor[4] ; 5.548 ; 5.824 ; 5.824 ; 5.548 ;
; dipswitch2[4] ; LEDfloor[5] ; 5.549 ; 5.549 ; 5.549 ; 5.549 ;
; dipswitch2[4] ; LEDfloor[6] ; 5.828 ; 5.552 ; 5.552 ; 5.828 ;
; dipswitch2[4] ; LEDmod[0]   ; 6.012 ; 6.012 ; 6.012 ; 6.012 ;
; dipswitch2[4] ; LEDmod[1]   ; 6.161 ; 6.161 ; 6.161 ; 6.161 ;
; dipswitch2[4] ; LEDmod[2]   ; 6.156 ; 6.156 ; 6.156 ; 6.156 ;
; dipswitch2[4] ; LEDmod[3]   ; 6.003 ; 6.003 ; 6.003 ; 6.003 ;
; dipswitch2[4] ; LEDmod[4]   ; 5.979 ; 5.979 ; 5.979 ; 5.979 ;
; dipswitch2[4] ; LEDmod[5]   ; 6.011 ; 6.011 ; 6.011 ; 6.011 ;
; dipswitch2[4] ; LEDmod[6]   ; 6.143 ; 6.143 ; 6.143 ; 6.143 ;
; dipswitch2[4] ; VALUE[0]    ; 5.387 ; 5.391 ; 5.391 ; 5.387 ;
; dipswitch2[4] ; VALUE[1]    ; 5.698 ; 5.272 ; 5.272 ; 5.698 ;
; dipswitch2[4] ; VALUE[2]    ; 5.099 ; 5.198 ; 5.198 ; 5.099 ;
; dipswitch2[4] ; VALUE[3]    ; 5.300 ; 5.605 ; 5.605 ; 5.300 ;
; dipswitch2[4] ; VALUE[4]    ; 5.562 ; 5.499 ; 5.499 ; 5.562 ;
; dipswitch2[4] ; VALUE[5]    ; 5.058 ; 5.334 ; 5.334 ; 5.058 ;
; dipswitch2[5] ; LEDfloor[0] ; 5.604 ; 5.604 ; 5.604 ; 5.604 ;
; dipswitch2[5] ; LEDfloor[2] ; 5.618 ; 5.618 ; 5.618 ; 5.618 ;
; dipswitch2[5] ; LEDfloor[3] ; 5.499 ; 5.499 ; 5.499 ; 5.499 ;
; dipswitch2[5] ; LEDfloor[4] ; 5.717 ; 5.503 ; 5.503 ; 5.717 ;
; dipswitch2[5] ; LEDfloor[5] ; 5.504 ; 5.504 ; 5.504 ; 5.504 ;
; dipswitch2[5] ; LEDfloor[6] ; 5.507 ; 5.721 ; 5.721 ; 5.507 ;
; dipswitch2[5] ; LEDmod[0]   ; 6.275 ; 6.275 ; 6.275 ; 6.275 ;
; dipswitch2[5] ; LEDmod[1]   ; 6.424 ; 6.424 ; 6.424 ; 6.424 ;
; dipswitch2[5] ; LEDmod[2]   ; 6.419 ; 6.419 ; 6.419 ; 6.419 ;
; dipswitch2[5] ; LEDmod[3]   ; 6.266 ; 6.266 ; 6.266 ; 6.266 ;
; dipswitch2[5] ; LEDmod[4]   ; 6.242 ; 6.242 ; 6.242 ; 6.242 ;
; dipswitch2[5] ; LEDmod[5]   ; 6.274 ; 6.274 ; 6.274 ; 6.274 ;
; dipswitch2[5] ; LEDmod[6]   ; 6.406 ; 6.406 ; 6.406 ; 6.406 ;
; dipswitch2[5] ; VALUE[0]    ; 5.700 ; 5.700 ; 5.700 ; 5.700 ;
; dipswitch2[5] ; VALUE[1]    ; 5.622 ; 5.622 ; 5.622 ; 5.622 ;
; dipswitch2[5] ; VALUE[2]    ; 5.857 ; 5.857 ; 5.857 ; 5.857 ;
; dipswitch2[5] ; VALUE[3]    ; 6.035 ; 6.165 ; 6.165 ; 6.035 ;
; dipswitch2[5] ; VALUE[4]    ; 6.143 ; 5.899 ; 5.899 ; 6.143 ;
; dipswitch2[5] ; VALUE[5]    ; 5.227 ; 5.013 ; 5.013 ; 5.227 ;
+---------------+-------------+-------+-------+-------+-------+


+--------------------------------------------------------------------------------+
; Multicorner Timing Analysis Summary                                            ;
+----------------------+-------+------+----------+---------+---------------------+
; Clock                ; Setup ; Hold ; Recovery ; Removal ; Minimum Pulse Width ;
+----------------------+-------+------+----------+---------+---------------------+
; Worst-case Slack     ; N/A   ; N/A  ; N/A      ; N/A     ; 97.531              ;
;  altera_reserved_tck ; N/A   ; N/A  ; N/A      ; N/A     ; 97.531              ;
; Design-wide TNS      ; 0.0   ; 0.0  ; 0.0      ; 0.0     ; 0.0                 ;
;  altera_reserved_tck ; N/A   ; N/A  ; N/A      ; N/A     ; 0.000               ;
+----------------------+-------+------+----------+---------+---------------------+


+-----------------------------------------------------------------+
; Progagation Delay                                               ;
+---------------+-------------+--------+--------+--------+--------+
; Input Port    ; Output Port ; RR     ; RF     ; FR     ; FF     ;
+---------------+-------------+--------+--------+--------+--------+
; dipswitch2[0] ; LEDfloor[0] ; 24.707 ; 24.707 ; 24.707 ; 24.707 ;
; dipswitch2[0] ; LEDfloor[2] ; 24.681 ; 24.681 ; 24.681 ; 24.681 ;
; dipswitch2[0] ; LEDfloor[3] ; 24.395 ; 24.395 ; 24.395 ; 24.395 ;
; dipswitch2[0] ; LEDfloor[4] ; 24.357 ; 24.357 ; 24.357 ; 24.357 ;
; dipswitch2[0] ; LEDfloor[5] ; 24.403 ; 24.403 ; 24.403 ; 24.403 ;
; dipswitch2[0] ; LEDfloor[6] ; 24.406 ; 24.406 ; 24.406 ; 24.406 ;
; dipswitch2[0] ; LEDmod[0]   ; 27.849 ; 27.849 ; 27.849 ; 27.849 ;
; dipswitch2[0] ; LEDmod[1]   ; 28.047 ; 28.047 ; 28.047 ; 28.047 ;
; dipswitch2[0] ; LEDmod[2]   ; 28.033 ; 28.033 ; 28.033 ; 28.033 ;
; dipswitch2[0] ; LEDmod[3]   ; 27.836 ; 27.836 ; 27.836 ; 27.836 ;
; dipswitch2[0] ; LEDmod[4]   ; 27.806 ; 27.806 ; 27.806 ; 27.806 ;
; dipswitch2[0] ; LEDmod[5]   ; 27.846 ; 27.846 ; 27.846 ; 27.846 ;
; dipswitch2[0] ; LEDmod[6]   ; 28.173 ; 28.173 ; 28.173 ; 28.173 ;
; dipswitch2[0] ; VALUE[0]    ; 15.857 ; 15.857 ; 15.857 ; 15.857 ;
; dipswitch2[0] ; VALUE[1]    ; 15.887 ; 15.887 ; 15.887 ; 15.887 ;
; dipswitch2[0] ; VALUE[2]    ; 16.448 ; 16.448 ; 16.448 ; 16.448 ;
; dipswitch2[0] ; VALUE[3]    ; 17.024 ; 17.024 ; 17.024 ; 17.024 ;
; dipswitch2[0] ; VALUE[4]    ; 16.490 ; 16.490 ; 16.490 ; 16.490 ;
; dipswitch2[0] ; VALUE[5]    ; 15.806 ; 15.845 ; 15.845 ; 15.806 ;
; dipswitch2[1] ; LEDfloor[0] ; 25.972 ; 25.972 ; 25.972 ; 25.972 ;
; dipswitch2[1] ; LEDfloor[2] ; 25.946 ; 25.946 ; 25.946 ; 25.946 ;
; dipswitch2[1] ; LEDfloor[3] ; 25.660 ; 25.660 ; 25.660 ; 25.660 ;
; dipswitch2[1] ; LEDfloor[4] ; 25.622 ; 25.622 ; 25.622 ; 25.622 ;
; dipswitch2[1] ; LEDfloor[5] ; 25.668 ; 25.668 ; 25.668 ; 25.668 ;
; dipswitch2[1] ; LEDfloor[6] ; 25.671 ; 25.671 ; 25.671 ; 25.671 ;
; dipswitch2[1] ; LEDmod[0]   ; 29.114 ; 29.114 ; 29.114 ; 29.114 ;
; dipswitch2[1] ; LEDmod[1]   ; 29.312 ; 29.312 ; 29.312 ; 29.312 ;
; dipswitch2[1] ; LEDmod[2]   ; 29.298 ; 29.298 ; 29.298 ; 29.298 ;
; dipswitch2[1] ; LEDmod[3]   ; 29.101 ; 29.101 ; 29.101 ; 29.101 ;
; dipswitch2[1] ; LEDmod[4]   ; 29.071 ; 29.071 ; 29.071 ; 29.071 ;
; dipswitch2[1] ; LEDmod[5]   ; 29.111 ; 29.111 ; 29.111 ; 29.111 ;
; dipswitch2[1] ; LEDmod[6]   ; 29.438 ; 29.438 ; 29.438 ; 29.438 ;
; dipswitch2[1] ; VALUE[0]    ; 16.910 ; 16.910 ; 16.910 ; 16.910 ;
; dipswitch2[1] ; VALUE[1]    ; 17.131 ; 17.131 ; 17.131 ; 17.131 ;
; dipswitch2[1] ; VALUE[2]    ; 17.764 ; 17.764 ; 17.764 ; 17.764 ;
; dipswitch2[1] ; VALUE[3]    ; 18.289 ; 18.289 ; 18.289 ; 18.289 ;
; dipswitch2[1] ; VALUE[4]    ; 17.227 ; 17.227 ; 17.227 ; 17.227 ;
; dipswitch2[1] ; VALUE[5]    ; 17.057 ; 17.057 ; 17.057 ; 17.057 ;
; dipswitch2[2] ; LEDfloor[0] ; 23.878 ; 23.878 ; 23.878 ; 23.878 ;
; dipswitch2[2] ; LEDfloor[2] ; 23.852 ; 23.852 ; 23.852 ; 23.852 ;
; dipswitch2[2] ; LEDfloor[3] ; 23.566 ; 23.566 ; 23.566 ; 23.566 ;
; dipswitch2[2] ; LEDfloor[4] ; 23.528 ; 23.528 ; 23.528 ; 23.528 ;
; dipswitch2[2] ; LEDfloor[5] ; 23.574 ; 23.574 ; 23.574 ; 23.574 ;
; dipswitch2[2] ; LEDfloor[6] ; 23.577 ; 23.393 ; 23.393 ; 23.577 ;
; dipswitch2[2] ; LEDmod[0]   ; 27.020 ; 27.020 ; 27.020 ; 27.020 ;
; dipswitch2[2] ; LEDmod[1]   ; 27.218 ; 27.218 ; 27.218 ; 27.218 ;
; dipswitch2[2] ; LEDmod[2]   ; 27.204 ; 27.204 ; 27.204 ; 27.204 ;
; dipswitch2[2] ; LEDmod[3]   ; 27.007 ; 27.007 ; 27.007 ; 27.007 ;
; dipswitch2[2] ; LEDmod[4]   ; 26.977 ; 26.977 ; 26.977 ; 26.977 ;
; dipswitch2[2] ; LEDmod[5]   ; 27.017 ; 27.017 ; 27.017 ; 27.017 ;
; dipswitch2[2] ; LEDmod[6]   ; 27.344 ; 27.344 ; 27.344 ; 27.344 ;
; dipswitch2[2] ; VALUE[0]    ; 14.708 ; 14.708 ; 14.708 ; 14.708 ;
; dipswitch2[2] ; VALUE[1]    ; 14.130 ; 14.532 ; 14.532 ; 14.130 ;
; dipswitch2[2] ; VALUE[2]    ; 15.635 ; 15.635 ; 15.635 ; 15.635 ;
; dipswitch2[2] ; VALUE[3]    ; 16.011 ; 16.195 ; 16.195 ; 16.011 ;
; dipswitch2[2] ; VALUE[4]    ; 15.478 ; 15.478 ; 15.478 ; 15.478 ;
; dipswitch2[2] ; VALUE[5]    ; 14.129 ; 14.679 ; 14.679 ; 14.129 ;
; dipswitch2[3] ; LEDfloor[0] ; 23.776 ; 23.776 ; 23.776 ; 23.776 ;
; dipswitch2[3] ; LEDfloor[2] ; 23.750 ; 23.750 ; 23.750 ; 23.750 ;
; dipswitch2[3] ; LEDfloor[3] ; 23.464 ; 23.464 ; 23.464 ; 23.464 ;
; dipswitch2[3] ; LEDfloor[4] ; 23.426 ; 23.426 ; 23.426 ; 23.426 ;
; dipswitch2[3] ; LEDfloor[5] ; 23.472 ; 23.472 ; 23.472 ; 23.472 ;
; dipswitch2[3] ; LEDfloor[6] ; 22.680 ; 23.475 ; 23.475 ; 22.680 ;
; dipswitch2[3] ; LEDmod[0]   ; 26.918 ; 26.918 ; 26.918 ; 26.918 ;
; dipswitch2[3] ; LEDmod[1]   ; 27.116 ; 27.116 ; 27.116 ; 27.116 ;
; dipswitch2[3] ; LEDmod[2]   ; 27.102 ; 27.102 ; 27.102 ; 27.102 ;
; dipswitch2[3] ; LEDmod[3]   ; 26.905 ; 26.905 ; 26.905 ; 26.905 ;
; dipswitch2[3] ; LEDmod[4]   ; 26.875 ; 26.875 ; 26.875 ; 26.875 ;
; dipswitch2[3] ; LEDmod[5]   ; 26.915 ; 26.915 ; 26.915 ; 26.915 ;
; dipswitch2[3] ; LEDmod[6]   ; 27.242 ; 27.242 ; 27.242 ; 27.242 ;
; dipswitch2[3] ; VALUE[0]    ; 14.606 ; 14.606 ; 14.606 ; 14.606 ;
; dipswitch2[3] ; VALUE[1]    ; 13.725 ; 13.725 ; 13.725 ; 13.725 ;
; dipswitch2[3] ; VALUE[2]    ; 14.925 ; 14.925 ; 14.925 ; 14.925 ;
; dipswitch2[3] ; VALUE[3]    ; 16.093 ; 15.298 ; 15.298 ; 16.093 ;
; dipswitch2[3] ; VALUE[4]    ; 15.376 ; 15.376 ; 15.376 ; 15.376 ;
; dipswitch2[3] ; VALUE[5]    ; 14.009 ; 13.559 ; 13.559 ; 14.009 ;
; dipswitch2[4] ; LEDfloor[0] ; 23.153 ; 23.153 ; 23.153 ; 23.153 ;
; dipswitch2[4] ; LEDfloor[2] ; 23.127 ; 23.127 ; 23.127 ; 23.127 ;
; dipswitch2[4] ; LEDfloor[3] ; 22.841 ; 22.841 ; 22.841 ; 22.841 ;
; dipswitch2[4] ; LEDfloor[4] ; 22.803 ; 22.803 ; 22.803 ; 22.803 ;
; dipswitch2[4] ; LEDfloor[5] ; 22.849 ; 22.849 ; 22.849 ; 22.849 ;
; dipswitch2[4] ; LEDfloor[6] ; 22.852 ; 21.846 ; 21.846 ; 22.852 ;
; dipswitch2[4] ; LEDmod[0]   ; 26.295 ; 26.295 ; 26.295 ; 26.295 ;
; dipswitch2[4] ; LEDmod[1]   ; 26.493 ; 26.493 ; 26.493 ; 26.493 ;
; dipswitch2[4] ; LEDmod[2]   ; 26.479 ; 26.479 ; 26.479 ; 26.479 ;
; dipswitch2[4] ; LEDmod[3]   ; 26.282 ; 26.282 ; 26.282 ; 26.282 ;
; dipswitch2[4] ; LEDmod[4]   ; 26.252 ; 26.252 ; 26.252 ; 26.252 ;
; dipswitch2[4] ; LEDmod[5]   ; 26.292 ; 26.292 ; 26.292 ; 26.292 ;
; dipswitch2[4] ; LEDmod[6]   ; 26.619 ; 26.619 ; 26.619 ; 26.619 ;
; dipswitch2[4] ; VALUE[0]    ; 13.847 ; 14.445 ; 14.445 ; 13.847 ;
; dipswitch2[4] ; VALUE[1]    ; 13.350 ; 14.348 ; 14.348 ; 13.350 ;
; dipswitch2[4] ; VALUE[2]    ; 14.214 ; 14.443 ; 14.443 ; 14.214 ;
; dipswitch2[4] ; VALUE[3]    ; 14.454 ; 15.470 ; 15.470 ; 14.454 ;
; dipswitch2[4] ; VALUE[4]    ; 14.747 ; 14.747 ; 14.747 ; 14.747 ;
; dipswitch2[4] ; VALUE[5]    ; 12.721 ; 13.171 ; 13.171 ; 12.721 ;
; dipswitch2[5] ; LEDfloor[0] ; 23.812 ; 23.812 ; 23.812 ; 23.812 ;
; dipswitch2[5] ; LEDfloor[2] ; 23.786 ; 23.786 ; 23.786 ; 23.786 ;
; dipswitch2[5] ; LEDfloor[3] ; 23.500 ; 23.500 ; 23.500 ; 23.500 ;
; dipswitch2[5] ; LEDfloor[4] ; 23.462 ; 23.462 ; 23.462 ; 23.462 ;
; dipswitch2[5] ; LEDfloor[5] ; 23.508 ; 23.508 ; 23.508 ; 23.508 ;
; dipswitch2[5] ; LEDfloor[6] ; 23.511 ; 22.594 ; 22.594 ; 23.511 ;
; dipswitch2[5] ; LEDmod[0]   ; 26.954 ; 26.954 ; 26.954 ; 26.954 ;
; dipswitch2[5] ; LEDmod[1]   ; 27.152 ; 27.152 ; 27.152 ; 27.152 ;
; dipswitch2[5] ; LEDmod[2]   ; 27.138 ; 27.138 ; 27.138 ; 27.138 ;
; dipswitch2[5] ; LEDmod[3]   ; 26.941 ; 26.941 ; 26.941 ; 26.941 ;
; dipswitch2[5] ; LEDmod[4]   ; 26.911 ; 26.911 ; 26.911 ; 26.911 ;
; dipswitch2[5] ; LEDmod[5]   ; 26.951 ; 26.951 ; 26.951 ; 26.951 ;
; dipswitch2[5] ; LEDmod[6]   ; 27.278 ; 27.278 ; 27.278 ; 27.278 ;
; dipswitch2[5] ; VALUE[0]    ; 14.642 ; 14.642 ; 14.642 ; 14.642 ;
; dipswitch2[5] ; VALUE[1]    ; 13.761 ; 14.206 ; 14.206 ; 13.761 ;
; dipswitch2[5] ; VALUE[2]    ; 14.962 ; 14.962 ; 14.962 ; 14.962 ;
; dipswitch2[5] ; VALUE[3]    ; 15.113 ; 16.129 ; 16.129 ; 15.113 ;
; dipswitch2[5] ; VALUE[4]    ; 15.412 ; 15.412 ; 15.412 ; 15.412 ;
; dipswitch2[5] ; VALUE[5]    ; 11.992 ; 13.029 ; 13.029 ; 11.992 ;
+---------------+-------------+--------+--------+--------+--------+


+-------------------------------------------------------------+
; Minimum Progagation Delay                                   ;
+---------------+-------------+-------+-------+-------+-------+
; Input Port    ; Output Port ; RR    ; RF    ; FR    ; FF    ;
+---------------+-------------+-------+-------+-------+-------+
; dipswitch2[0] ; LEDfloor[0] ; 5.920 ; 5.920 ; 5.920 ; 5.920 ;
; dipswitch2[0] ; LEDfloor[2] ; 5.940 ; 5.940 ; 5.940 ; 5.940 ;
; dipswitch2[0] ; LEDfloor[3] ; 5.815 ; 5.815 ; 5.815 ; 5.815 ;
; dipswitch2[0] ; LEDfloor[4] ; 5.822 ; 5.822 ; 5.822 ; 5.822 ;
; dipswitch2[0] ; LEDfloor[5] ; 5.821 ; 5.821 ; 5.821 ; 5.821 ;
; dipswitch2[0] ; LEDfloor[6] ; 5.824 ; 5.824 ; 5.824 ; 5.824 ;
; dipswitch2[0] ; LEDmod[0]   ; 5.978 ; 5.978 ; 5.978 ; 5.978 ;
; dipswitch2[0] ; LEDmod[1]   ; 6.127 ; 6.127 ; 6.127 ; 6.127 ;
; dipswitch2[0] ; LEDmod[2]   ; 6.122 ; 6.122 ; 6.122 ; 6.122 ;
; dipswitch2[0] ; LEDmod[3]   ; 5.969 ; 5.969 ; 5.969 ; 5.969 ;
; dipswitch2[0] ; LEDmod[4]   ; 5.945 ; 5.945 ; 5.945 ; 5.945 ;
; dipswitch2[0] ; LEDmod[5]   ; 5.977 ; 5.977 ; 5.977 ; 5.977 ;
; dipswitch2[0] ; LEDmod[6]   ; 6.109 ; 6.109 ; 6.109 ; 6.109 ;
; dipswitch2[0] ; VALUE[0]    ; 5.780 ; 5.780 ; 5.780 ; 5.780 ;
; dipswitch2[0] ; VALUE[1]    ; 5.776 ; 5.776 ; 5.776 ; 5.776 ;
; dipswitch2[0] ; VALUE[2]    ; 5.741 ; 5.741 ; 5.741 ; 5.741 ;
; dipswitch2[0] ; VALUE[3]    ; 5.266 ; 5.266 ; 5.266 ; 5.266 ;
; dipswitch2[0] ; VALUE[4]    ; 5.915 ; 5.915 ; 5.915 ; 5.915 ;
; dipswitch2[0] ; VALUE[5]    ; 5.424 ; 5.424 ; 5.424 ; 5.424 ;
; dipswitch2[1] ; LEDfloor[0] ; 6.175 ; 6.175 ; 6.175 ; 6.175 ;
; dipswitch2[1] ; LEDfloor[2] ; 6.189 ; 6.189 ; 6.189 ; 6.189 ;
; dipswitch2[1] ; LEDfloor[3] ; 6.070 ; 6.070 ; 6.070 ; 6.070 ;
; dipswitch2[1] ; LEDfloor[4] ; 6.074 ; 6.174 ; 6.174 ; 6.074 ;
; dipswitch2[1] ; LEDfloor[5] ; 6.075 ; 6.075 ; 6.075 ; 6.075 ;
; dipswitch2[1] ; LEDfloor[6] ; 6.187 ; 6.078 ; 6.078 ; 6.187 ;
; dipswitch2[1] ; LEDmod[0]   ; 6.322 ; 6.322 ; 6.322 ; 6.322 ;
; dipswitch2[1] ; LEDmod[1]   ; 6.471 ; 6.471 ; 6.471 ; 6.471 ;
; dipswitch2[1] ; LEDmod[2]   ; 6.466 ; 6.466 ; 6.466 ; 6.466 ;
; dipswitch2[1] ; LEDmod[3]   ; 6.313 ; 6.313 ; 6.313 ; 6.313 ;
; dipswitch2[1] ; LEDmod[4]   ; 6.289 ; 6.289 ; 6.289 ; 6.289 ;
; dipswitch2[1] ; LEDmod[5]   ; 6.321 ; 6.321 ; 6.321 ; 6.321 ;
; dipswitch2[1] ; LEDmod[6]   ; 6.453 ; 6.453 ; 6.453 ; 6.453 ;
; dipswitch2[1] ; VALUE[0]    ; 5.939 ; 5.939 ; 5.939 ; 5.939 ;
; dipswitch2[1] ; VALUE[1]    ; 5.940 ; 5.940 ; 5.940 ; 5.940 ;
; dipswitch2[1] ; VALUE[2]    ; 5.824 ; 5.824 ; 5.824 ; 5.824 ;
; dipswitch2[1] ; VALUE[3]    ; 5.610 ; 5.610 ; 5.610 ; 5.610 ;
; dipswitch2[1] ; VALUE[4]    ; 5.791 ; 5.791 ; 5.791 ; 5.791 ;
; dipswitch2[1] ; VALUE[5]    ; 5.584 ; 5.699 ; 5.699 ; 5.584 ;
; dipswitch2[2] ; LEDfloor[0] ; 5.677 ; 5.677 ; 5.677 ; 5.677 ;
; dipswitch2[2] ; LEDfloor[2] ; 5.691 ; 5.691 ; 5.691 ; 5.691 ;
; dipswitch2[2] ; LEDfloor[3] ; 5.572 ; 5.572 ; 5.572 ; 5.572 ;
; dipswitch2[2] ; LEDfloor[4] ; 5.656 ; 5.576 ; 5.576 ; 5.656 ;
; dipswitch2[2] ; LEDfloor[5] ; 5.577 ; 5.577 ; 5.577 ; 5.577 ;
; dipswitch2[2] ; LEDfloor[6] ; 5.580 ; 5.660 ; 5.660 ; 5.580 ;
; dipswitch2[2] ; LEDmod[0]   ; 5.998 ; 5.998 ; 5.998 ; 5.998 ;
; dipswitch2[2] ; LEDmod[1]   ; 6.147 ; 6.147 ; 6.147 ; 6.147 ;
; dipswitch2[2] ; LEDmod[2]   ; 6.142 ; 6.142 ; 6.142 ; 6.142 ;
; dipswitch2[2] ; LEDmod[3]   ; 5.989 ; 5.989 ; 5.989 ; 5.989 ;
; dipswitch2[2] ; LEDmod[4]   ; 5.965 ; 5.965 ; 5.965 ; 5.965 ;
; dipswitch2[2] ; LEDmod[5]   ; 5.997 ; 5.997 ; 5.997 ; 5.997 ;
; dipswitch2[2] ; LEDmod[6]   ; 6.129 ; 6.129 ; 6.129 ; 6.129 ;
; dipswitch2[2] ; VALUE[0]    ; 5.565 ; 5.350 ; 5.350 ; 5.565 ;
; dipswitch2[2] ; VALUE[1]    ; 5.407 ; 5.228 ; 5.228 ; 5.407 ;
; dipswitch2[2] ; VALUE[2]    ; 5.096 ; 5.000 ; 5.000 ; 5.096 ;
; dipswitch2[2] ; VALUE[3]    ; 5.286 ; 5.363 ; 5.363 ; 5.286 ;
; dipswitch2[2] ; VALUE[4]    ; 5.552 ; 5.509 ; 5.509 ; 5.552 ;
; dipswitch2[2] ; VALUE[5]    ; 5.166 ; 5.086 ; 5.086 ; 5.166 ;
; dipswitch2[3] ; LEDfloor[0] ; 5.857 ; 5.857 ; 5.857 ; 5.857 ;
; dipswitch2[3] ; LEDfloor[2] ; 5.871 ; 5.871 ; 5.871 ; 5.871 ;
; dipswitch2[3] ; LEDfloor[3] ; 5.752 ; 5.752 ; 5.752 ; 5.752 ;
; dipswitch2[3] ; LEDfloor[4] ; 5.825 ; 5.756 ; 5.756 ; 5.825 ;
; dipswitch2[3] ; LEDfloor[5] ; 5.757 ; 5.757 ; 5.757 ; 5.757 ;
; dipswitch2[3] ; LEDfloor[6] ; 5.760 ; 5.891 ; 5.891 ; 5.760 ;
; dipswitch2[3] ; LEDmod[0]   ; 6.007 ; 6.007 ; 6.007 ; 6.007 ;
; dipswitch2[3] ; LEDmod[1]   ; 6.156 ; 6.156 ; 6.156 ; 6.156 ;
; dipswitch2[3] ; LEDmod[2]   ; 6.148 ; 6.148 ; 6.148 ; 6.148 ;
; dipswitch2[3] ; LEDmod[3]   ; 5.990 ; 5.990 ; 5.990 ; 5.990 ;
; dipswitch2[3] ; LEDmod[4]   ; 5.969 ; 5.969 ; 5.969 ; 5.969 ;
; dipswitch2[3] ; LEDmod[5]   ; 6.000 ; 6.000 ; 6.000 ; 6.000 ;
; dipswitch2[3] ; LEDmod[6]   ; 6.131 ; 6.131 ; 6.131 ; 6.131 ;
; dipswitch2[3] ; VALUE[0]    ; 5.325 ; 5.199 ; 5.199 ; 5.325 ;
; dipswitch2[3] ; VALUE[1]    ; 5.212 ; 5.079 ; 5.079 ; 5.212 ;
; dipswitch2[3] ; VALUE[2]    ; 5.320 ; 5.329 ; 5.329 ; 5.320 ;
; dipswitch2[3] ; VALUE[3]    ; 5.395 ; 5.573 ; 5.573 ; 5.395 ;
; dipswitch2[3] ; VALUE[4]    ; 5.792 ; 5.442 ; 5.442 ; 5.792 ;
; dipswitch2[3] ; VALUE[5]    ; 5.397 ; 5.266 ; 5.266 ; 5.397 ;
; dipswitch2[4] ; LEDfloor[0] ; 5.649 ; 5.649 ; 5.649 ; 5.649 ;
; dipswitch2[4] ; LEDfloor[2] ; 5.663 ; 5.663 ; 5.663 ; 5.663 ;
; dipswitch2[4] ; LEDfloor[3] ; 5.544 ; 5.544 ; 5.544 ; 5.544 ;
; dipswitch2[4] ; LEDfloor[4] ; 5.548 ; 5.824 ; 5.824 ; 5.548 ;
; dipswitch2[4] ; LEDfloor[5] ; 5.549 ; 5.549 ; 5.549 ; 5.549 ;
; dipswitch2[4] ; LEDfloor[6] ; 5.828 ; 5.552 ; 5.552 ; 5.828 ;
; dipswitch2[4] ; LEDmod[0]   ; 6.012 ; 6.012 ; 6.012 ; 6.012 ;
; dipswitch2[4] ; LEDmod[1]   ; 6.161 ; 6.161 ; 6.161 ; 6.161 ;
; dipswitch2[4] ; LEDmod[2]   ; 6.156 ; 6.156 ; 6.156 ; 6.156 ;
; dipswitch2[4] ; LEDmod[3]   ; 6.003 ; 6.003 ; 6.003 ; 6.003 ;
; dipswitch2[4] ; LEDmod[4]   ; 5.979 ; 5.979 ; 5.979 ; 5.979 ;
; dipswitch2[4] ; LEDmod[5]   ; 6.011 ; 6.011 ; 6.011 ; 6.011 ;
; dipswitch2[4] ; LEDmod[6]   ; 6.143 ; 6.143 ; 6.143 ; 6.143 ;
; dipswitch2[4] ; VALUE[0]    ; 5.387 ; 5.391 ; 5.391 ; 5.387 ;
; dipswitch2[4] ; VALUE[1]    ; 5.698 ; 5.272 ; 5.272 ; 5.698 ;
; dipswitch2[4] ; VALUE[2]    ; 5.099 ; 5.198 ; 5.198 ; 5.099 ;
; dipswitch2[4] ; VALUE[3]    ; 5.300 ; 5.605 ; 5.605 ; 5.300 ;
; dipswitch2[4] ; VALUE[4]    ; 5.562 ; 5.499 ; 5.499 ; 5.562 ;
; dipswitch2[4] ; VALUE[5]    ; 5.058 ; 5.334 ; 5.334 ; 5.058 ;
; dipswitch2[5] ; LEDfloor[0] ; 5.604 ; 5.604 ; 5.604 ; 5.604 ;
; dipswitch2[5] ; LEDfloor[2] ; 5.618 ; 5.618 ; 5.618 ; 5.618 ;
; dipswitch2[5] ; LEDfloor[3] ; 5.499 ; 5.499 ; 5.499 ; 5.499 ;
; dipswitch2[5] ; LEDfloor[4] ; 5.717 ; 5.503 ; 5.503 ; 5.717 ;
; dipswitch2[5] ; LEDfloor[5] ; 5.504 ; 5.504 ; 5.504 ; 5.504 ;
; dipswitch2[5] ; LEDfloor[6] ; 5.507 ; 5.721 ; 5.721 ; 5.507 ;
; dipswitch2[5] ; LEDmod[0]   ; 6.275 ; 6.275 ; 6.275 ; 6.275 ;
; dipswitch2[5] ; LEDmod[1]   ; 6.424 ; 6.424 ; 6.424 ; 6.424 ;
; dipswitch2[5] ; LEDmod[2]   ; 6.419 ; 6.419 ; 6.419 ; 6.419 ;
; dipswitch2[5] ; LEDmod[3]   ; 6.266 ; 6.266 ; 6.266 ; 6.266 ;
; dipswitch2[5] ; LEDmod[4]   ; 6.242 ; 6.242 ; 6.242 ; 6.242 ;
; dipswitch2[5] ; LEDmod[5]   ; 6.274 ; 6.274 ; 6.274 ; 6.274 ;
; dipswitch2[5] ; LEDmod[6]   ; 6.406 ; 6.406 ; 6.406 ; 6.406 ;
; dipswitch2[5] ; VALUE[0]    ; 5.700 ; 5.700 ; 5.700 ; 5.700 ;
; dipswitch2[5] ; VALUE[1]    ; 5.622 ; 5.622 ; 5.622 ; 5.622 ;
; dipswitch2[5] ; VALUE[2]    ; 5.857 ; 5.857 ; 5.857 ; 5.857 ;
; dipswitch2[5] ; VALUE[3]    ; 6.035 ; 6.165 ; 6.165 ; 6.035 ;
; dipswitch2[5] ; VALUE[4]    ; 6.143 ; 5.899 ; 5.899 ; 6.143 ;
; dipswitch2[5] ; VALUE[5]    ; 5.227 ; 5.013 ; 5.013 ; 5.227 ;
+---------------+-------------+-------+-------+-------+-------+


-------------------
; Clock Transfers ;
-------------------
Nothing to report.


---------------
; Report TCCS ;
---------------
No dedicated SERDES Transmitter circuitry present in device or used in design


---------------
; Report RSKM ;
---------------
No dedicated SERDES Receiver circuitry present in device or used in design


+------------------------------------------------+
; Unconstrained Paths                            ;
+---------------------------------+-------+------+
; Property                        ; Setup ; Hold ;
+---------------------------------+-------+------+
; Illegal Clocks                  ; 0     ; 0    ;
; Unconstrained Clocks            ; 1     ; 1    ;
; Unconstrained Input Ports       ; 11    ; 11   ;
; Unconstrained Input Port Paths  ; 643   ; 643  ;
; Unconstrained Output Ports      ; 22    ; 22   ;
; Unconstrained Output Port Paths ; 4723  ; 4723 ;
+---------------------------------+-------+------+


+------------------------------------+
; TimeQuest Timing Analyzer Messages ;
+------------------------------------+
Info: *******************************************************************
Info: Running Quartus II 64-Bit TimeQuest Timing Analyzer
    Info: Version 13.0.1 Build 232 06/12/2013 Service Pack 1 SJ Web Edition
    Info: Processing started: Fri Nov 17 15:05:26 2017
Info: Command: quartus_sta g21_lab3 -c g21_lab3
Info: qsta_default_script.tcl version: #1
Info (11104): Parallel Compilation has detected 8 hyper-threaded processors. However, the extra hyper-threaded processors will not be used by default. Parallel Compilation will use 4 of the 4 physical processors detected instead.
Info (21077): Low junction temperature is 0 degrees C
Info (21077): High junction temperature is 85 degrees C
Info (332164): Evaluating HDL-embedded SDC commands
    Info (332165): Entity sld_jtag_hub
        Info (332166): create_clock -name altera_reserved_tck [get_ports {altera_reserved_tck}] -period 10MHz   
        Info (332166): set_clock_groups -asynchronous -group {altera_reserved_tck}
Critical Warning (332012): Synopsys Design Constraints File file not found: 'g21_lab3.out.sdc'. A Synopsys Design Constraints File is required by the TimeQuest Timing Analyzer to get proper timing constraints. Without it, the Compiler will not properly optimize the design.
Warning (332060): Node: CLK was determined to be a clock but was found without an associated clock assignment.
Info: Found TIMEQUEST_REPORT_SCRIPT_INCLUDE_DEFAULT_ANALYSIS = ON
Info: Analyzing Slow Model
Info (332140): No fmax paths to report
Info (332140): No Setup paths to report
Info (332140): No Hold paths to report
Info (332140): No Recovery paths to report
Info (332140): No Removal paths to report
Info (332146): Worst-case minimum pulse width slack is 97.531
    Info (332119):     Slack End Point TNS Clock 
    Info (332119): ========= ============= =====================
    Info (332119):    97.531         0.000 altera_reserved_tck 
Info (332001): The selected device family is not supported by the report_metastability command.
Info: Analyzing Fast Model
Warning (332060): Node: CLK was determined to be a clock but was found without an associated clock assignment.
Info (332140): No Setup paths to report
Info (332140): No Hold paths to report
Info (332140): No Recovery paths to report
Info (332140): No Removal paths to report
Info (332146): Worst-case minimum pulse width slack is 97.778
    Info (332119):     Slack End Point TNS Clock 
    Info (332119): ========= ============= =====================
    Info (332119):    97.778         0.000 altera_reserved_tck 
Info (332001): The selected device family is not supported by the report_metastability command.
Info (332102): Design is not fully constrained for setup requirements
Info (332102): Design is not fully constrained for hold requirements
Info: Quartus II 64-Bit TimeQuest Timing Analyzer was successful. 0 errors, 3 warnings
    Info: Peak virtual memory: 504 megabytes
    Info: Processing ended: Fri Nov 17 15:05:29 2017
    Info: Elapsed time: 00:00:03
    Info: Total CPU time (on all processors): 00:00:02


