TimeQuest Timing Analyzer report for g21_lab3
Mon Nov 20 13:19:54 2017
Quartus II 64-Bit Version 13.0.1 Build 232 06/12/2013 Service Pack 1 SJ Web Edition


---------------------
; Table of Contents ;
---------------------
  1. Legal Notice
  2. TimeQuest Timing Analyzer Summary
  3. Parallel Compilation
  4. Clocks
  5. Slow Model Fmax Summary
  6. Slow Model Setup Summary
  7. Slow Model Hold Summary
  8. Slow Model Recovery Summary
  9. Slow Model Removal Summary
 10. Slow Model Minimum Pulse Width Summary
 11. Slow Model Minimum Pulse Width: 'altera_reserved_tck'
 12. Propagation Delay
 13. Minimum Propagation Delay
 14. Fast Model Setup Summary
 15. Fast Model Hold Summary
 16. Fast Model Recovery Summary
 17. Fast Model Removal Summary
 18. Fast Model Minimum Pulse Width Summary
 19. Fast Model Minimum Pulse Width: 'altera_reserved_tck'
 20. Propagation Delay
 21. Minimum Propagation Delay
 22. Multicorner Timing Analysis Summary
 23. Progagation Delay
 24. Minimum Progagation Delay
 25. Clock Transfers
 26. Report TCCS
 27. Report RSKM
 28. Unconstrained Paths
 29. TimeQuest Timing Analyzer Messages



----------------
; Legal Notice ;
----------------
Copyright (C) 1991-2013 Altera Corporation
Your use of Altera Corporation's design tools, logic functions 
and other software and tools, and its AMPP partner logic 
functions, and any output files from any of the foregoing 
(including device programming or simulation files), and any 
associated documentation or information are expressly subject 
to the terms and conditions of the Altera Program License 
Subscription Agreement, Altera MegaCore Function License 
Agreement, or other applicable license agreement, including, 
without limitation, that your use is for the sole purpose of 
programming logic devices manufactured by Altera and sold by 
Altera or its authorized distributors.  Please refer to the 
applicable agreement for further details.



+----------------------------------------------------------------------------------------+
; TimeQuest Timing Analyzer Summary                                                      ;
+--------------------+-------------------------------------------------------------------+
; Quartus II Version ; Version 13.0.1 Build 232 06/12/2013 Service Pack 1 SJ Web Edition ;
; Revision Name      ; g21_lab3                                                          ;
; Device Family      ; Cyclone II                                                        ;
; Device Name        ; EP2C20F484C7                                                      ;
; Timing Models      ; Final                                                             ;
; Delay Model        ; Combined                                                          ;
; Rise/Fall Delays   ; Unavailable                                                       ;
+--------------------+-------------------------------------------------------------------+


+------------------------------------------+
; Parallel Compilation                     ;
+----------------------------+-------------+
; Processors                 ; Number      ;
+----------------------------+-------------+
; Number detected on machine ; 8           ;
; Maximum allowed            ; 4           ;
;                            ;             ;
; Average used               ; 1.00        ;
; Maximum used               ; 1           ;
;                            ;             ;
; Usage by Processor         ; % Time Used ;
;     Processor 1            ; 100.0%      ;
;     Processors 2-8         ;   0.0%      ;
+----------------------------+-------------+


+-----------------------------------------------------------------------------------------------------------------------------------------------------------------------------------------------------------+
; Clocks                                                                                                                                                                                                    ;
+---------------------+------+---------+-----------+-------+--------+------------+-----------+-------------+-------+--------+-----------+------------+----------+--------+--------+-------------------------+
; Clock Name          ; Type ; Period  ; Frequency ; Rise  ; Fall   ; Duty Cycle ; Divide by ; Multiply by ; Phase ; Offset ; Edge List ; Edge Shift ; Inverted ; Master ; Source ; Targets                 ;
+---------------------+------+---------+-----------+-------+--------+------------+-----------+-------------+-------+--------+-----------+------------+----------+--------+--------+-------------------------+
; altera_reserved_tck ; Base ; 100.000 ; 10.0 MHz  ; 0.000 ; 50.000 ;            ;           ;             ;       ;        ;           ;            ;          ;        ;        ; { altera_reserved_tck } ;
+---------------------+------+---------+-----------+-------+--------+------------+-----------+-------------+-------+--------+-----------+------------+----------+--------+--------+-------------------------+


---------------------------
; Slow Model Fmax Summary ;
---------------------------
No paths to report.


----------------------------
; Slow Model Setup Summary ;
----------------------------
No paths to report.


---------------------------
; Slow Model Hold Summary ;
---------------------------
No paths to report.


-------------------------------
; Slow Model Recovery Summary ;
-------------------------------
No paths to report.


------------------------------
; Slow Model Removal Summary ;
------------------------------
No paths to report.


+----------------------------------------------+
; Slow Model Minimum Pulse Width Summary       ;
+---------------------+--------+---------------+
; Clock               ; Slack  ; End Point TNS ;
+---------------------+--------+---------------+
; altera_reserved_tck ; 97.531 ; 0.000         ;
+---------------------+--------+---------------+


+-------------------------------------------------------------------------------------------------------------+
; Slow Model Minimum Pulse Width: 'altera_reserved_tck'                                                       ;
+--------+--------------+----------------+-----------+---------------------+------------+---------------------+
; Slack  ; Actual Width ; Required Width ; Type      ; Clock               ; Clock Edge ; Target              ;
+--------+--------------+----------------+-----------+---------------------+------------+---------------------+
; 97.531 ; 100.000      ; 2.469          ; Port Rate ; altera_reserved_tck ; Rise       ; altera_reserved_tck ;
+--------+--------------+----------------+-----------+---------------------+------------+---------------------+


+-----------------------------------------------------------------+
; Propagation Delay                                               ;
+---------------+-------------+--------+--------+--------+--------+
; Input Port    ; Output Port ; RR     ; RF     ; FR     ; FF     ;
+---------------+-------------+--------+--------+--------+--------+
; dipswitch2[0] ; LEDfloor[0] ; 28.435 ; 28.435 ; 28.435 ; 28.435 ;
; dipswitch2[0] ; LEDfloor[2] ; 28.454 ; 28.454 ; 28.454 ; 28.454 ;
; dipswitch2[0] ; LEDfloor[3] ; 28.457 ; 28.457 ; 28.457 ; 28.457 ;
; dipswitch2[0] ; LEDfloor[4] ; 28.809 ; 28.809 ; 28.809 ; 28.809 ;
; dipswitch2[0] ; LEDfloor[5] ; 28.802 ; 28.802 ; 28.802 ; 28.802 ;
; dipswitch2[0] ; LEDfloor[6] ; 28.802 ; 28.588 ; 28.588 ; 28.802 ;
; dipswitch2[0] ; LEDmod[0]   ; 31.877 ; 31.877 ; 31.877 ; 31.877 ;
; dipswitch2[0] ; LEDmod[1]   ; 32.400 ; 32.400 ; 32.400 ; 32.400 ;
; dipswitch2[0] ; LEDmod[2]   ; 32.394 ; 32.394 ; 32.394 ; 32.394 ;
; dipswitch2[0] ; LEDmod[3]   ; 31.734 ; 31.734 ; 31.734 ; 31.734 ;
; dipswitch2[0] ; LEDmod[4]   ; 31.499 ; 31.499 ; 31.499 ; 31.499 ;
; dipswitch2[0] ; LEDmod[5]   ; 31.879 ; 31.879 ; 31.879 ; 31.879 ;
; dipswitch2[0] ; LEDmod[6]   ; 32.228 ; 32.228 ; 32.228 ; 32.228 ;
; dipswitch2[0] ; VALUE[0]    ; 17.022 ; 17.317 ; 17.317 ; 17.022 ;
; dipswitch2[0] ; VALUE[1]    ; 18.107 ; 18.321 ; 18.321 ; 18.107 ;
; dipswitch2[0] ; VALUE[2]    ; 18.510 ; 18.460 ; 18.460 ; 18.510 ;
; dipswitch2[0] ; VALUE[3]    ; 17.688 ; 18.786 ; 18.786 ; 17.688 ;
; dipswitch2[0] ; VALUE[4]    ; 17.050 ; 17.667 ; 17.667 ; 17.050 ;
; dipswitch2[0] ; VALUE[5]    ; 18.815 ; 18.815 ; 18.815 ; 18.815 ;
; dipswitch2[1] ; LEDfloor[0] ; 27.262 ; 27.262 ; 27.262 ; 27.262 ;
; dipswitch2[1] ; LEDfloor[2] ; 27.281 ; 27.281 ; 27.281 ; 27.281 ;
; dipswitch2[1] ; LEDfloor[3] ; 27.284 ; 27.284 ; 27.284 ; 27.284 ;
; dipswitch2[1] ; LEDfloor[4] ; 27.636 ; 27.636 ; 27.636 ; 27.636 ;
; dipswitch2[1] ; LEDfloor[5] ; 27.629 ; 27.629 ; 27.629 ; 27.629 ;
; dipswitch2[1] ; LEDfloor[6] ; 27.629 ; 27.629 ; 27.629 ; 27.629 ;
; dipswitch2[1] ; LEDmod[0]   ; 30.704 ; 30.704 ; 30.704 ; 30.704 ;
; dipswitch2[1] ; LEDmod[1]   ; 31.227 ; 31.227 ; 31.227 ; 31.227 ;
; dipswitch2[1] ; LEDmod[2]   ; 31.221 ; 31.221 ; 31.221 ; 31.221 ;
; dipswitch2[1] ; LEDmod[3]   ; 30.561 ; 30.561 ; 30.561 ; 30.561 ;
; dipswitch2[1] ; LEDmod[4]   ; 30.326 ; 30.326 ; 30.326 ; 30.326 ;
; dipswitch2[1] ; LEDmod[5]   ; 30.706 ; 30.706 ; 30.706 ; 30.706 ;
; dipswitch2[1] ; LEDmod[6]   ; 31.055 ; 31.055 ; 31.055 ; 31.055 ;
; dipswitch2[1] ; VALUE[0]    ; 16.137 ; 16.137 ; 16.137 ; 16.137 ;
; dipswitch2[1] ; VALUE[1]    ; 17.148 ; 17.148 ; 17.148 ; 17.148 ;
; dipswitch2[1] ; VALUE[2]    ; 17.613 ; 17.613 ; 17.613 ; 17.613 ;
; dipswitch2[1] ; VALUE[3]    ; 17.916 ; 17.789 ; 17.789 ; 17.916 ;
; dipswitch2[1] ; VALUE[4]    ; 16.636 ; 16.636 ; 16.636 ; 16.636 ;
; dipswitch2[1] ; VALUE[5]    ; 18.395 ; 18.395 ; 18.395 ; 18.395 ;
; dipswitch2[2] ; LEDfloor[0] ; 25.703 ; 25.703 ; 25.703 ; 25.703 ;
; dipswitch2[2] ; LEDfloor[2] ; 25.722 ; 25.722 ; 25.722 ; 25.722 ;
; dipswitch2[2] ; LEDfloor[3] ; 25.725 ; 25.725 ; 25.725 ; 25.725 ;
; dipswitch2[2] ; LEDfloor[4] ; 26.077 ; 26.077 ; 26.077 ; 26.077 ;
; dipswitch2[2] ; LEDfloor[5] ; 26.070 ; 26.070 ; 26.070 ; 26.070 ;
; dipswitch2[2] ; LEDfloor[6] ; 26.070 ; 26.070 ; 26.070 ; 26.070 ;
; dipswitch2[2] ; LEDmod[0]   ; 29.145 ; 29.145 ; 29.145 ; 29.145 ;
; dipswitch2[2] ; LEDmod[1]   ; 29.668 ; 29.668 ; 29.668 ; 29.668 ;
; dipswitch2[2] ; LEDmod[2]   ; 29.662 ; 29.662 ; 29.662 ; 29.662 ;
; dipswitch2[2] ; LEDmod[3]   ; 29.002 ; 29.002 ; 29.002 ; 29.002 ;
; dipswitch2[2] ; LEDmod[4]   ; 28.767 ; 28.767 ; 28.767 ; 28.767 ;
; dipswitch2[2] ; LEDmod[5]   ; 29.147 ; 29.147 ; 29.147 ; 29.147 ;
; dipswitch2[2] ; LEDmod[6]   ; 29.496 ; 29.496 ; 29.496 ; 29.496 ;
; dipswitch2[2] ; VALUE[0]    ; 13.270 ; 13.270 ; 13.270 ; 13.270 ;
; dipswitch2[2] ; VALUE[1]    ; 14.931 ; 14.931 ; 14.931 ; 14.931 ;
; dipswitch2[2] ; VALUE[2]    ; 14.679 ; 14.930 ; 14.930 ; 14.679 ;
; dipswitch2[2] ; VALUE[3]    ; 16.853 ; 16.853 ; 16.853 ; 16.853 ;
; dipswitch2[2] ; VALUE[4]    ; 14.213 ; 14.151 ; 14.151 ; 14.213 ;
; dipswitch2[2] ; VALUE[5]    ; 16.614 ; 16.614 ; 16.614 ; 16.614 ;
; dipswitch2[3] ; LEDfloor[0] ; 24.680 ; 24.680 ; 24.680 ; 24.680 ;
; dipswitch2[3] ; LEDfloor[2] ; 24.699 ; 24.699 ; 24.699 ; 24.699 ;
; dipswitch2[3] ; LEDfloor[3] ; 24.702 ; 24.702 ; 24.702 ; 24.702 ;
; dipswitch2[3] ; LEDfloor[4] ; 25.054 ; 25.054 ; 25.054 ; 25.054 ;
; dipswitch2[3] ; LEDfloor[5] ; 25.047 ; 25.047 ; 25.047 ; 25.047 ;
; dipswitch2[3] ; LEDfloor[6] ; 25.047 ; 24.346 ; 24.346 ; 25.047 ;
; dipswitch2[3] ; LEDmod[0]   ; 28.122 ; 28.122 ; 28.122 ; 28.122 ;
; dipswitch2[3] ; LEDmod[1]   ; 28.645 ; 28.645 ; 28.645 ; 28.645 ;
; dipswitch2[3] ; LEDmod[2]   ; 28.639 ; 28.639 ; 28.639 ; 28.639 ;
; dipswitch2[3] ; LEDmod[3]   ; 27.979 ; 27.979 ; 27.979 ; 27.979 ;
; dipswitch2[3] ; LEDmod[4]   ; 27.744 ; 27.744 ; 27.744 ; 27.744 ;
; dipswitch2[3] ; LEDmod[5]   ; 28.124 ; 28.124 ; 28.124 ; 28.124 ;
; dipswitch2[3] ; LEDmod[6]   ; 28.473 ; 28.473 ; 28.473 ; 28.473 ;
; dipswitch2[3] ; VALUE[0]    ; 12.120 ; 12.120 ; 12.120 ; 12.120 ;
; dipswitch2[3] ; VALUE[1]    ; 13.865 ; 14.566 ; 14.566 ; 13.865 ;
; dipswitch2[3] ; VALUE[2]    ; 13.879 ; 13.048 ; 13.048 ; 13.879 ;
; dipswitch2[3] ; VALUE[3]    ; 12.745 ; 13.959 ; 13.959 ; 12.745 ;
; dipswitch2[3] ; VALUE[4]    ; 12.701 ; 13.162 ; 13.162 ; 12.701 ;
; dipswitch2[3] ; VALUE[5]    ; 15.670 ; 15.670 ; 15.670 ; 15.670 ;
; dipswitch2[4] ; LEDfloor[0] ; 22.922 ; 22.922 ; 22.922 ; 22.922 ;
; dipswitch2[4] ; LEDfloor[2] ; 22.941 ; 22.941 ; 22.941 ; 22.941 ;
; dipswitch2[4] ; LEDfloor[3] ; 22.944 ; 22.944 ; 22.944 ; 22.944 ;
; dipswitch2[4] ; LEDfloor[4] ; 23.296 ; 23.296 ; 23.296 ; 23.296 ;
; dipswitch2[4] ; LEDfloor[5] ; 23.289 ; 23.289 ; 23.289 ; 23.289 ;
; dipswitch2[4] ; LEDfloor[6] ; 23.289 ; 23.289 ; 23.289 ; 23.289 ;
; dipswitch2[4] ; LEDmod[0]   ; 26.364 ; 26.364 ; 26.364 ; 26.364 ;
; dipswitch2[4] ; LEDmod[1]   ; 26.887 ; 26.887 ; 26.887 ; 26.887 ;
; dipswitch2[4] ; LEDmod[2]   ; 26.881 ; 26.881 ; 26.881 ; 26.881 ;
; dipswitch2[4] ; LEDmod[3]   ; 26.221 ; 26.221 ; 26.221 ; 26.221 ;
; dipswitch2[4] ; LEDmod[4]   ; 25.986 ; 25.986 ; 25.986 ; 25.986 ;
; dipswitch2[4] ; LEDmod[5]   ; 26.366 ; 26.366 ; 26.366 ; 26.366 ;
; dipswitch2[4] ; LEDmod[6]   ; 26.715 ; 26.715 ; 26.715 ; 26.715 ;
; dipswitch2[4] ; VALUE[0]    ; 11.224 ; 11.180 ; 11.180 ; 11.224 ;
; dipswitch2[4] ; VALUE[1]    ; 12.808 ; 12.808 ; 12.808 ; 12.808 ;
; dipswitch2[4] ; VALUE[2]    ; 12.097 ; 12.864 ; 12.864 ; 12.097 ;
; dipswitch2[4] ; VALUE[3]    ; 12.949 ; 12.854 ; 12.854 ; 12.949 ;
; dipswitch2[4] ; VALUE[4]    ; 12.344 ; 12.576 ; 12.576 ; 12.344 ;
; dipswitch2[4] ; VALUE[5]    ; 11.642 ; 11.867 ; 11.867 ; 11.642 ;
; dipswitch2[5] ; LEDfloor[0] ; 24.751 ; 24.751 ; 24.751 ; 24.751 ;
; dipswitch2[5] ; LEDfloor[2] ; 24.770 ; 24.770 ; 24.770 ; 24.770 ;
; dipswitch2[5] ; LEDfloor[3] ; 24.773 ; 24.773 ; 24.773 ; 24.773 ;
; dipswitch2[5] ; LEDfloor[4] ; 25.125 ; 25.125 ; 25.125 ; 25.125 ;
; dipswitch2[5] ; LEDfloor[5] ; 25.118 ; 25.118 ; 25.118 ; 25.118 ;
; dipswitch2[5] ; LEDfloor[6] ; 25.118 ; 25.118 ; 25.118 ; 25.118 ;
; dipswitch2[5] ; LEDmod[0]   ; 28.193 ; 28.193 ; 28.193 ; 28.193 ;
; dipswitch2[5] ; LEDmod[1]   ; 28.716 ; 28.716 ; 28.716 ; 28.716 ;
; dipswitch2[5] ; LEDmod[2]   ; 28.710 ; 28.710 ; 28.710 ; 28.710 ;
; dipswitch2[5] ; LEDmod[3]   ; 28.050 ; 28.050 ; 28.050 ; 28.050 ;
; dipswitch2[5] ; LEDmod[4]   ; 27.815 ; 27.815 ; 27.815 ; 27.815 ;
; dipswitch2[5] ; LEDmod[5]   ; 28.195 ; 28.195 ; 28.195 ; 28.195 ;
; dipswitch2[5] ; LEDmod[6]   ; 28.544 ; 28.544 ; 28.544 ; 28.544 ;
; dipswitch2[5] ; VALUE[0]    ; 12.892 ; 12.892 ; 12.892 ; 12.892 ;
; dipswitch2[5] ; VALUE[1]    ; 14.637 ; 14.637 ; 14.637 ; 14.637 ;
; dipswitch2[5] ; VALUE[2]    ; 13.818 ; 14.651 ; 14.651 ; 13.818 ;
; dipswitch2[5] ; VALUE[3]    ; 14.731 ; 13.588 ; 13.588 ; 14.731 ;
; dipswitch2[5] ; VALUE[4]    ; 13.934 ; 13.078 ; 13.078 ; 13.934 ;
; dipswitch2[5] ; VALUE[5]    ; 12.140 ; 12.490 ; 12.490 ; 12.140 ;
+---------------+-------------+--------+--------+--------+--------+


+-----------------------------------------------------------------+
; Minimum Propagation Delay                                       ;
+---------------+-------------+--------+--------+--------+--------+
; Input Port    ; Output Port ; RR     ; RF     ; FR     ; FF     ;
+---------------+-------------+--------+--------+--------+--------+
; dipswitch2[0] ; LEDfloor[0] ; 15.153 ; 15.153 ; 15.153 ; 15.153 ;
; dipswitch2[0] ; LEDfloor[2] ; 15.178 ; 15.178 ; 15.178 ; 15.178 ;
; dipswitch2[0] ; LEDfloor[3] ; 15.175 ; 15.175 ; 15.175 ; 15.175 ;
; dipswitch2[0] ; LEDfloor[4] ; 15.528 ; 15.528 ; 15.528 ; 15.528 ;
; dipswitch2[0] ; LEDfloor[5] ; 15.526 ; 15.526 ; 15.526 ; 15.526 ;
; dipswitch2[0] ; LEDfloor[6] ; 15.521 ; 15.521 ; 15.521 ; 15.521 ;
; dipswitch2[0] ; LEDmod[0]   ; 15.168 ; 15.168 ; 15.168 ; 15.168 ;
; dipswitch2[0] ; LEDmod[1]   ; 15.691 ; 15.691 ; 15.691 ; 15.691 ;
; dipswitch2[0] ; LEDmod[2]   ; 15.685 ; 15.685 ; 15.685 ; 15.685 ;
; dipswitch2[0] ; LEDmod[3]   ; 15.025 ; 15.025 ; 15.025 ; 15.025 ;
; dipswitch2[0] ; LEDmod[4]   ; 14.790 ; 14.790 ; 14.790 ; 14.790 ;
; dipswitch2[0] ; LEDmod[5]   ; 15.170 ; 15.170 ; 15.170 ; 15.170 ;
; dipswitch2[0] ; LEDmod[6]   ; 15.519 ; 15.519 ; 15.519 ; 15.519 ;
; dipswitch2[0] ; VALUE[0]    ; 14.233 ; 14.028 ; 14.028 ; 14.233 ;
; dipswitch2[0] ; VALUE[1]    ; 14.695 ; 14.695 ; 14.695 ; 14.695 ;
; dipswitch2[0] ; VALUE[2]    ; 14.730 ; 14.470 ; 14.470 ; 14.730 ;
; dipswitch2[0] ; VALUE[3]    ; 14.350 ; 14.755 ; 14.755 ; 14.350 ;
; dipswitch2[0] ; VALUE[4]    ; 13.174 ; 13.174 ; 13.174 ; 13.174 ;
; dipswitch2[0] ; VALUE[5]    ; 14.780 ; 14.780 ; 14.780 ; 14.780 ;
; dipswitch2[1] ; LEDfloor[0] ; 15.117 ; 15.117 ; 15.117 ; 15.117 ;
; dipswitch2[1] ; LEDfloor[2] ; 15.126 ; 15.126 ; 15.126 ; 15.126 ;
; dipswitch2[1] ; LEDfloor[3] ; 15.139 ; 15.139 ; 15.139 ; 15.139 ;
; dipswitch2[1] ; LEDfloor[4] ; 15.488 ; 15.488 ; 15.488 ; 15.488 ;
; dipswitch2[1] ; LEDfloor[5] ; 15.479 ; 15.479 ; 15.479 ; 15.479 ;
; dipswitch2[1] ; LEDfloor[6] ; 15.473 ; 15.473 ; 15.473 ; 15.473 ;
; dipswitch2[1] ; LEDmod[0]   ; 15.563 ; 15.563 ; 15.563 ; 15.563 ;
; dipswitch2[1] ; LEDmod[1]   ; 16.086 ; 16.086 ; 16.086 ; 16.086 ;
; dipswitch2[1] ; LEDmod[2]   ; 16.080 ; 16.080 ; 16.080 ; 16.080 ;
; dipswitch2[1] ; LEDmod[3]   ; 15.420 ; 15.420 ; 15.420 ; 15.420 ;
; dipswitch2[1] ; LEDmod[4]   ; 15.185 ; 15.185 ; 15.185 ; 15.185 ;
; dipswitch2[1] ; LEDmod[5]   ; 15.565 ; 15.565 ; 15.565 ; 15.565 ;
; dipswitch2[1] ; LEDmod[6]   ; 15.914 ; 15.914 ; 15.914 ; 15.914 ;
; dipswitch2[1] ; VALUE[0]    ; 13.612 ; 13.612 ; 13.612 ; 13.612 ;
; dipswitch2[1] ; VALUE[1]    ; 15.101 ; 15.101 ; 15.101 ; 15.101 ;
; dipswitch2[1] ; VALUE[2]    ; 13.756 ; 13.756 ; 13.756 ; 13.756 ;
; dipswitch2[1] ; VALUE[3]    ; 14.745 ; 14.745 ; 14.745 ; 14.745 ;
; dipswitch2[1] ; VALUE[4]    ; 13.507 ; 13.507 ; 13.507 ; 13.507 ;
; dipswitch2[1] ; VALUE[5]    ; 13.900 ; 13.900 ; 13.900 ; 13.900 ;
; dipswitch2[2] ; LEDfloor[0] ; 11.868 ; 11.868 ; 11.868 ; 11.868 ;
; dipswitch2[2] ; LEDfloor[2] ; 11.893 ; 11.893 ; 11.893 ; 11.893 ;
; dipswitch2[2] ; LEDfloor[3] ; 11.890 ; 11.890 ; 11.890 ; 11.890 ;
; dipswitch2[2] ; LEDfloor[4] ; 12.243 ; 12.243 ; 12.243 ; 12.243 ;
; dipswitch2[2] ; LEDfloor[5] ; 12.241 ; 12.241 ; 12.241 ; 12.241 ;
; dipswitch2[2] ; LEDfloor[6] ; 12.672 ; 12.236 ; 12.236 ; 12.672 ;
; dipswitch2[2] ; LEDmod[0]   ; 12.696 ; 12.696 ; 12.696 ; 12.696 ;
; dipswitch2[2] ; LEDmod[1]   ; 13.218 ; 13.218 ; 13.218 ; 13.218 ;
; dipswitch2[2] ; LEDmod[2]   ; 13.180 ; 13.180 ; 13.180 ; 13.180 ;
; dipswitch2[2] ; LEDmod[3]   ; 12.549 ; 12.549 ; 12.549 ; 12.549 ;
; dipswitch2[2] ; LEDmod[4]   ; 12.315 ; 12.315 ; 12.315 ; 12.315 ;
; dipswitch2[2] ; LEDmod[5]   ; 12.701 ; 12.701 ; 12.701 ; 12.701 ;
; dipswitch2[2] ; LEDmod[6]   ; 13.049 ; 13.049 ; 13.049 ; 13.049 ;
; dipswitch2[2] ; VALUE[0]    ; 11.470 ; 10.643 ; 10.643 ; 11.470 ;
; dipswitch2[2] ; VALUE[1]    ; 12.033 ; 11.753 ; 11.753 ; 12.033 ;
; dipswitch2[2] ; VALUE[2]    ; 12.206 ; 11.249 ; 11.249 ; 12.206 ;
; dipswitch2[2] ; VALUE[3]    ; 12.845 ; 12.841 ; 12.841 ; 12.845 ;
; dipswitch2[2] ; VALUE[4]    ; 9.889  ; 10.371 ; 10.371 ; 9.889  ;
; dipswitch2[2] ; VALUE[5]    ; 11.099 ; 11.099 ; 11.099 ; 11.099 ;
; dipswitch2[3] ; LEDfloor[0] ; 11.985 ; 11.985 ; 11.985 ; 11.985 ;
; dipswitch2[3] ; LEDfloor[2] ; 12.010 ; 12.010 ; 12.010 ; 12.010 ;
; dipswitch2[3] ; LEDfloor[3] ; 12.007 ; 12.007 ; 12.007 ; 12.007 ;
; dipswitch2[3] ; LEDfloor[4] ; 12.360 ; 12.360 ; 12.360 ; 12.360 ;
; dipswitch2[3] ; LEDfloor[5] ; 12.358 ; 12.358 ; 12.358 ; 12.358 ;
; dipswitch2[3] ; LEDfloor[6] ; 12.353 ; 12.366 ; 12.366 ; 12.353 ;
; dipswitch2[3] ; LEDmod[0]   ; 12.009 ; 12.009 ; 12.009 ; 12.009 ;
; dipswitch2[3] ; LEDmod[1]   ; 12.532 ; 12.532 ; 12.532 ; 12.532 ;
; dipswitch2[3] ; LEDmod[2]   ; 12.526 ; 12.526 ; 12.526 ; 12.526 ;
; dipswitch2[3] ; LEDmod[3]   ; 11.866 ; 11.866 ; 11.866 ; 11.866 ;
; dipswitch2[3] ; LEDmod[4]   ; 11.631 ; 11.631 ; 11.631 ; 11.631 ;
; dipswitch2[3] ; LEDmod[5]   ; 12.011 ; 12.011 ; 12.011 ; 12.011 ;
; dipswitch2[3] ; LEDmod[6]   ; 12.360 ; 12.360 ; 12.360 ; 12.360 ;
; dipswitch2[3] ; VALUE[0]    ; 10.056 ; 10.534 ; 10.534 ; 10.056 ;
; dipswitch2[3] ; VALUE[1]    ; 11.455 ; 11.758 ; 11.758 ; 11.455 ;
; dipswitch2[3] ; VALUE[2]    ; 10.578 ; 11.313 ; 11.313 ; 10.578 ;
; dipswitch2[3] ; VALUE[3]    ; 11.225 ; 11.191 ; 11.191 ; 11.225 ;
; dipswitch2[3] ; VALUE[4]    ; 10.395 ; 10.006 ; 10.006 ; 10.395 ;
; dipswitch2[3] ; VALUE[5]    ; 10.793 ; 10.793 ; 10.793 ; 10.793 ;
; dipswitch2[4] ; LEDfloor[0] ; 11.406 ; 11.406 ; 11.406 ; 11.406 ;
; dipswitch2[4] ; LEDfloor[2] ; 11.415 ; 11.415 ; 11.415 ; 11.415 ;
; dipswitch2[4] ; LEDfloor[3] ; 11.428 ; 11.428 ; 11.428 ; 11.428 ;
; dipswitch2[4] ; LEDfloor[4] ; 11.777 ; 12.656 ; 12.656 ; 11.777 ;
; dipswitch2[4] ; LEDfloor[5] ; 11.768 ; 11.768 ; 11.768 ; 11.768 ;
; dipswitch2[4] ; LEDfloor[6] ; 12.641 ; 11.762 ; 11.762 ; 12.641 ;
; dipswitch2[4] ; LEDmod[0]   ; 11.991 ; 11.991 ; 11.991 ; 11.991 ;
; dipswitch2[4] ; LEDmod[1]   ; 12.514 ; 12.514 ; 12.514 ; 12.514 ;
; dipswitch2[4] ; LEDmod[2]   ; 12.508 ; 12.508 ; 12.508 ; 12.508 ;
; dipswitch2[4] ; LEDmod[3]   ; 11.848 ; 11.848 ; 11.848 ; 11.848 ;
; dipswitch2[4] ; LEDmod[4]   ; 11.613 ; 11.613 ; 11.613 ; 11.613 ;
; dipswitch2[4] ; LEDmod[5]   ; 11.993 ; 11.993 ; 11.993 ; 11.993 ;
; dipswitch2[4] ; LEDmod[6]   ; 12.342 ; 12.342 ; 12.342 ; 12.342 ;
; dipswitch2[4] ; VALUE[0]    ; 11.075 ; 10.733 ; 10.733 ; 11.075 ;
; dipswitch2[4] ; VALUE[1]    ; 12.299 ; 12.356 ; 12.356 ; 12.299 ;
; dipswitch2[4] ; VALUE[2]    ; 12.031 ; 11.388 ; 11.388 ; 12.031 ;
; dipswitch2[4] ; VALUE[3]    ; 11.173 ; 11.735 ; 11.735 ; 11.173 ;
; dipswitch2[4] ; VALUE[4]    ; 10.517 ; 10.821 ; 10.821 ; 10.517 ;
; dipswitch2[4] ; VALUE[5]    ; 10.189 ; 11.068 ; 11.068 ; 10.189 ;
; dipswitch2[5] ; LEDfloor[0] ; 12.783 ; 12.783 ; 12.783 ; 12.783 ;
; dipswitch2[5] ; LEDfloor[2] ; 12.792 ; 12.792 ; 12.792 ; 12.792 ;
; dipswitch2[5] ; LEDfloor[3] ; 12.805 ; 12.805 ; 12.805 ; 12.805 ;
; dipswitch2[5] ; LEDfloor[4] ; 13.728 ; 13.154 ; 13.154 ; 13.728 ;
; dipswitch2[5] ; LEDfloor[5] ; 13.145 ; 13.145 ; 13.145 ; 13.145 ;
; dipswitch2[5] ; LEDfloor[6] ; 13.139 ; 13.713 ; 13.713 ; 13.139 ;
; dipswitch2[5] ; LEDmod[0]   ; 13.806 ; 13.806 ; 13.806 ; 13.806 ;
; dipswitch2[5] ; LEDmod[1]   ; 14.329 ; 14.329 ; 14.329 ; 14.329 ;
; dipswitch2[5] ; LEDmod[2]   ; 14.323 ; 14.323 ; 14.323 ; 14.323 ;
; dipswitch2[5] ; LEDmod[3]   ; 13.663 ; 13.663 ; 13.663 ; 13.663 ;
; dipswitch2[5] ; LEDmod[4]   ; 13.428 ; 13.428 ; 13.428 ; 13.428 ;
; dipswitch2[5] ; LEDmod[5]   ; 13.808 ; 13.808 ; 13.808 ; 13.808 ;
; dipswitch2[5] ; LEDmod[6]   ; 14.157 ; 14.157 ; 14.157 ; 14.157 ;
; dipswitch2[5] ; VALUE[0]    ; 12.328 ; 11.907 ; 11.907 ; 12.328 ;
; dipswitch2[5] ; VALUE[1]    ; 14.061 ; 13.530 ; 13.530 ; 14.061 ;
; dipswitch2[5] ; VALUE[2]    ; 13.284 ; 12.562 ; 12.562 ; 13.284 ;
; dipswitch2[5] ; VALUE[3]    ; 14.202 ; 12.988 ; 12.988 ; 14.202 ;
; dipswitch2[5] ; VALUE[4]    ; 13.597 ; 11.995 ; 11.995 ; 13.597 ;
; dipswitch2[5] ; VALUE[5]    ; 12.140 ; 11.566 ; 11.566 ; 12.140 ;
+---------------+-------------+--------+--------+--------+--------+


----------------------------
; Fast Model Setup Summary ;
----------------------------
No paths to report.


---------------------------
; Fast Model Hold Summary ;
---------------------------
No paths to report.


-------------------------------
; Fast Model Recovery Summary ;
-------------------------------
No paths to report.


------------------------------
; Fast Model Removal Summary ;
------------------------------
No paths to report.


+----------------------------------------------+
; Fast Model Minimum Pulse Width Summary       ;
+---------------------+--------+---------------+
; Clock               ; Slack  ; End Point TNS ;
+---------------------+--------+---------------+
; altera_reserved_tck ; 97.778 ; 0.000         ;
+---------------------+--------+---------------+


+-------------------------------------------------------------------------------------------------------------+
; Fast Model Minimum Pulse Width: 'altera_reserved_tck'                                                       ;
+--------+--------------+----------------+-----------+---------------------+------------+---------------------+
; Slack  ; Actual Width ; Required Width ; Type      ; Clock               ; Clock Edge ; Target              ;
+--------+--------------+----------------+-----------+---------------------+------------+---------------------+
; 97.778 ; 100.000      ; 2.222          ; Port Rate ; altera_reserved_tck ; Rise       ; altera_reserved_tck ;
+--------+--------------+----------------+-----------+---------------------+------------+---------------------+


+-----------------------------------------------------------------+
; Propagation Delay                                               ;
+---------------+-------------+--------+--------+--------+--------+
; Input Port    ; Output Port ; RR     ; RF     ; FR     ; FF     ;
+---------------+-------------+--------+--------+--------+--------+
; dipswitch2[0] ; LEDfloor[0] ; 11.292 ; 11.292 ; 11.292 ; 11.292 ;
; dipswitch2[0] ; LEDfloor[2] ; 11.309 ; 11.309 ; 11.309 ; 11.309 ;
; dipswitch2[0] ; LEDfloor[3] ; 11.318 ; 11.318 ; 11.318 ; 11.318 ;
; dipswitch2[0] ; LEDfloor[4] ; 11.448 ; 11.448 ; 11.448 ; 11.448 ;
; dipswitch2[0] ; LEDfloor[5] ; 11.442 ; 11.442 ; 11.442 ; 11.442 ;
; dipswitch2[0] ; LEDfloor[6] ; 11.445 ; 11.309 ; 11.309 ; 11.445 ;
; dipswitch2[0] ; LEDmod[0]   ; 12.535 ; 12.535 ; 12.535 ; 12.535 ;
; dipswitch2[0] ; LEDmod[1]   ; 12.802 ; 12.802 ; 12.802 ; 12.802 ;
; dipswitch2[0] ; LEDmod[2]   ; 12.799 ; 12.799 ; 12.799 ; 12.799 ;
; dipswitch2[0] ; LEDmod[3]   ; 12.457 ; 12.457 ; 12.457 ; 12.457 ;
; dipswitch2[0] ; LEDmod[4]   ; 12.371 ; 12.371 ; 12.371 ; 12.371 ;
; dipswitch2[0] ; LEDmod[5]   ; 12.539 ; 12.539 ; 12.539 ; 12.539 ;
; dipswitch2[0] ; LEDmod[6]   ; 12.678 ; 12.678 ; 12.678 ; 12.678 ;
; dipswitch2[0] ; VALUE[0]    ; 7.027  ; 7.138  ; 7.138  ; 7.027  ;
; dipswitch2[0] ; VALUE[1]    ; 7.433  ; 7.569  ; 7.569  ; 7.433  ;
; dipswitch2[0] ; VALUE[2]    ; 7.564  ; 7.545  ; 7.545  ; 7.564  ;
; dipswitch2[0] ; VALUE[3]    ; 7.218  ; 7.641  ; 7.641  ; 7.218  ;
; dipswitch2[0] ; VALUE[4]    ; 6.972  ; 7.264  ; 7.264  ; 6.972  ;
; dipswitch2[0] ; VALUE[5]    ; 7.666  ; 7.666  ; 7.666  ; 7.666  ;
; dipswitch2[1] ; LEDfloor[0] ; 10.835 ; 10.835 ; 10.835 ; 10.835 ;
; dipswitch2[1] ; LEDfloor[2] ; 10.852 ; 10.852 ; 10.852 ; 10.852 ;
; dipswitch2[1] ; LEDfloor[3] ; 10.861 ; 10.861 ; 10.861 ; 10.861 ;
; dipswitch2[1] ; LEDfloor[4] ; 10.991 ; 10.991 ; 10.991 ; 10.991 ;
; dipswitch2[1] ; LEDfloor[5] ; 10.985 ; 10.985 ; 10.985 ; 10.985 ;
; dipswitch2[1] ; LEDfloor[6] ; 10.988 ; 10.988 ; 10.988 ; 10.988 ;
; dipswitch2[1] ; LEDmod[0]   ; 12.078 ; 12.078 ; 12.078 ; 12.078 ;
; dipswitch2[1] ; LEDmod[1]   ; 12.345 ; 12.345 ; 12.345 ; 12.345 ;
; dipswitch2[1] ; LEDmod[2]   ; 12.342 ; 12.342 ; 12.342 ; 12.342 ;
; dipswitch2[1] ; LEDmod[3]   ; 12.000 ; 12.000 ; 12.000 ; 12.000 ;
; dipswitch2[1] ; LEDmod[4]   ; 11.914 ; 11.914 ; 11.914 ; 11.914 ;
; dipswitch2[1] ; LEDmod[5]   ; 12.082 ; 12.082 ; 12.082 ; 12.082 ;
; dipswitch2[1] ; LEDmod[6]   ; 12.221 ; 12.221 ; 12.221 ; 12.221 ;
; dipswitch2[1] ; VALUE[0]    ; 6.709  ; 6.709  ; 6.709  ; 6.709  ;
; dipswitch2[1] ; VALUE[1]    ; 7.070  ; 7.099  ; 7.099  ; 7.070  ;
; dipswitch2[1] ; VALUE[2]    ; 7.263  ; 7.263  ; 7.263  ; 7.263  ;
; dipswitch2[1] ; VALUE[3]    ; 7.335  ; 7.250  ; 7.250  ; 7.335  ;
; dipswitch2[1] ; VALUE[4]    ; 6.871  ; 6.871  ; 6.871  ; 6.871  ;
; dipswitch2[1] ; VALUE[5]    ; 7.572  ; 7.572  ; 7.572  ; 7.572  ;
; dipswitch2[2] ; LEDfloor[0] ; 10.201 ; 10.201 ; 10.201 ; 10.201 ;
; dipswitch2[2] ; LEDfloor[2] ; 10.218 ; 10.218 ; 10.218 ; 10.218 ;
; dipswitch2[2] ; LEDfloor[3] ; 10.227 ; 10.227 ; 10.227 ; 10.227 ;
; dipswitch2[2] ; LEDfloor[4] ; 10.357 ; 10.357 ; 10.357 ; 10.357 ;
; dipswitch2[2] ; LEDfloor[5] ; 10.351 ; 10.351 ; 10.351 ; 10.351 ;
; dipswitch2[2] ; LEDfloor[6] ; 10.354 ; 10.354 ; 10.354 ; 10.354 ;
; dipswitch2[2] ; LEDmod[0]   ; 11.444 ; 11.444 ; 11.444 ; 11.444 ;
; dipswitch2[2] ; LEDmod[1]   ; 11.711 ; 11.711 ; 11.711 ; 11.711 ;
; dipswitch2[2] ; LEDmod[2]   ; 11.708 ; 11.708 ; 11.708 ; 11.708 ;
; dipswitch2[2] ; LEDmod[3]   ; 11.366 ; 11.366 ; 11.366 ; 11.366 ;
; dipswitch2[2] ; LEDmod[4]   ; 11.280 ; 11.280 ; 11.280 ; 11.280 ;
; dipswitch2[2] ; LEDmod[5]   ; 11.448 ; 11.448 ; 11.448 ; 11.448 ;
; dipswitch2[2] ; LEDmod[6]   ; 11.587 ; 11.587 ; 11.587 ; 11.587 ;
; dipswitch2[2] ; VALUE[0]    ; 5.590  ; 5.590  ; 5.590  ; 5.590  ;
; dipswitch2[2] ; VALUE[1]    ; 6.235  ; 6.235  ; 6.235  ; 6.235  ;
; dipswitch2[2] ; VALUE[2]    ; 6.101  ; 6.174  ; 6.174  ; 6.101  ;
; dipswitch2[2] ; VALUE[3]    ; 6.935  ; 6.935  ; 6.935  ; 6.935  ;
; dipswitch2[2] ; VALUE[4]    ; 5.924  ; 5.871  ; 5.871  ; 5.924  ;
; dipswitch2[2] ; VALUE[5]    ; 6.873  ; 6.873  ; 6.873  ; 6.873  ;
; dipswitch2[3] ; LEDfloor[0] ; 9.848  ; 9.848  ; 9.848  ; 9.848  ;
; dipswitch2[3] ; LEDfloor[2] ; 9.865  ; 9.865  ; 9.865  ; 9.865  ;
; dipswitch2[3] ; LEDfloor[3] ; 9.874  ; 9.874  ; 9.874  ; 9.874  ;
; dipswitch2[3] ; LEDfloor[4] ; 10.004 ; 10.004 ; 10.004 ; 10.004 ;
; dipswitch2[3] ; LEDfloor[5] ; 9.998  ; 9.998  ; 9.998  ; 9.998  ;
; dipswitch2[3] ; LEDfloor[6] ; 10.001 ; 9.688  ; 9.688  ; 10.001 ;
; dipswitch2[3] ; LEDmod[0]   ; 11.091 ; 11.091 ; 11.091 ; 11.091 ;
; dipswitch2[3] ; LEDmod[1]   ; 11.358 ; 11.358 ; 11.358 ; 11.358 ;
; dipswitch2[3] ; LEDmod[2]   ; 11.355 ; 11.355 ; 11.355 ; 11.355 ;
; dipswitch2[3] ; LEDmod[3]   ; 11.013 ; 11.013 ; 11.013 ; 11.013 ;
; dipswitch2[3] ; LEDmod[4]   ; 10.927 ; 10.927 ; 10.927 ; 10.927 ;
; dipswitch2[3] ; LEDmod[5]   ; 11.095 ; 11.095 ; 11.095 ; 11.095 ;
; dipswitch2[3] ; LEDmod[6]   ; 11.234 ; 11.234 ; 11.234 ; 11.234 ;
; dipswitch2[3] ; VALUE[0]    ; 5.161  ; 5.161  ; 5.161  ; 5.161  ;
; dipswitch2[3] ; VALUE[1]    ; 5.812  ; 6.125  ; 6.125  ; 5.812  ;
; dipswitch2[3] ; VALUE[2]    ; 5.799  ; 5.528  ; 5.528  ; 5.799  ;
; dipswitch2[3] ; VALUE[3]    ; 5.392  ; 5.815  ; 5.815  ; 5.392  ;
; dipswitch2[3] ; VALUE[4]    ; 5.370  ; 5.549  ; 5.549  ; 5.370  ;
; dipswitch2[3] ; VALUE[5]    ; 6.547  ; 6.547  ; 6.547  ; 6.547  ;
; dipswitch2[4] ; LEDfloor[0] ; 9.208  ; 9.208  ; 9.208  ; 9.208  ;
; dipswitch2[4] ; LEDfloor[2] ; 9.225  ; 9.225  ; 9.225  ; 9.225  ;
; dipswitch2[4] ; LEDfloor[3] ; 9.234  ; 9.234  ; 9.234  ; 9.234  ;
; dipswitch2[4] ; LEDfloor[4] ; 9.364  ; 9.364  ; 9.364  ; 9.364  ;
; dipswitch2[4] ; LEDfloor[5] ; 9.358  ; 9.358  ; 9.358  ; 9.358  ;
; dipswitch2[4] ; LEDfloor[6] ; 9.361  ; 9.361  ; 9.361  ; 9.361  ;
; dipswitch2[4] ; LEDmod[0]   ; 10.451 ; 10.451 ; 10.451 ; 10.451 ;
; dipswitch2[4] ; LEDmod[1]   ; 10.718 ; 10.718 ; 10.718 ; 10.718 ;
; dipswitch2[4] ; LEDmod[2]   ; 10.715 ; 10.715 ; 10.715 ; 10.715 ;
; dipswitch2[4] ; LEDmod[3]   ; 10.373 ; 10.373 ; 10.373 ; 10.373 ;
; dipswitch2[4] ; LEDmod[4]   ; 10.287 ; 10.287 ; 10.287 ; 10.287 ;
; dipswitch2[4] ; LEDmod[5]   ; 10.455 ; 10.455 ; 10.455 ; 10.455 ;
; dipswitch2[4] ; LEDmod[6]   ; 10.594 ; 10.594 ; 10.594 ; 10.594 ;
; dipswitch2[4] ; VALUE[0]    ; 4.894  ; 4.850  ; 4.850  ; 4.894  ;
; dipswitch2[4] ; VALUE[1]    ; 5.485  ; 5.485  ; 5.485  ; 5.485  ;
; dipswitch2[4] ; VALUE[2]    ; 5.229  ; 5.483  ; 5.483  ; 5.229  ;
; dipswitch2[4] ; VALUE[3]    ; 5.503  ; 5.471  ; 5.471  ; 5.503  ;
; dipswitch2[4] ; VALUE[4]    ; 5.304  ; 5.386  ; 5.386  ; 5.304  ;
; dipswitch2[4] ; VALUE[5]    ; 5.092  ; 5.190  ; 5.190  ; 5.092  ;
; dipswitch2[5] ; LEDfloor[0] ; 9.857  ; 9.857  ; 9.857  ; 9.857  ;
; dipswitch2[5] ; LEDfloor[2] ; 9.874  ; 9.874  ; 9.874  ; 9.874  ;
; dipswitch2[5] ; LEDfloor[3] ; 9.883  ; 9.883  ; 9.883  ; 9.883  ;
; dipswitch2[5] ; LEDfloor[4] ; 10.013 ; 10.013 ; 10.013 ; 10.013 ;
; dipswitch2[5] ; LEDfloor[5] ; 10.007 ; 10.007 ; 10.007 ; 10.007 ;
; dipswitch2[5] ; LEDfloor[6] ; 10.010 ; 10.010 ; 10.010 ; 10.010 ;
; dipswitch2[5] ; LEDmod[0]   ; 11.100 ; 11.100 ; 11.100 ; 11.100 ;
; dipswitch2[5] ; LEDmod[1]   ; 11.367 ; 11.367 ; 11.367 ; 11.367 ;
; dipswitch2[5] ; LEDmod[2]   ; 11.364 ; 11.364 ; 11.364 ; 11.364 ;
; dipswitch2[5] ; LEDmod[3]   ; 11.022 ; 11.022 ; 11.022 ; 11.022 ;
; dipswitch2[5] ; LEDmod[4]   ; 10.936 ; 10.936 ; 10.936 ; 10.936 ;
; dipswitch2[5] ; LEDmod[5]   ; 11.104 ; 11.104 ; 11.104 ; 11.104 ;
; dipswitch2[5] ; LEDmod[6]   ; 11.243 ; 11.243 ; 11.243 ; 11.243 ;
; dipswitch2[5] ; VALUE[0]    ; 5.481  ; 5.481  ; 5.481  ; 5.481  ;
; dipswitch2[5] ; VALUE[1]    ; 6.134  ; 6.134  ; 6.134  ; 6.134  ;
; dipswitch2[5] ; VALUE[2]    ; 5.847  ; 6.137  ; 6.137  ; 5.847  ;
; dipswitch2[5] ; VALUE[3]    ; 6.155  ; 5.802  ; 5.802  ; 6.155  ;
; dipswitch2[5] ; VALUE[4]    ; 5.952  ; 5.660  ; 5.660  ; 5.952  ;
; dipswitch2[5] ; VALUE[5]    ; 5.297  ; 5.423  ; 5.423  ; 5.297  ;
+---------------+-------------+--------+--------+--------+--------+


+-------------------------------------------------------------+
; Minimum Propagation Delay                                   ;
+---------------+-------------+-------+-------+-------+-------+
; Input Port    ; Output Port ; RR    ; RF    ; FR    ; FF    ;
+---------------+-------------+-------+-------+-------+-------+
; dipswitch2[0] ; LEDfloor[0] ; 6.204 ; 6.204 ; 6.204 ; 6.204 ;
; dipswitch2[0] ; LEDfloor[2] ; 6.236 ; 6.236 ; 6.236 ; 6.236 ;
; dipswitch2[0] ; LEDfloor[3] ; 6.230 ; 6.230 ; 6.230 ; 6.230 ;
; dipswitch2[0] ; LEDfloor[4] ; 6.372 ; 6.372 ; 6.372 ; 6.372 ;
; dipswitch2[0] ; LEDfloor[5] ; 6.366 ; 6.366 ; 6.366 ; 6.366 ;
; dipswitch2[0] ; LEDfloor[6] ; 6.372 ; 6.372 ; 6.372 ; 6.372 ;
; dipswitch2[0] ; LEDmod[0]   ; 6.274 ; 6.274 ; 6.274 ; 6.274 ;
; dipswitch2[0] ; LEDmod[1]   ; 6.541 ; 6.541 ; 6.541 ; 6.541 ;
; dipswitch2[0] ; LEDmod[2]   ; 6.538 ; 6.538 ; 6.538 ; 6.538 ;
; dipswitch2[0] ; LEDmod[3]   ; 6.196 ; 6.196 ; 6.196 ; 6.196 ;
; dipswitch2[0] ; LEDmod[4]   ; 6.110 ; 6.110 ; 6.110 ; 6.110 ;
; dipswitch2[0] ; LEDmod[5]   ; 6.278 ; 6.278 ; 6.278 ; 6.278 ;
; dipswitch2[0] ; LEDmod[6]   ; 6.417 ; 6.417 ; 6.417 ; 6.417 ;
; dipswitch2[0] ; VALUE[0]    ; 5.943 ; 5.878 ; 5.878 ; 5.943 ;
; dipswitch2[0] ; VALUE[1]    ; 6.110 ; 6.110 ; 6.110 ; 6.110 ;
; dipswitch2[0] ; VALUE[2]    ; 6.150 ; 6.049 ; 6.049 ; 6.150 ;
; dipswitch2[0] ; VALUE[3]    ; 5.996 ; 6.124 ; 6.124 ; 5.996 ;
; dipswitch2[0] ; VALUE[4]    ; 5.589 ; 5.589 ; 5.589 ; 5.589 ;
; dipswitch2[0] ; VALUE[5]    ; 6.169 ; 6.169 ; 6.169 ; 6.169 ;
; dipswitch2[1] ; LEDfloor[0] ; 6.319 ; 6.319 ; 6.319 ; 6.319 ;
; dipswitch2[1] ; LEDfloor[2] ; 6.351 ; 6.351 ; 6.351 ; 6.351 ;
; dipswitch2[1] ; LEDfloor[3] ; 6.345 ; 6.345 ; 6.345 ; 6.345 ;
; dipswitch2[1] ; LEDfloor[4] ; 6.487 ; 6.487 ; 6.487 ; 6.487 ;
; dipswitch2[1] ; LEDfloor[5] ; 6.481 ; 6.481 ; 6.481 ; 6.481 ;
; dipswitch2[1] ; LEDfloor[6] ; 6.487 ; 6.487 ; 6.487 ; 6.487 ;
; dipswitch2[1] ; LEDmod[0]   ; 6.494 ; 6.494 ; 6.494 ; 6.494 ;
; dipswitch2[1] ; LEDmod[1]   ; 6.761 ; 6.761 ; 6.761 ; 6.761 ;
; dipswitch2[1] ; LEDmod[2]   ; 6.758 ; 6.758 ; 6.758 ; 6.758 ;
; dipswitch2[1] ; LEDmod[3]   ; 6.416 ; 6.416 ; 6.416 ; 6.416 ;
; dipswitch2[1] ; LEDmod[4]   ; 6.330 ; 6.330 ; 6.330 ; 6.330 ;
; dipswitch2[1] ; LEDmod[5]   ; 6.498 ; 6.498 ; 6.498 ; 6.498 ;
; dipswitch2[1] ; LEDmod[6]   ; 6.637 ; 6.637 ; 6.637 ; 6.637 ;
; dipswitch2[1] ; VALUE[0]    ; 5.750 ; 5.750 ; 5.750 ; 5.750 ;
; dipswitch2[1] ; VALUE[1]    ; 6.343 ; 6.343 ; 6.343 ; 6.343 ;
; dipswitch2[1] ; VALUE[2]    ; 5.809 ; 5.809 ; 5.809 ; 5.809 ;
; dipswitch2[1] ; VALUE[3]    ; 6.216 ; 6.216 ; 6.216 ; 6.216 ;
; dipswitch2[1] ; VALUE[4]    ; 5.704 ; 5.704 ; 5.704 ; 5.704 ;
; dipswitch2[1] ; VALUE[5]    ; 5.908 ; 5.908 ; 5.908 ; 5.908 ;
; dipswitch2[2] ; LEDfloor[0] ; 4.971 ; 4.971 ; 4.971 ; 4.971 ;
; dipswitch2[2] ; LEDfloor[2] ; 5.003 ; 5.003 ; 5.003 ; 5.003 ;
; dipswitch2[2] ; LEDfloor[3] ; 4.997 ; 4.997 ; 4.997 ; 4.997 ;
; dipswitch2[2] ; LEDfloor[4] ; 5.139 ; 5.139 ; 5.139 ; 5.139 ;
; dipswitch2[2] ; LEDfloor[5] ; 5.133 ; 5.133 ; 5.133 ; 5.133 ;
; dipswitch2[2] ; LEDfloor[6] ; 5.308 ; 5.139 ; 5.139 ; 5.308 ;
; dipswitch2[2] ; LEDmod[0]   ; 5.294 ; 5.294 ; 5.294 ; 5.294 ;
; dipswitch2[2] ; LEDmod[1]   ; 5.554 ; 5.554 ; 5.554 ; 5.554 ;
; dipswitch2[2] ; LEDmod[2]   ; 5.548 ; 5.548 ; 5.548 ; 5.548 ;
; dipswitch2[2] ; LEDmod[3]   ; 5.204 ; 5.204 ; 5.204 ; 5.204 ;
; dipswitch2[2] ; LEDmod[4]   ; 5.125 ; 5.125 ; 5.125 ; 5.125 ;
; dipswitch2[2] ; LEDmod[5]   ; 5.298 ; 5.298 ; 5.298 ; 5.298 ;
; dipswitch2[2] ; LEDmod[6]   ; 5.431 ; 5.431 ; 5.431 ; 5.431 ;
; dipswitch2[2] ; VALUE[0]    ; 4.902 ; 4.606 ; 4.606 ; 4.902 ;
; dipswitch2[2] ; VALUE[1]    ; 5.154 ; 5.049 ; 5.049 ; 5.154 ;
; dipswitch2[2] ; VALUE[2]    ; 5.176 ; 4.838 ; 4.838 ; 5.176 ;
; dipswitch2[2] ; VALUE[3]    ; 5.412 ; 5.412 ; 5.412 ; 5.412 ;
; dipswitch2[2] ; VALUE[4]    ; 4.356 ; 4.525 ; 4.525 ; 4.356 ;
; dipswitch2[2] ; VALUE[5]    ; 4.861 ; 4.861 ; 4.861 ; 4.861 ;
; dipswitch2[3] ; LEDfloor[0] ; 5.029 ; 5.029 ; 5.029 ; 5.029 ;
; dipswitch2[3] ; LEDfloor[2] ; 5.061 ; 5.061 ; 5.061 ; 5.061 ;
; dipswitch2[3] ; LEDfloor[3] ; 5.055 ; 5.055 ; 5.055 ; 5.055 ;
; dipswitch2[3] ; LEDfloor[4] ; 5.197 ; 5.197 ; 5.197 ; 5.197 ;
; dipswitch2[3] ; LEDfloor[5] ; 5.191 ; 5.191 ; 5.191 ; 5.191 ;
; dipswitch2[3] ; LEDfloor[6] ; 5.197 ; 5.326 ; 5.326 ; 5.197 ;
; dipswitch2[3] ; LEDmod[0]   ; 5.161 ; 5.161 ; 5.161 ; 5.161 ;
; dipswitch2[3] ; LEDmod[1]   ; 5.428 ; 5.428 ; 5.428 ; 5.428 ;
; dipswitch2[3] ; LEDmod[2]   ; 5.425 ; 5.425 ; 5.425 ; 5.425 ;
; dipswitch2[3] ; LEDmod[3]   ; 5.083 ; 5.083 ; 5.083 ; 5.083 ;
; dipswitch2[3] ; LEDmod[4]   ; 4.997 ; 4.997 ; 4.997 ; 4.997 ;
; dipswitch2[3] ; LEDmod[5]   ; 5.165 ; 5.165 ; 5.165 ; 5.165 ;
; dipswitch2[3] ; LEDmod[6]   ; 5.304 ; 5.304 ; 5.304 ; 5.304 ;
; dipswitch2[3] ; VALUE[0]    ; 4.444 ; 4.636 ; 4.636 ; 4.444 ;
; dipswitch2[3] ; VALUE[1]    ; 4.994 ; 5.090 ; 5.090 ; 4.994 ;
; dipswitch2[3] ; VALUE[2]    ; 4.644 ; 4.889 ; 4.889 ; 4.644 ;
; dipswitch2[3] ; VALUE[3]    ; 4.883 ; 4.928 ; 4.928 ; 4.883 ;
; dipswitch2[3] ; VALUE[4]    ; 4.543 ; 4.414 ; 4.414 ; 4.543 ;
; dipswitch2[3] ; VALUE[5]    ; 4.779 ; 4.779 ; 4.779 ; 4.779 ;
; dipswitch2[4] ; LEDfloor[0] ; 5.084 ; 5.084 ; 5.084 ; 5.084 ;
; dipswitch2[4] ; LEDfloor[2] ; 5.100 ; 5.100 ; 5.100 ; 5.100 ;
; dipswitch2[4] ; LEDfloor[3] ; 5.110 ; 5.110 ; 5.110 ; 5.110 ;
; dipswitch2[4] ; LEDfloor[4] ; 5.246 ; 5.470 ; 5.470 ; 5.246 ;
; dipswitch2[4] ; LEDfloor[5] ; 5.237 ; 5.237 ; 5.237 ; 5.237 ;
; dipswitch2[4] ; LEDfloor[6] ; 5.546 ; 5.236 ; 5.236 ; 5.546 ;
; dipswitch2[4] ; LEDmod[0]   ; 5.158 ; 5.158 ; 5.158 ; 5.158 ;
; dipswitch2[4] ; LEDmod[1]   ; 5.425 ; 5.425 ; 5.425 ; 5.425 ;
; dipswitch2[4] ; LEDmod[2]   ; 5.422 ; 5.422 ; 5.422 ; 5.422 ;
; dipswitch2[4] ; LEDmod[3]   ; 5.080 ; 5.080 ; 5.080 ; 5.080 ;
; dipswitch2[4] ; LEDmod[4]   ; 4.994 ; 4.994 ; 4.994 ; 4.994 ;
; dipswitch2[4] ; LEDmod[5]   ; 5.162 ; 5.162 ; 5.162 ; 5.162 ;
; dipswitch2[4] ; LEDmod[6]   ; 5.301 ; 5.301 ; 5.301 ; 5.301 ;
; dipswitch2[4] ; VALUE[0]    ; 4.826 ; 4.739 ; 4.739 ; 4.826 ;
; dipswitch2[4] ; VALUE[1]    ; 5.337 ; 5.377 ; 5.377 ; 5.337 ;
; dipswitch2[4] ; VALUE[2]    ; 5.193 ; 4.967 ; 4.967 ; 5.193 ;
; dipswitch2[4] ; VALUE[3]    ; 4.880 ; 5.080 ; 5.080 ; 4.880 ;
; dipswitch2[4] ; VALUE[4]    ; 4.687 ; 4.766 ; 4.766 ; 4.687 ;
; dipswitch2[4] ; VALUE[5]    ; 4.585 ; 4.895 ; 4.895 ; 4.585 ;
; dipswitch2[5] ; LEDfloor[0] ; 5.599 ; 5.599 ; 5.599 ; 5.599 ;
; dipswitch2[5] ; LEDfloor[2] ; 5.615 ; 5.615 ; 5.615 ; 5.615 ;
; dipswitch2[5] ; LEDfloor[3] ; 5.625 ; 5.625 ; 5.625 ; 5.625 ;
; dipswitch2[5] ; LEDfloor[4] ; 5.958 ; 5.761 ; 5.761 ; 5.958 ;
; dipswitch2[5] ; LEDfloor[5] ; 5.752 ; 5.752 ; 5.752 ; 5.752 ;
; dipswitch2[5] ; LEDfloor[6] ; 5.751 ; 5.948 ; 5.948 ; 5.751 ;
; dipswitch2[5] ; LEDmod[0]   ; 5.811 ; 5.811 ; 5.811 ; 5.811 ;
; dipswitch2[5] ; LEDmod[1]   ; 6.078 ; 6.078 ; 6.078 ; 6.078 ;
; dipswitch2[5] ; LEDmod[2]   ; 6.075 ; 6.075 ; 6.075 ; 6.075 ;
; dipswitch2[5] ; LEDmod[3]   ; 5.733 ; 5.733 ; 5.733 ; 5.733 ;
; dipswitch2[5] ; LEDmod[4]   ; 5.647 ; 5.647 ; 5.647 ; 5.647 ;
; dipswitch2[5] ; LEDmod[5]   ; 5.815 ; 5.815 ; 5.815 ; 5.815 ;
; dipswitch2[5] ; LEDmod[6]   ; 5.954 ; 5.954 ; 5.954 ; 5.954 ;
; dipswitch2[5] ; VALUE[0]    ; 5.279 ; 5.188 ; 5.188 ; 5.279 ;
; dipswitch2[5] ; VALUE[1]    ; 5.938 ; 5.826 ; 5.826 ; 5.938 ;
; dipswitch2[5] ; VALUE[2]    ; 5.646 ; 5.416 ; 5.416 ; 5.646 ;
; dipswitch2[5] ; VALUE[3]    ; 5.956 ; 5.533 ; 5.533 ; 5.956 ;
; dipswitch2[5] ; VALUE[4]    ; 5.757 ; 5.215 ; 5.215 ; 5.757 ;
; dipswitch2[5] ; VALUE[5]    ; 5.297 ; 5.100 ; 5.100 ; 5.297 ;
+---------------+-------------+-------+-------+-------+-------+


+--------------------------------------------------------------------------------+
; Multicorner Timing Analysis Summary                                            ;
+----------------------+-------+------+----------+---------+---------------------+
; Clock                ; Setup ; Hold ; Recovery ; Removal ; Minimum Pulse Width ;
+----------------------+-------+------+----------+---------+---------------------+
; Worst-case Slack     ; N/A   ; N/A  ; N/A      ; N/A     ; 97.531              ;
;  altera_reserved_tck ; N/A   ; N/A  ; N/A      ; N/A     ; 97.531              ;
; Design-wide TNS      ; 0.0   ; 0.0  ; 0.0      ; 0.0     ; 0.0                 ;
;  altera_reserved_tck ; N/A   ; N/A  ; N/A      ; N/A     ; 0.000               ;
+----------------------+-------+------+----------+---------+---------------------+


+-----------------------------------------------------------------+
; Progagation Delay                                               ;
+---------------+-------------+--------+--------+--------+--------+
; Input Port    ; Output Port ; RR     ; RF     ; FR     ; FF     ;
+---------------+-------------+--------+--------+--------+--------+
; dipswitch2[0] ; LEDfloor[0] ; 28.435 ; 28.435 ; 28.435 ; 28.435 ;
; dipswitch2[0] ; LEDfloor[2] ; 28.454 ; 28.454 ; 28.454 ; 28.454 ;
; dipswitch2[0] ; LEDfloor[3] ; 28.457 ; 28.457 ; 28.457 ; 28.457 ;
; dipswitch2[0] ; LEDfloor[4] ; 28.809 ; 28.809 ; 28.809 ; 28.809 ;
; dipswitch2[0] ; LEDfloor[5] ; 28.802 ; 28.802 ; 28.802 ; 28.802 ;
; dipswitch2[0] ; LEDfloor[6] ; 28.802 ; 28.588 ; 28.588 ; 28.802 ;
; dipswitch2[0] ; LEDmod[0]   ; 31.877 ; 31.877 ; 31.877 ; 31.877 ;
; dipswitch2[0] ; LEDmod[1]   ; 32.400 ; 32.400 ; 32.400 ; 32.400 ;
; dipswitch2[0] ; LEDmod[2]   ; 32.394 ; 32.394 ; 32.394 ; 32.394 ;
; dipswitch2[0] ; LEDmod[3]   ; 31.734 ; 31.734 ; 31.734 ; 31.734 ;
; dipswitch2[0] ; LEDmod[4]   ; 31.499 ; 31.499 ; 31.499 ; 31.499 ;
; dipswitch2[0] ; LEDmod[5]   ; 31.879 ; 31.879 ; 31.879 ; 31.879 ;
; dipswitch2[0] ; LEDmod[6]   ; 32.228 ; 32.228 ; 32.228 ; 32.228 ;
; dipswitch2[0] ; VALUE[0]    ; 17.022 ; 17.317 ; 17.317 ; 17.022 ;
; dipswitch2[0] ; VALUE[1]    ; 18.107 ; 18.321 ; 18.321 ; 18.107 ;
; dipswitch2[0] ; VALUE[2]    ; 18.510 ; 18.460 ; 18.460 ; 18.510 ;
; dipswitch2[0] ; VALUE[3]    ; 17.688 ; 18.786 ; 18.786 ; 17.688 ;
; dipswitch2[0] ; VALUE[4]    ; 17.050 ; 17.667 ; 17.667 ; 17.050 ;
; dipswitch2[0] ; VALUE[5]    ; 18.815 ; 18.815 ; 18.815 ; 18.815 ;
; dipswitch2[1] ; LEDfloor[0] ; 27.262 ; 27.262 ; 27.262 ; 27.262 ;
; dipswitch2[1] ; LEDfloor[2] ; 27.281 ; 27.281 ; 27.281 ; 27.281 ;
; dipswitch2[1] ; LEDfloor[3] ; 27.284 ; 27.284 ; 27.284 ; 27.284 ;
; dipswitch2[1] ; LEDfloor[4] ; 27.636 ; 27.636 ; 27.636 ; 27.636 ;
; dipswitch2[1] ; LEDfloor[5] ; 27.629 ; 27.629 ; 27.629 ; 27.629 ;
; dipswitch2[1] ; LEDfloor[6] ; 27.629 ; 27.629 ; 27.629 ; 27.629 ;
; dipswitch2[1] ; LEDmod[0]   ; 30.704 ; 30.704 ; 30.704 ; 30.704 ;
; dipswitch2[1] ; LEDmod[1]   ; 31.227 ; 31.227 ; 31.227 ; 31.227 ;
; dipswitch2[1] ; LEDmod[2]   ; 31.221 ; 31.221 ; 31.221 ; 31.221 ;
; dipswitch2[1] ; LEDmod[3]   ; 30.561 ; 30.561 ; 30.561 ; 30.561 ;
; dipswitch2[1] ; LEDmod[4]   ; 30.326 ; 30.326 ; 30.326 ; 30.326 ;
; dipswitch2[1] ; LEDmod[5]   ; 30.706 ; 30.706 ; 30.706 ; 30.706 ;
; dipswitch2[1] ; LEDmod[6]   ; 31.055 ; 31.055 ; 31.055 ; 31.055 ;
; dipswitch2[1] ; VALUE[0]    ; 16.137 ; 16.137 ; 16.137 ; 16.137 ;
; dipswitch2[1] ; VALUE[1]    ; 17.148 ; 17.148 ; 17.148 ; 17.148 ;
; dipswitch2[1] ; VALUE[2]    ; 17.613 ; 17.613 ; 17.613 ; 17.613 ;
; dipswitch2[1] ; VALUE[3]    ; 17.916 ; 17.789 ; 17.789 ; 17.916 ;
; dipswitch2[1] ; VALUE[4]    ; 16.636 ; 16.636 ; 16.636 ; 16.636 ;
; dipswitch2[1] ; VALUE[5]    ; 18.395 ; 18.395 ; 18.395 ; 18.395 ;
; dipswitch2[2] ; LEDfloor[0] ; 25.703 ; 25.703 ; 25.703 ; 25.703 ;
; dipswitch2[2] ; LEDfloor[2] ; 25.722 ; 25.722 ; 25.722 ; 25.722 ;
; dipswitch2[2] ; LEDfloor[3] ; 25.725 ; 25.725 ; 25.725 ; 25.725 ;
; dipswitch2[2] ; LEDfloor[4] ; 26.077 ; 26.077 ; 26.077 ; 26.077 ;
; dipswitch2[2] ; LEDfloor[5] ; 26.070 ; 26.070 ; 26.070 ; 26.070 ;
; dipswitch2[2] ; LEDfloor[6] ; 26.070 ; 26.070 ; 26.070 ; 26.070 ;
; dipswitch2[2] ; LEDmod[0]   ; 29.145 ; 29.145 ; 29.145 ; 29.145 ;
; dipswitch2[2] ; LEDmod[1]   ; 29.668 ; 29.668 ; 29.668 ; 29.668 ;
; dipswitch2[2] ; LEDmod[2]   ; 29.662 ; 29.662 ; 29.662 ; 29.662 ;
; dipswitch2[2] ; LEDmod[3]   ; 29.002 ; 29.002 ; 29.002 ; 29.002 ;
; dipswitch2[2] ; LEDmod[4]   ; 28.767 ; 28.767 ; 28.767 ; 28.767 ;
; dipswitch2[2] ; LEDmod[5]   ; 29.147 ; 29.147 ; 29.147 ; 29.147 ;
; dipswitch2[2] ; LEDmod[6]   ; 29.496 ; 29.496 ; 29.496 ; 29.496 ;
; dipswitch2[2] ; VALUE[0]    ; 13.270 ; 13.270 ; 13.270 ; 13.270 ;
; dipswitch2[2] ; VALUE[1]    ; 14.931 ; 14.931 ; 14.931 ; 14.931 ;
; dipswitch2[2] ; VALUE[2]    ; 14.679 ; 14.930 ; 14.930 ; 14.679 ;
; dipswitch2[2] ; VALUE[3]    ; 16.853 ; 16.853 ; 16.853 ; 16.853 ;
; dipswitch2[2] ; VALUE[4]    ; 14.213 ; 14.151 ; 14.151 ; 14.213 ;
; dipswitch2[2] ; VALUE[5]    ; 16.614 ; 16.614 ; 16.614 ; 16.614 ;
; dipswitch2[3] ; LEDfloor[0] ; 24.680 ; 24.680 ; 24.680 ; 24.680 ;
; dipswitch2[3] ; LEDfloor[2] ; 24.699 ; 24.699 ; 24.699 ; 24.699 ;
; dipswitch2[3] ; LEDfloor[3] ; 24.702 ; 24.702 ; 24.702 ; 24.702 ;
; dipswitch2[3] ; LEDfloor[4] ; 25.054 ; 25.054 ; 25.054 ; 25.054 ;
; dipswitch2[3] ; LEDfloor[5] ; 25.047 ; 25.047 ; 25.047 ; 25.047 ;
; dipswitch2[3] ; LEDfloor[6] ; 25.047 ; 24.346 ; 24.346 ; 25.047 ;
; dipswitch2[3] ; LEDmod[0]   ; 28.122 ; 28.122 ; 28.122 ; 28.122 ;
; dipswitch2[3] ; LEDmod[1]   ; 28.645 ; 28.645 ; 28.645 ; 28.645 ;
; dipswitch2[3] ; LEDmod[2]   ; 28.639 ; 28.639 ; 28.639 ; 28.639 ;
; dipswitch2[3] ; LEDmod[3]   ; 27.979 ; 27.979 ; 27.979 ; 27.979 ;
; dipswitch2[3] ; LEDmod[4]   ; 27.744 ; 27.744 ; 27.744 ; 27.744 ;
; dipswitch2[3] ; LEDmod[5]   ; 28.124 ; 28.124 ; 28.124 ; 28.124 ;
; dipswitch2[3] ; LEDmod[6]   ; 28.473 ; 28.473 ; 28.473 ; 28.473 ;
; dipswitch2[3] ; VALUE[0]    ; 12.120 ; 12.120 ; 12.120 ; 12.120 ;
; dipswitch2[3] ; VALUE[1]    ; 13.865 ; 14.566 ; 14.566 ; 13.865 ;
; dipswitch2[3] ; VALUE[2]    ; 13.879 ; 13.048 ; 13.048 ; 13.879 ;
; dipswitch2[3] ; VALUE[3]    ; 12.745 ; 13.959 ; 13.959 ; 12.745 ;
; dipswitch2[3] ; VALUE[4]    ; 12.701 ; 13.162 ; 13.162 ; 12.701 ;
; dipswitch2[3] ; VALUE[5]    ; 15.670 ; 15.670 ; 15.670 ; 15.670 ;
; dipswitch2[4] ; LEDfloor[0] ; 22.922 ; 22.922 ; 22.922 ; 22.922 ;
; dipswitch2[4] ; LEDfloor[2] ; 22.941 ; 22.941 ; 22.941 ; 22.941 ;
; dipswitch2[4] ; LEDfloor[3] ; 22.944 ; 22.944 ; 22.944 ; 22.944 ;
; dipswitch2[4] ; LEDfloor[4] ; 23.296 ; 23.296 ; 23.296 ; 23.296 ;
; dipswitch2[4] ; LEDfloor[5] ; 23.289 ; 23.289 ; 23.289 ; 23.289 ;
; dipswitch2[4] ; LEDfloor[6] ; 23.289 ; 23.289 ; 23.289 ; 23.289 ;
; dipswitch2[4] ; LEDmod[0]   ; 26.364 ; 26.364 ; 26.364 ; 26.364 ;
; dipswitch2[4] ; LEDmod[1]   ; 26.887 ; 26.887 ; 26.887 ; 26.887 ;
; dipswitch2[4] ; LEDmod[2]   ; 26.881 ; 26.881 ; 26.881 ; 26.881 ;
; dipswitch2[4] ; LEDmod[3]   ; 26.221 ; 26.221 ; 26.221 ; 26.221 ;
; dipswitch2[4] ; LEDmod[4]   ; 25.986 ; 25.986 ; 25.986 ; 25.986 ;
; dipswitch2[4] ; LEDmod[5]   ; 26.366 ; 26.366 ; 26.366 ; 26.366 ;
; dipswitch2[4] ; LEDmod[6]   ; 26.715 ; 26.715 ; 26.715 ; 26.715 ;
; dipswitch2[4] ; VALUE[0]    ; 11.224 ; 11.180 ; 11.180 ; 11.224 ;
; dipswitch2[4] ; VALUE[1]    ; 12.808 ; 12.808 ; 12.808 ; 12.808 ;
; dipswitch2[4] ; VALUE[2]    ; 12.097 ; 12.864 ; 12.864 ; 12.097 ;
; dipswitch2[4] ; VALUE[3]    ; 12.949 ; 12.854 ; 12.854 ; 12.949 ;
; dipswitch2[4] ; VALUE[4]    ; 12.344 ; 12.576 ; 12.576 ; 12.344 ;
; dipswitch2[4] ; VALUE[5]    ; 11.642 ; 11.867 ; 11.867 ; 11.642 ;
; dipswitch2[5] ; LEDfloor[0] ; 24.751 ; 24.751 ; 24.751 ; 24.751 ;
; dipswitch2[5] ; LEDfloor[2] ; 24.770 ; 24.770 ; 24.770 ; 24.770 ;
; dipswitch2[5] ; LEDfloor[3] ; 24.773 ; 24.773 ; 24.773 ; 24.773 ;
; dipswitch2[5] ; LEDfloor[4] ; 25.125 ; 25.125 ; 25.125 ; 25.125 ;
; dipswitch2[5] ; LEDfloor[5] ; 25.118 ; 25.118 ; 25.118 ; 25.118 ;
; dipswitch2[5] ; LEDfloor[6] ; 25.118 ; 25.118 ; 25.118 ; 25.118 ;
; dipswitch2[5] ; LEDmod[0]   ; 28.193 ; 28.193 ; 28.193 ; 28.193 ;
; dipswitch2[5] ; LEDmod[1]   ; 28.716 ; 28.716 ; 28.716 ; 28.716 ;
; dipswitch2[5] ; LEDmod[2]   ; 28.710 ; 28.710 ; 28.710 ; 28.710 ;
; dipswitch2[5] ; LEDmod[3]   ; 28.050 ; 28.050 ; 28.050 ; 28.050 ;
; dipswitch2[5] ; LEDmod[4]   ; 27.815 ; 27.815 ; 27.815 ; 27.815 ;
; dipswitch2[5] ; LEDmod[5]   ; 28.195 ; 28.195 ; 28.195 ; 28.195 ;
; dipswitch2[5] ; LEDmod[6]   ; 28.544 ; 28.544 ; 28.544 ; 28.544 ;
; dipswitch2[5] ; VALUE[0]    ; 12.892 ; 12.892 ; 12.892 ; 12.892 ;
; dipswitch2[5] ; VALUE[1]    ; 14.637 ; 14.637 ; 14.637 ; 14.637 ;
; dipswitch2[5] ; VALUE[2]    ; 13.818 ; 14.651 ; 14.651 ; 13.818 ;
; dipswitch2[5] ; VALUE[3]    ; 14.731 ; 13.588 ; 13.588 ; 14.731 ;
; dipswitch2[5] ; VALUE[4]    ; 13.934 ; 13.078 ; 13.078 ; 13.934 ;
; dipswitch2[5] ; VALUE[5]    ; 12.140 ; 12.490 ; 12.490 ; 12.140 ;
+---------------+-------------+--------+--------+--------+--------+


+-------------------------------------------------------------+
; Minimum Progagation Delay                                   ;
+---------------+-------------+-------+-------+-------+-------+
; Input Port    ; Output Port ; RR    ; RF    ; FR    ; FF    ;
+---------------+-------------+-------+-------+-------+-------+
; dipswitch2[0] ; LEDfloor[0] ; 6.204 ; 6.204 ; 6.204 ; 6.204 ;
; dipswitch2[0] ; LEDfloor[2] ; 6.236 ; 6.236 ; 6.236 ; 6.236 ;
; dipswitch2[0] ; LEDfloor[3] ; 6.230 ; 6.230 ; 6.230 ; 6.230 ;
; dipswitch2[0] ; LEDfloor[4] ; 6.372 ; 6.372 ; 6.372 ; 6.372 ;
; dipswitch2[0] ; LEDfloor[5] ; 6.366 ; 6.366 ; 6.366 ; 6.366 ;
; dipswitch2[0] ; LEDfloor[6] ; 6.372 ; 6.372 ; 6.372 ; 6.372 ;
; dipswitch2[0] ; LEDmod[0]   ; 6.274 ; 6.274 ; 6.274 ; 6.274 ;
; dipswitch2[0] ; LEDmod[1]   ; 6.541 ; 6.541 ; 6.541 ; 6.541 ;
; dipswitch2[0] ; LEDmod[2]   ; 6.538 ; 6.538 ; 6.538 ; 6.538 ;
; dipswitch2[0] ; LEDmod[3]   ; 6.196 ; 6.196 ; 6.196 ; 6.196 ;
; dipswitch2[0] ; LEDmod[4]   ; 6.110 ; 6.110 ; 6.110 ; 6.110 ;
; dipswitch2[0] ; LEDmod[5]   ; 6.278 ; 6.278 ; 6.278 ; 6.278 ;
; dipswitch2[0] ; LEDmod[6]   ; 6.417 ; 6.417 ; 6.417 ; 6.417 ;
; dipswitch2[0] ; VALUE[0]    ; 5.943 ; 5.878 ; 5.878 ; 5.943 ;
; dipswitch2[0] ; VALUE[1]    ; 6.110 ; 6.110 ; 6.110 ; 6.110 ;
; dipswitch2[0] ; VALUE[2]    ; 6.150 ; 6.049 ; 6.049 ; 6.150 ;
; dipswitch2[0] ; VALUE[3]    ; 5.996 ; 6.124 ; 6.124 ; 5.996 ;
; dipswitch2[0] ; VALUE[4]    ; 5.589 ; 5.589 ; 5.589 ; 5.589 ;
; dipswitch2[0] ; VALUE[5]    ; 6.169 ; 6.169 ; 6.169 ; 6.169 ;
; dipswitch2[1] ; LEDfloor[0] ; 6.319 ; 6.319 ; 6.319 ; 6.319 ;
; dipswitch2[1] ; LEDfloor[2] ; 6.351 ; 6.351 ; 6.351 ; 6.351 ;
; dipswitch2[1] ; LEDfloor[3] ; 6.345 ; 6.345 ; 6.345 ; 6.345 ;
; dipswitch2[1] ; LEDfloor[4] ; 6.487 ; 6.487 ; 6.487 ; 6.487 ;
; dipswitch2[1] ; LEDfloor[5] ; 6.481 ; 6.481 ; 6.481 ; 6.481 ;
; dipswitch2[1] ; LEDfloor[6] ; 6.487 ; 6.487 ; 6.487 ; 6.487 ;
; dipswitch2[1] ; LEDmod[0]   ; 6.494 ; 6.494 ; 6.494 ; 6.494 ;
; dipswitch2[1] ; LEDmod[1]   ; 6.761 ; 6.761 ; 6.761 ; 6.761 ;
; dipswitch2[1] ; LEDmod[2]   ; 6.758 ; 6.758 ; 6.758 ; 6.758 ;
; dipswitch2[1] ; LEDmod[3]   ; 6.416 ; 6.416 ; 6.416 ; 6.416 ;
; dipswitch2[1] ; LEDmod[4]   ; 6.330 ; 6.330 ; 6.330 ; 6.330 ;
; dipswitch2[1] ; LEDmod[5]   ; 6.498 ; 6.498 ; 6.498 ; 6.498 ;
; dipswitch2[1] ; LEDmod[6]   ; 6.637 ; 6.637 ; 6.637 ; 6.637 ;
; dipswitch2[1] ; VALUE[0]    ; 5.750 ; 5.750 ; 5.750 ; 5.750 ;
; dipswitch2[1] ; VALUE[1]    ; 6.343 ; 6.343 ; 6.343 ; 6.343 ;
; dipswitch2[1] ; VALUE[2]    ; 5.809 ; 5.809 ; 5.809 ; 5.809 ;
; dipswitch2[1] ; VALUE[3]    ; 6.216 ; 6.216 ; 6.216 ; 6.216 ;
; dipswitch2[1] ; VALUE[4]    ; 5.704 ; 5.704 ; 5.704 ; 5.704 ;
; dipswitch2[1] ; VALUE[5]    ; 5.908 ; 5.908 ; 5.908 ; 5.908 ;
; dipswitch2[2] ; LEDfloor[0] ; 4.971 ; 4.971 ; 4.971 ; 4.971 ;
; dipswitch2[2] ; LEDfloor[2] ; 5.003 ; 5.003 ; 5.003 ; 5.003 ;
; dipswitch2[2] ; LEDfloor[3] ; 4.997 ; 4.997 ; 4.997 ; 4.997 ;
; dipswitch2[2] ; LEDfloor[4] ; 5.139 ; 5.139 ; 5.139 ; 5.139 ;
; dipswitch2[2] ; LEDfloor[5] ; 5.133 ; 5.133 ; 5.133 ; 5.133 ;
; dipswitch2[2] ; LEDfloor[6] ; 5.308 ; 5.139 ; 5.139 ; 5.308 ;
; dipswitch2[2] ; LEDmod[0]   ; 5.294 ; 5.294 ; 5.294 ; 5.294 ;
; dipswitch2[2] ; LEDmod[1]   ; 5.554 ; 5.554 ; 5.554 ; 5.554 ;
; dipswitch2[2] ; LEDmod[2]   ; 5.548 ; 5.548 ; 5.548 ; 5.548 ;
; dipswitch2[2] ; LEDmod[3]   ; 5.204 ; 5.204 ; 5.204 ; 5.204 ;
; dipswitch2[2] ; LEDmod[4]   ; 5.125 ; 5.125 ; 5.125 ; 5.125 ;
; dipswitch2[2] ; LEDmod[5]   ; 5.298 ; 5.298 ; 5.298 ; 5.298 ;
; dipswitch2[2] ; LEDmod[6]   ; 5.431 ; 5.431 ; 5.431 ; 5.431 ;
; dipswitch2[2] ; VALUE[0]    ; 4.902 ; 4.606 ; 4.606 ; 4.902 ;
; dipswitch2[2] ; VALUE[1]    ; 5.154 ; 5.049 ; 5.049 ; 5.154 ;
; dipswitch2[2] ; VALUE[2]    ; 5.176 ; 4.838 ; 4.838 ; 5.176 ;
; dipswitch2[2] ; VALUE[3]    ; 5.412 ; 5.412 ; 5.412 ; 5.412 ;
; dipswitch2[2] ; VALUE[4]    ; 4.356 ; 4.525 ; 4.525 ; 4.356 ;
; dipswitch2[2] ; VALUE[5]    ; 4.861 ; 4.861 ; 4.861 ; 4.861 ;
; dipswitch2[3] ; LEDfloor[0] ; 5.029 ; 5.029 ; 5.029 ; 5.029 ;
; dipswitch2[3] ; LEDfloor[2] ; 5.061 ; 5.061 ; 5.061 ; 5.061 ;
; dipswitch2[3] ; LEDfloor[3] ; 5.055 ; 5.055 ; 5.055 ; 5.055 ;
; dipswitch2[3] ; LEDfloor[4] ; 5.197 ; 5.197 ; 5.197 ; 5.197 ;
; dipswitch2[3] ; LEDfloor[5] ; 5.191 ; 5.191 ; 5.191 ; 5.191 ;
; dipswitch2[3] ; LEDfloor[6] ; 5.197 ; 5.326 ; 5.326 ; 5.197 ;
; dipswitch2[3] ; LEDmod[0]   ; 5.161 ; 5.161 ; 5.161 ; 5.161 ;
; dipswitch2[3] ; LEDmod[1]   ; 5.428 ; 5.428 ; 5.428 ; 5.428 ;
; dipswitch2[3] ; LEDmod[2]   ; 5.425 ; 5.425 ; 5.425 ; 5.425 ;
; dipswitch2[3] ; LEDmod[3]   ; 5.083 ; 5.083 ; 5.083 ; 5.083 ;
; dipswitch2[3] ; LEDmod[4]   ; 4.997 ; 4.997 ; 4.997 ; 4.997 ;
; dipswitch2[3] ; LEDmod[5]   ; 5.165 ; 5.165 ; 5.165 ; 5.165 ;
; dipswitch2[3] ; LEDmod[6]   ; 5.304 ; 5.304 ; 5.304 ; 5.304 ;
; dipswitch2[3] ; VALUE[0]    ; 4.444 ; 4.636 ; 4.636 ; 4.444 ;
; dipswitch2[3] ; VALUE[1]    ; 4.994 ; 5.090 ; 5.090 ; 4.994 ;
; dipswitch2[3] ; VALUE[2]    ; 4.644 ; 4.889 ; 4.889 ; 4.644 ;
; dipswitch2[3] ; VALUE[3]    ; 4.883 ; 4.928 ; 4.928 ; 4.883 ;
; dipswitch2[3] ; VALUE[4]    ; 4.543 ; 4.414 ; 4.414 ; 4.543 ;
; dipswitch2[3] ; VALUE[5]    ; 4.779 ; 4.779 ; 4.779 ; 4.779 ;
; dipswitch2[4] ; LEDfloor[0] ; 5.084 ; 5.084 ; 5.084 ; 5.084 ;
; dipswitch2[4] ; LEDfloor[2] ; 5.100 ; 5.100 ; 5.100 ; 5.100 ;
; dipswitch2[4] ; LEDfloor[3] ; 5.110 ; 5.110 ; 5.110 ; 5.110 ;
; dipswitch2[4] ; LEDfloor[4] ; 5.246 ; 5.470 ; 5.470 ; 5.246 ;
; dipswitch2[4] ; LEDfloor[5] ; 5.237 ; 5.237 ; 5.237 ; 5.237 ;
; dipswitch2[4] ; LEDfloor[6] ; 5.546 ; 5.236 ; 5.236 ; 5.546 ;
; dipswitch2[4] ; LEDmod[0]   ; 5.158 ; 5.158 ; 5.158 ; 5.158 ;
; dipswitch2[4] ; LEDmod[1]   ; 5.425 ; 5.425 ; 5.425 ; 5.425 ;
; dipswitch2[4] ; LEDmod[2]   ; 5.422 ; 5.422 ; 5.422 ; 5.422 ;
; dipswitch2[4] ; LEDmod[3]   ; 5.080 ; 5.080 ; 5.080 ; 5.080 ;
; dipswitch2[4] ; LEDmod[4]   ; 4.994 ; 4.994 ; 4.994 ; 4.994 ;
; dipswitch2[4] ; LEDmod[5]   ; 5.162 ; 5.162 ; 5.162 ; 5.162 ;
; dipswitch2[4] ; LEDmod[6]   ; 5.301 ; 5.301 ; 5.301 ; 5.301 ;
; dipswitch2[4] ; VALUE[0]    ; 4.826 ; 4.739 ; 4.739 ; 4.826 ;
; dipswitch2[4] ; VALUE[1]    ; 5.337 ; 5.377 ; 5.377 ; 5.337 ;
; dipswitch2[4] ; VALUE[2]    ; 5.193 ; 4.967 ; 4.967 ; 5.193 ;
; dipswitch2[4] ; VALUE[3]    ; 4.880 ; 5.080 ; 5.080 ; 4.880 ;
; dipswitch2[4] ; VALUE[4]    ; 4.687 ; 4.766 ; 4.766 ; 4.687 ;
; dipswitch2[4] ; VALUE[5]    ; 4.585 ; 4.895 ; 4.895 ; 4.585 ;
; dipswitch2[5] ; LEDfloor[0] ; 5.599 ; 5.599 ; 5.599 ; 5.599 ;
; dipswitch2[5] ; LEDfloor[2] ; 5.615 ; 5.615 ; 5.615 ; 5.615 ;
; dipswitch2[5] ; LEDfloor[3] ; 5.625 ; 5.625 ; 5.625 ; 5.625 ;
; dipswitch2[5] ; LEDfloor[4] ; 5.958 ; 5.761 ; 5.761 ; 5.958 ;
; dipswitch2[5] ; LEDfloor[5] ; 5.752 ; 5.752 ; 5.752 ; 5.752 ;
; dipswitch2[5] ; LEDfloor[6] ; 5.751 ; 5.948 ; 5.948 ; 5.751 ;
; dipswitch2[5] ; LEDmod[0]   ; 5.811 ; 5.811 ; 5.811 ; 5.811 ;
; dipswitch2[5] ; LEDmod[1]   ; 6.078 ; 6.078 ; 6.078 ; 6.078 ;
; dipswitch2[5] ; LEDmod[2]   ; 6.075 ; 6.075 ; 6.075 ; 6.075 ;
; dipswitch2[5] ; LEDmod[3]   ; 5.733 ; 5.733 ; 5.733 ; 5.733 ;
; dipswitch2[5] ; LEDmod[4]   ; 5.647 ; 5.647 ; 5.647 ; 5.647 ;
; dipswitch2[5] ; LEDmod[5]   ; 5.815 ; 5.815 ; 5.815 ; 5.815 ;
; dipswitch2[5] ; LEDmod[6]   ; 5.954 ; 5.954 ; 5.954 ; 5.954 ;
; dipswitch2[5] ; VALUE[0]    ; 5.279 ; 5.188 ; 5.188 ; 5.279 ;
; dipswitch2[5] ; VALUE[1]    ; 5.938 ; 5.826 ; 5.826 ; 5.938 ;
; dipswitch2[5] ; VALUE[2]    ; 5.646 ; 5.416 ; 5.416 ; 5.646 ;
; dipswitch2[5] ; VALUE[3]    ; 5.956 ; 5.533 ; 5.533 ; 5.956 ;
; dipswitch2[5] ; VALUE[4]    ; 5.757 ; 5.215 ; 5.215 ; 5.757 ;
; dipswitch2[5] ; VALUE[5]    ; 5.297 ; 5.100 ; 5.100 ; 5.297 ;
+---------------+-------------+-------+-------+-------+-------+


-------------------
; Clock Transfers ;
-------------------
Nothing to report.


---------------
; Report TCCS ;
---------------
No dedicated SERDES Transmitter circuitry present in device or used in design


---------------
; Report RSKM ;
---------------
No dedicated SERDES Receiver circuitry present in device or used in design


+------------------------------------------------+
; Unconstrained Paths                            ;
+---------------------------------+-------+------+
; Property                        ; Setup ; Hold ;
+---------------------------------+-------+------+
; Illegal Clocks                  ; 0     ; 0    ;
; Unconstrained Clocks            ; 1     ; 1    ;
; Unconstrained Input Ports       ; 11    ; 11   ;
; Unconstrained Input Port Paths  ; 674   ; 674  ;
; Unconstrained Output Ports      ; 29    ; 29   ;
; Unconstrained Output Port Paths ; 4791  ; 4791 ;
+---------------------------------+-------+------+


+------------------------------------+
; TimeQuest Timing Analyzer Messages ;
+------------------------------------+
Info: *******************************************************************
Info: Running Quartus II 64-Bit TimeQuest Timing Analyzer
    Info: Version 13.0.1 Build 232 06/12/2013 Service Pack 1 SJ Web Edition
    Info: Processing started: Mon Nov 20 13:19:51 2017
Info: Command: quartus_sta g21_lab3 -c g21_lab3
Info: qsta_default_script.tcl version: #1
Info (11104): Parallel Compilation has detected 8 hyper-threaded processors. However, the extra hyper-threaded processors will not be used by default. Parallel Compilation will use 4 of the 4 physical processors detected instead.
Info (21077): Low junction temperature is 0 degrees C
Info (21077): High junction temperature is 85 degrees C
Warning (335093): TimeQuest Timing Analyzer is analyzing 1 combinational loops as latches.
Info (332164): Evaluating HDL-embedded SDC commands
    Info (332165): Entity sld_jtag_hub
        Info (332166): create_clock -name altera_reserved_tck [get_ports {altera_reserved_tck}] -period 10MHz   
        Info (332166): set_clock_groups -asynchronous -group {altera_reserved_tck}
Critical Warning (332012): Synopsys Design Constraints File file not found: 'g21_lab3.out.sdc'. A Synopsys Design Constraints File is required by the TimeQuest Timing Analyzer to get proper timing constraints. Without it, the Compiler will not properly optimize the design.
Warning (332060): Node: CLK was determined to be a clock but was found without an associated clock assignment.
Info: Found TIMEQUEST_REPORT_SCRIPT_INCLUDE_DEFAULT_ANALYSIS = ON
Info: Analyzing Slow Model
Info (332140): No fmax paths to report
Info (332140): No Setup paths to report
Info (332140): No Hold paths to report
Info (332140): No Recovery paths to report
Info (332140): No Removal paths to report
Info (332146): Worst-case minimum pulse width slack is 97.531
    Info (332119):     Slack End Point TNS Clock 
    Info (332119): ========= ============= =====================
    Info (332119):    97.531         0.000 altera_reserved_tck 
Info (332001): The selected device family is not supported by the report_metastability command.
Info: Analyzing Fast Model
Warning (332060): Node: CLK was determined to be a clock but was found without an associated clock assignment.
Info (332140): No Setup paths to report
Info (332140): No Hold paths to report
Info (332140): No Recovery paths to report
Info (332140): No Removal paths to report
Info (332146): Worst-case minimum pulse width slack is 97.778
    Info (332119):     Slack End Point TNS Clock 
    Info (332119): ========= ============= =====================
    Info (332119):    97.778         0.000 altera_reserved_tck 
Info (332001): The selected device family is not supported by the report_metastability command.
Info (332102): Design is not fully constrained for setup requirements
Info (332102): Design is not fully constrained for hold requirements
Info: Quartus II 64-Bit TimeQuest Timing Analyzer was successful. 0 errors, 4 warnings
    Info: Peak virtual memory: 567 megabytes
    Info: Processing ended: Mon Nov 20 13:19:54 2017
    Info: Elapsed time: 00:00:03
    Info: Total CPU time (on all processors): 00:00:02


